2013-01-17T04:58:55.426+0800: 2.649: [Full GC (System) 2.649: [CMS: 0K->4354K(2097152K), 0.1573600 secs] 201340K->4354K(3984640K), [CMS Perm : 14449K->14438K(98304K)], 0.1575100 secs] [Times: user=0.14 sys=0.02, real=0.16 secs] 
2013-01-17T04:59:20.415+0800: 27.638: [GC 27.638: [ParNew: 1677824K->35830K(1887488K), 0.0990230 secs] 1682178K->40185K(3984640K), 0.0991630 secs] [Times: user=0.23 sys=0.01, real=0.10 secs] 
2013-01-17T04:59:28.540+0800: 35.763: [GC 35.763: [ParNew: 1713654K->57699K(1887488K), 0.0772080 secs] 1718009K->62054K(3984640K), 0.0773670 secs] [Times: user=0.16 sys=0.06, real=0.07 secs] 
2013-01-17T05:22:26.775+0800: 1413.999: [GC 1413.999: [ParNew: 1735523K->88885K(1887488K), 0.1073940 secs] 1739878K->93240K(3984640K), 0.1075930 secs] [Times: user=0.35 sys=0.05, real=0.11 secs] 
2013-01-17T05:58:55.534+0800: 3602.758: [Full GC (System) 3602.758: [CMS: 4354K->81360K(2097152K), 0.9356280 secs] 1523474K->81360K(3984640K), [CMS Perm : 86565K->86459K(98304K)], 0.9360840 secs] [Times: user=0.87 sys=0.06, real=0.93 secs] 
2013-01-17T06:41:10.085+0800: 6137.309: [GC 6137.309: [ParNew: 1677824K->50230K(1887488K), 0.0026110 secs] 1759184K->131590K(3984640K), 0.0027290 secs] [Times: user=0.00 sys=0.00, real=0.00 secs] 
2013-01-17T06:58:56.466+0800: 7203.690: [Full GC (System) 7203.690: [CMS: 81360K->76712K(2097152K), 0.8453210 secs] 804182K->76712K(3984640K), [CMS Perm : 86519K->85717K(144100K)], 0.8454990 secs] [Times: user=0.84 sys=0.00, real=0.84 secs] 
2013-01-17T07:41:52.491+0800: 9779.714: [GC 9779.714: [ParNew: 1677824K->16795K(1887488K), 0.0053340 secs] 1754536K->93507K(3984640K), 0.0054960 secs] [Times: user=0.00 sys=0.00, real=0.01 secs] 
2013-01-17T07:58:57.312+0800: 10804.535: [Full GC (System) 10804.535: [CMS: 76712K->76714K(2097152K), 0.7752700 secs] 733208K->76714K(3984640K), [CMS Perm : 85749K->85747K(144100K)], 0.7754410 secs] [Times: user=0.77 sys=0.00, real=0.77 secs] 
2013-01-17T08:42:01.322+0800: 13388.546: [GC 13388.546: [ParNew: 1677824K->3192K(1887488K), 0.0025120 secs] 1754538K->79907K(3984640K), 0.0026280 secs] [Times: user=0.00 sys=0.00, real=0.00 secs] 
2013-01-17T08:58:58.081+0800: 14405.305: [Full GC (System) 14405.305: [CMS: 76714K->76714K(2097152K), 0.6469890 secs] 715948K->76714K(3984640K), [CMS Perm : 85768K->85767K(144100K)], 0.6471540 secs] [Times: user=0.65 sys=0.00, real=0.65 secs] 
2013-01-17T09:20:07.710+0800: 15674.933: [GC 15674.933: [ParNew: 1677824K->23670K(1887488K), 0.0284940 secs] 1754538K->100384K(3984640K), 0.0286870 secs] [Times: user=0.08 sys=0.00, real=0.02 secs] 
2013-01-17T09:58:58.722+0800: 18005.945: [Full GC (System) 18005.945: [CMS: 76714K->99512K(2097152K), 0.9477410 secs] 1553437K->99512K(3984640K), [CMS Perm : 87016K->87014K(144100K)], 0.9480050 secs] [Times: user=0.93 sys=0.02, real=0.94 secs] 
2013-01-17T10:39:25.021+0800: 20432.244: [GC 20432.244: [ParNew: 1677824K->17456K(1887488K), 0.0164180 secs] 1777336K->116968K(3984640K), 0.0166410 secs] [Times: user=0.06 sys=0.00, real=0.02 secs] 
2013-01-17T10:58:59.664+0800: 21606.887: [Full GC (System) 21606.887: [CMS: 99512K->109573K(2097152K), 0.9966670 secs] 923937K->109573K(3984640K), [CMS Perm : 93648K->93639K(145028K)], 0.9969640 secs] [Times: user=0.98 sys=0.02, real=1.00 secs] 
2013-01-17T11:39:30.976+0800: 24038.199: [GC 24038.199: [ParNew: 1677824K->24173K(1887488K), 0.0344440 secs] 1787397K->133746K(3984640K), 0.0346620 secs] [Times: user=0.12 sys=0.00, real=0.04 secs] 
2013-01-17T11:59:00.656+0800: 25207.880: [Full GC (System) 25207.880: [CMS: 109573K->109357K(2097152K), 0.9878930 secs] 893084K->109357K(3984640K), [CMS Perm : 94087K->94024K(156068K)], 0.9882030 secs] [Times: user=0.98 sys=0.00, real=0.99 secs] 
2013-01-17T12:39:50.744+0800: 27657.967: [GC 27657.967: [ParNew: 1677824K->19327K(1887488K), 0.0038070 secs] 1787181K->128684K(3984640K), 0.0039380 secs] [Times: user=0.00 sys=0.00, real=0.00 secs] 
2013-01-17T12:59:01.640+0800: 28808.864: [Full GC (System) 28808.864: [CMS: 109357K->109039K(2097152K), 0.9524660 secs] 884829K->109039K(3984640K), [CMS Perm : 94105K->93984K(156708K)], 0.9530630 secs] [Times: user=0.95 sys=0.00, real=0.95 secs] 
2013-01-17T13:39:33.248+0800: 31240.471: [GC 31240.471: [ParNew: 1677824K->5143K(1887488K), 0.0041120 secs] 1786863K->114183K(3984640K), 0.0042410 secs] [Times: user=0.00 sys=0.00, real=0.00 secs] 
2013-01-17T13:59:02.588+0800: 32409.811: [Full GC (System) 32409.811: [CMS: 109039K->109417K(2097152K), 0.9114270 secs] 890782K->109417K(3984640K), [CMS Perm : 94072K->94069K(156708K)], 0.9116620 secs] [Times: user=0.91 sys=0.00, real=0.90 secs] 
2013-01-17T14:39:30.758+0800: 34837.981: [GC 34837.981: [ParNew: 1677824K->5901K(1887488K), 0.0089780 secs] 1787241K->115318K(3984640K), 0.0091580 secs] [Times: user=0.01 sys=0.00, real=0.01 secs] 
2013-01-17T14:59:03.496+0800: 36010.719: [Full GC (System) 36010.719: [CMS: 109417K->109886K(2097152K), 0.9719840 secs] 923504K->109886K(3984640K), [CMS Perm : 94132K->94091K(156900K)], 0.9721750 secs] [Times: user=0.97 sys=0.00, real=0.97 secs] 
2013-01-17T15:39:31.118+0800: 38438.342: [GC 38438.342: [ParNew: 1677824K->26372K(1887488K), 0.0345030 secs] 1787710K->136259K(3984640K), 0.0347180 secs] [Times: user=0.13 sys=0.00, real=0.04 secs] 
2013-01-17T15:59:04.461+0800: 39611.685: [Full GC (System) 39611.685: [CMS: 109886K->110338K(2097152K), 0.9322690 secs] 911812K->110338K(3984640K), [CMS Perm : 94402K->94337K(156900K)], 0.9325120 secs] [Times: user=0.93 sys=0.00, real=0.93 secs] 
2013-01-17T16:39:31.123+0800: 42038.346: [GC 42038.346: [ParNew: 1677824K->38278K(1887488K), 0.0332810 secs] 1788162K->148617K(3984640K), 0.0335040 secs] [Times: user=0.11 sys=0.00, real=0.03 secs] 
2013-01-17T16:59:05.389+0800: 43212.612: [Full GC (System) 43212.612: [CMS: 110338K->110339K(2097152K), 0.9802800 secs] 947982K->110339K(3984640K), [CMS Perm : 94455K->94330K(157232K)], 0.9805130 secs] [Times: user=0.97 sys=0.00, real=0.98 secs] 
2013-01-17T17:39:31.039+0800: 45638.262: [GC 45638.263: [ParNew: 1677824K->22089K(1887488K), 0.0288970 secs] 1788163K->132429K(3984640K), 0.0291300 secs] [Times: user=0.06 sys=0.00, real=0.04 secs] 
2013-01-17T17:59:06.364+0800: 46813.587: [Full GC (System) 46813.587: [CMS: 110339K->110036K(2097152K), 0.9486590 secs] 917257K->110036K(3984640K), [CMS Perm : 94349K->94299K(157232K)], 0.9488460 secs] [Times: user=0.94 sys=0.00, real=0.95 secs] 
2013-01-17T18:39:31.213+0800: 49238.436: [GC 49238.437: [ParNew: 1677824K->38941K(1887488K), 0.0631630 secs] 1787860K->148977K(3984640K), 0.0633630 secs] [Times: user=0.10 sys=0.00, real=0.07 secs] 
2013-01-17T18:59:07.308+0800: 50414.531: [Full GC (System) 50414.531: [CMS: 110036K->110276K(2097152K), 1.0093220 secs] 959476K->110276K(3984640K), [CMS Perm : 94324K->94308K(157232K)], 1.0095390 secs] [Times: user=1.01 sys=0.00, real=1.00 secs] 
2013-01-17T19:39:00.823+0800: 52808.047: [GC 52808.047: [ParNew: 1677824K->22604K(1887488K), 0.0128770 secs] 1788100K->132880K(3984640K), 0.0130000 secs] [Times: user=0.01 sys=0.00, real=0.01 secs] 
2013-01-17T19:59:08.315+0800: 54015.539: [Full GC (System) 54015.539: [CMS: 110276K->110384K(2097152K), 0.9378440 secs] 947604K->110384K(3984640K), [CMS Perm : 94475K->94448K(157232K)], 0.9381320 secs] [Times: user=0.93 sys=0.00, real=0.94 secs] 
2013-01-17T20:39:46.361+0800: 56453.584: [GC 56453.585: [ParNew: 1677824K->3025K(1887488K), 0.0056960 secs] 1788208K->113410K(3984640K), 0.0058210 secs] [Times: user=0.02 sys=0.00, real=0.01 secs] 
2013-01-17T20:59:09.247+0800: 57616.470: [Full GC (System) 57616.470: [CMS: 110384K->109958K(2097152K), 0.9470430 secs] 850212K->109958K(3984640K), [CMS Perm : 94460K->94314K(157424K)], 0.9472340 secs] [Times: user=0.94 sys=0.00, real=0.95 secs] 
2013-01-17T21:39:57.810+0800: 60065.033: [GC 60065.033: [ParNew: 1677824K->3081K(1887488K), 0.0049240 secs] 1787782K->113040K(3984640K), 0.0050600 secs] [Times: user=0.00 sys=0.00, real=0.01 secs] 
2013-01-17T21:59:10.188+0800: 61217.411: [Full GC (System) 61217.411: [CMS: 109958K->109580K(2097152K), 0.9440860 secs] 852015K->109580K(3984640K), [CMS Perm : 94320K->94164K(157424K)], 0.9442700 secs] [Times: user=0.94 sys=0.00, real=0.94 secs] 
2013-01-17T22:40:11.359+0800: 63678.583: [GC 63678.583: [ParNew: 1677824K->3824K(1887488K), 0.0115030 secs] 1787404K->113405K(3984640K), 0.0116350 secs] [Times: user=0.01 sys=0.00, real=0.01 secs] 
2013-01-17T22:59:11.128+0800: 64818.351: [Full GC (System) 64818.351: [CMS: 109580K->109696K(2097152K), 0.9190590 secs] 835639K->109696K(3984640K), [CMS Perm : 94211K->94209K(157424K)], 0.9192740 secs] [Times: user=0.92 sys=0.00, real=0.92 secs] 
2013-01-17T23:40:23.219+0800: 67290.442: [GC 67290.443: [ParNew: 1677824K->1256K(1887488K), 0.0037590 secs] 1787520K->110952K(3984640K), 0.0038850 secs] [Times: user=0.00 sys=0.00, real=0.00 secs] 
2013-01-17T23:59:12.040+0800: 68419.264: [Full GC (System) 68419.264: [CMS: 109696K->109154K(2097152K), 0.8451620 secs] 828028K->109154K(3984640K), [CMS Perm : 94223K->94213K(157424K)], 0.8454010 secs] [Times: user=0.84 sys=0.00, real=0.84 secs] 
2013-01-18T00:39:44.648+0800: 70851.871: [GC 70851.871: [ParNew: 1677824K->3145K(1887488K), 0.0047610 secs] 1786978K->112300K(3984640K), 0.0049320 secs] [Times: user=0.00 sys=0.00, real=0.00 secs] 
2013-01-18T00:59:12.884+0800: 72020.108: [Full GC (System) 72020.108: [CMS: 109154K->110037K(2097152K), 0.9442270 secs] 854586K->110037K(3984640K), [CMS Perm : 94445K->94439K(157424K)], 0.9444170 secs] [Times: user=0.94 sys=0.00, real=0.94 secs] 
2013-01-18T01:40:36.926+0800: 74504.149: [GC 74504.149: [ParNew: 1677824K->2615K(1887488K), 0.0040500 secs] 1787861K->112652K(3984640K), 0.0041790 secs] [Times: user=0.00 sys=0.00, real=0.00 secs] 
2013-01-18T01:59:13.822+0800: 75621.045: [Full GC (System) 75621.045: [CMS: 110037K->109590K(2097152K), 0.9847340 secs] 826369K->109590K(3984640K), [CMS Perm : 94444K->94240K(157424K)], 0.9849650 secs] [Times: user=0.98 sys=0.00, real=0.98 secs] 
2013-01-18T02:39:59.464+0800: 78066.687: [GC 78066.688: [ParNew: 1677824K->3979K(1887488K), 0.0053770 secs] 1787414K->113569K(3984640K), 0.0055620 secs] [Times: user=0.00 sys=0.00, real=0.01 secs] 
2013-01-18T02:59:14.803+0800: 79222.026: [Full GC (System) 79222.026: [CMS: 109590K->109740K(2097152K), 0.9235920 secs] 855842K->109740K(3984640K), [CMS Perm : 94288K->94286K(157424K)], 0.9237770 secs] [Times: user=0.92 sys=0.00, real=0.92 secs] 
2013-01-18T03:40:36.068+0800: 81703.292: [GC 81703.292: [ParNew: 1677824K->2887K(1887488K), 0.0062840 secs] 1787564K->112627K(3984640K), 0.0064490 secs] [Times: user=0.00 sys=0.01, real=0.01 secs] 
2013-01-18T03:59:15.722+0800: 82822.946: [Full GC (System) 82822.946: [CMS: 109740K->110223K(2097152K), 0.9267310 secs] 829352K->110223K(3984640K), [CMS Perm : 94288K->94259K(157424K)], 0.9269390 secs] [Times: user=0.92 sys=0.00, real=0.93 secs] 
2013-01-18T04:40:15.583+0800: 85282.807: [GC 85282.807: [ParNew: 1677824K->2259K(1887488K), 0.0071020 secs] 1788047K->112483K(3984640K), 0.0072240 secs] [Times: user=0.00 sys=0.00, real=0.01 secs] 
2013-01-18T04:59:16.644+0800: 86423.868: [Full GC (System) 86423.868: [CMS: 110223K->110270K(2097152K), 0.9378830 secs] 838317K->110270K(3984640K), [CMS Perm : 94290K->94289K(157424K)], 0.9381040 secs] [Times: user=0.92 sys=0.00, real=0.93 secs] 
2013-01-18T05:40:36.460+0800: 88903.684: [GC 88903.684: [ParNew: 1677824K->2599K(1887488K), 0.0079410 secs] 1788094K->112869K(3984640K), 0.0080620 secs] [Times: user=0.00 sys=0.00, real=0.01 secs] 
2013-01-18T05:59:17.575+0800: 90024.799: [Full GC (System) 90024.799: [CMS: 110270K->109711K(2097152K), 0.9280520 secs] 826309K->109711K(3984640K), [CMS Perm : 94298K->94268K(157424K)], 0.9282470 secs] [Times: user=0.92 sys=0.00, real=0.93 secs] 
2013-01-18T06:40:37.761+0800: 92504.984: [GC 92504.984: [ParNew: 1677824K->2356K(1887488K), 0.0046910 secs] 1787535K->112067K(3984640K), 0.0048580 secs] [Times: user=0.00 sys=0.00, real=0.00 secs] 
2013-01-18T06:59:18.497+0800: 93625.721: [Full GC (System) 93625.721: [CMS: 109711K->110220K(2097152K), 0.8895740 secs] 825373K->110220K(3984640K), [CMS Perm : 94270K->94269K(157424K)], 0.8897920 secs] [Times: user=0.88 sys=0.00, real=0.88 secs] 
2013-01-18T07:40:44.778+0800: 96112.001: [GC 96112.001: [ParNew: 1677824K->2473K(1887488K), 0.0062090 secs] 1788044K->112694K(3984640K), 0.0063670 secs] [Times: user=0.01 sys=0.00, real=0.00 secs] 
2013-01-18T07:59:19.382+0800: 97226.606: [Full GC (System) 97226.606: [CMS: 110220K->110220K(2097152K), 0.8277710 secs] 826099K->110220K(3984640K), [CMS Perm : 94278K->94277K(157424K)], 0.8279560 secs] [Times: user=0.83 sys=0.00, real=0.82 secs] 
2013-01-18T08:40:56.487+0800: 99723.710: [GC 99723.710: [ParNew: 1677824K->1884K(1887488K), 0.0048510 secs] 1788044K->112105K(3984640K), 0.0049750 secs] [Times: user=0.00 sys=0.00, real=0.00 secs] 
2013-01-18T08:59:20.204+0800: 100827.428: [Full GC (System) 100827.428: [CMS: 110220K->109687K(2097152K), 0.8323300 secs] 822457K->109687K(3984640K), [CMS Perm : 94300K->94298K(157424K)], 0.8325510 secs] [Times: user=0.83 sys=0.00, real=0.83 secs] 
2013-01-18T09:40:18.385+0800: 103285.609: [GC 103285.609: [ParNew: 1677824K->2468K(1887488K), 0.0067240 secs] 1787511K->112155K(3984640K), 0.0068900 secs] [Times: user=0.00 sys=0.00, real=0.00 secs] 
2013-01-18T09:59:21.031+0800: 104428.254: [Full GC (System) 104428.254: [CMS: 109687K->111107K(2097152K), 0.9371770 secs] 850694K->111107K(3984640K), [CMS Perm : 94524K->94521K(157424K)], 0.9374220 secs] [Times: user=0.94 sys=0.00, real=0.93 secs] 
2013-01-18T10:39:31.462+0800: 106838.685: [GC 106838.685: [ParNew: 1677824K->10906K(1887488K), 0.0325000 secs] 1788931K->122014K(3984640K), 0.0327170 secs] [Times: user=0.03 sys=0.00, real=0.03 secs] 
2013-01-18T10:59:21.964+0800: 108029.187: [Full GC (System) 108029.187: [CMS: 111107K->111075K(2097152K), 0.9534930 secs] 926881K->111075K(3984640K), [CMS Perm : 94663K->94652K(157616K)], 0.9537790 secs] [Times: user=0.94 sys=0.00, real=0.95 secs] 
2013-01-18T11:39:58.267+0800: 110465.491: [GC 110465.491: [ParNew: 1677824K->8062K(1887488K), 0.0044070 secs] 1788899K->119137K(3984640K), 0.0045660 secs] [Times: user=0.00 sys=0.00, real=0.00 secs] 
2013-01-18T11:59:22.913+0800: 111630.137: [Full GC (System) 111630.137: [CMS: 111075K->110565K(2097152K), 0.9598520 secs] 873650K->110565K(3984640K), [CMS Perm : 94735K->94567K(157808K)], 0.9601350 secs] [Times: user=0.96 sys=0.00, real=0.96 secs] 
2013-01-18T12:39:56.963+0800: 114064.187: [GC 114064.187: [ParNew: 1677824K->3879K(1887488K), 0.0101150 secs] 1788389K->114444K(3984640K), 0.0102880 secs] [Times: user=0.01 sys=0.00, real=0.01 secs] 
2013-01-18T12:59:23.865+0800: 115231.089: [Full GC (System) 115231.089: [CMS: 110565K->110731K(2097152K), 0.8372160 secs] 860440K->110731K(3984640K), [CMS Perm : 94569K->94519K(157808K)], 0.8374000 secs] [Times: user=0.82 sys=0.00, real=0.83 secs] 
2013-01-18T13:39:57.037+0800: 117664.261: [GC 117664.261: [ParNew: 1677824K->2721K(1887488K), 0.0063580 secs] 1788555K->113452K(3984640K), 0.0065190 secs] [Times: user=0.00 sys=0.00, real=0.00 secs] 
2013-01-18T13:59:24.699+0800: 118831.923: [Full GC (System) 118831.923: [CMS: 110731K->110311K(2097152K), 0.8872590 secs] 873300K->110311K(3984640K), [CMS Perm : 94539K->94375K(157808K)], 0.8874500 secs] [Times: user=0.88 sys=0.00, real=0.89 secs] 
2013-01-18T14:21:57.575+0800: 120184.798: [GC 120184.798: [ParNew: 1677824K->12023K(1887488K), 0.0601010 secs] 1788135K->122334K(3984640K), 0.0603240 secs] [Times: user=0.06 sys=0.00, real=0.06 secs] 
2013-01-18T14:59:25.582+0800: 122432.806: [Full GC (System) 122432.806: [CMS: 110311K->111292K(2097152K), 1.0924260 secs] 1629408K->111292K(3984640K), [CMS Perm : 94835K->94826K(157808K)], 1.0927420 secs] [Times: user=1.09 sys=0.00, real=1.09 secs] 
2013-01-18T15:39:50.442+0800: 124857.665: [GC 124857.665: [ParNew: 1677824K->3930K(1887488K), 0.0072720 secs] 1789116K->115222K(3984640K), 0.0074460 secs] [Times: user=0.01 sys=0.00, real=0.01 secs] 
2013-01-18T15:51:16.489+0800: 125543.712: [GC 125543.712: [ParNew: 1681754K->18955K(1887488K), 0.0992260 secs] 1793046K->130247K(3984640K), 0.0994400 secs] [Times: user=0.11 sys=0.00, real=0.10 secs] 
2013-01-18T15:59:26.669+0800: 126033.893: [Full GC (System) 126033.893: [CMS: 111292K->110614K(2097152K), 0.8950930 secs] 435066K->110614K(3984640K), [CMS Perm : 94842K->94571K(158048K)], 0.8952800 secs] [Times: user=0.89 sys=0.00, real=0.89 secs] 
2013-01-18T16:39:55.861+0800: 128463.084: [GC 128463.085: [ParNew: 1677824K->3774K(1887488K), 0.0042900 secs] 1788438K->114389K(3984640K), 0.0044300 secs] [Times: user=0.01 sys=0.00, real=0.00 secs] 
2013-01-18T16:59:27.559+0800: 129634.782: [Full GC (System) 129634.783: [CMS: 110614K->111085K(2097152K), 0.9913310 secs] 890404K->111085K(3984640K), [CMS Perm : 94856K->94852K(158048K)], 0.9916350 secs] [Times: user=0.99 sys=0.00, real=0.99 secs] 
2013-01-18T17:40:09.625+0800: 132076.849: [GC 132076.849: [ParNew: 1677824K->1581K(1887488K), 0.0032470 secs] 1788909K->112666K(3984640K), 0.0033850 secs] [Times: user=0.00 sys=0.00, real=0.00 secs] 
2013-01-18T17:59:28.546+0800: 133235.770: [Full GC (System) 133235.770: [CMS: 111085K->110578K(2097152K), 0.9684810 secs] 852428K->110578K(3984640K), [CMS Perm : 94867K->94817K(158240K)], 0.9686710 secs] [Times: user=0.96 sys=0.00, real=0.96 secs] 
2013-01-18T18:40:09.590+0800: 135676.814: [GC 135676.814: [ParNew: 1677824K->1412K(1887488K), 0.0035500 secs] 1788402K->111990K(3984640K), 0.0036830 secs] [Times: user=0.01 sys=0.00, real=0.01 secs] 
2013-01-18T18:59:29.510+0800: 136836.733: [Full GC (System) 136836.734: [CMS: 110578K->110434K(2097152K), 0.9034010 secs] 882122K->110434K(3984640K), [CMS Perm : 94822K->94712K(158240K)], 0.9036000 secs] [Times: user=0.90 sys=0.00, real=0.91 secs] 
2013-01-18T19:40:11.300+0800: 139278.523: [GC 139278.523: [ParNew: 1677824K->1375K(1887488K), 0.0037780 secs] 1788258K->111810K(3984640K), 0.0039130 secs] [Times: user=0.00 sys=0.00, real=0.00 secs] 
2013-01-18T19:59:30.409+0800: 140437.632: [Full GC (System) 140437.632: [CMS: 110434K->110465K(2097152K), 0.8364500 secs] 854299K->110465K(3984640K), [CMS Perm : 94713K->94631K(158240K)], 0.8366530 secs] [Times: user=0.83 sys=0.00, real=0.84 secs] 
2013-01-18T20:40:31.427+0800: 142898.650: [GC 142898.650: [ParNew: 1677824K->964K(1887488K), 0.0029610 secs] 1788289K->111430K(3984640K), 0.0030910 secs] [Times: user=0.01 sys=0.00, real=0.00 secs] 
2013-01-18T20:59:31.240+0800: 144038.463: [Full GC (System) 144038.463: [CMS: 110465K->110064K(2097152K), 0.8375560 secs] 848086K->110064K(3984640K), [CMS Perm : 94633K->94541K(158240K)], 0.8377470 secs] [Times: user=0.83 sys=0.00, real=0.84 secs] 
2013-01-18T21:40:11.641+0800: 146478.865: [GC 146478.865: [ParNew: 1677824K->1626K(1887488K), 0.0039360 secs] 1787888K->111690K(3984640K), 0.0040720 secs] [Times: user=0.01 sys=0.00, real=0.00 secs] 
2013-01-18T21:59:32.071+0800: 147639.294: [Full GC (System) 147639.295: [CMS: 110064K->110327K(2097152K), 0.8561660 secs] 846625K->110327K(3984640K), [CMS Perm : 94578K->94576K(158240K)], 0.8563910 secs] [Times: user=0.85 sys=0.00, real=0.85 secs] 
2013-01-18T22:39:58.843+0800: 150066.066: [GC 150066.067: [ParNew: 1677824K->1476K(1887488K), 0.0031630 secs] 1788151K->111804K(3984640K), 0.0033000 secs] [Times: user=0.00 sys=0.00, real=0.00 secs] 
2013-01-18T22:59:32.923+0800: 151240.147: [Full GC (System) 151240.147: [CMS: 110327K->110334K(2097152K), 0.8443190 secs] 871208K->110334K(3984640K), [CMS Perm : 94578K->94542K(158240K)], 0.8445160 secs] [Times: user=0.85 sys=0.00, real=0.84 secs] 
2013-01-18T23:40:32.523+0800: 153699.746: [GC 153699.746: [ParNew: 1677824K->1449K(1887488K), 0.0034150 secs] 1788158K->111783K(3984640K), 0.0035580 secs] [Times: user=0.00 sys=0.00, real=0.01 secs] 
2013-01-18T23:59:33.763+0800: 154840.987: [Full GC (System) 154840.987: [CMS: 110334K->110099K(2097152K), 0.9192820 secs] 842154K->110099K(3984640K), [CMS Perm : 94560K->94559K(158240K)], 0.9194770 secs] [Times: user=0.91 sys=0.00, real=0.92 secs] 
2013-01-19T00:40:26.409+0800: 157293.632: [GC 157293.632: [ParNew: 1677824K->1638K(1887488K), 0.0043200 secs] 1787923K->111738K(3984640K), 0.0044550 secs] [Times: user=0.01 sys=0.00, real=0.00 secs] 
2013-01-19T00:59:34.677+0800: 158441.900: [Full GC (System) 158441.900: [CMS: 110099K->110344K(2097152K), 0.8718840 secs] 859634K->110344K(3984640K), [CMS Perm : 94613K->94612K(158240K)], 0.8721120 secs] [Times: user=0.87 sys=0.00, real=0.87 secs] 
2013-01-19T01:40:15.298+0800: 160882.521: [GC 160882.521: [ParNew: 1677824K->1991K(1887488K), 0.0031530 secs] 1788168K->112336K(3984640K), 0.0032960 secs] [Times: user=0.00 sys=0.00, real=0.00 secs] 
2013-01-19T01:59:35.544+0800: 162042.768: [Full GC (System) 162042.768: [CMS: 110344K->110336K(2097152K), 0.8594080 secs] 861883K->110336K(3984640K), [CMS Perm : 94613K->94559K(158240K)], 0.8596070 secs] [Times: user=0.85 sys=0.00, real=0.86 secs] 
2013-01-19T02:40:10.504+0800: 164477.728: [GC 164477.728: [ParNew: 1677824K->2466K(1887488K), 0.0055200 secs] 1788160K->112802K(3984640K), 0.0056640 secs] [Times: user=0.00 sys=0.00, real=0.01 secs] 
2013-01-19T02:59:36.397+0800: 165643.620: [Full GC (System) 165643.620: [CMS: 110336K->110214K(2097152K), 1.0224300 secs] 862080K->110214K(3984640K), [CMS Perm : 94615K->94614K(158240K)], 1.0226240 secs] [Times: user=1.03 sys=0.00, real=1.02 secs] 
2013-01-19T03:40:15.831+0800: 168083.054: [GC 168083.055: [ParNew: 1677824K->1821K(1887488K), 0.0037840 secs] 1788038K->112036K(3984640K), 0.0039170 secs] [Times: user=0.01 sys=0.00, real=0.00 secs] 
2013-01-19T03:59:37.413+0800: 169244.636: [Full GC (System) 169244.636: [CMS: 110214K->110475K(2097152K), 0.8488110 secs] 864309K->110475K(3984640K), [CMS Perm : 94665K->94617K(158240K)], 0.8489970 secs] [Times: user=0.85 sys=0.00, real=0.84 secs] 
2013-01-19T04:40:16.594+0800: 171683.817: [GC 171683.817: [ParNew: 1677824K->1451K(1887488K), 0.0034340 secs] 1788299K->111927K(3984640K), 0.0035700 secs] [Times: user=0.01 sys=0.00, real=0.01 secs] 
2013-01-19T04:59:38.256+0800: 172845.479: [Full GC (System) 172845.480: [CMS: 110475K->110495K(2097152K), 0.8820170 secs] 873827K->110495K(3984640K), [CMS Perm : 94619K->94607K(158240K)], 0.8822410 secs] [Times: user=0.88 sys=0.00, real=0.88 secs] 
2013-01-19T05:40:14.451+0800: 175281.675: [GC 175281.675: [ParNew: 1677824K->1351K(1887488K), 0.0030470 secs] 1788319K->111847K(3984640K), 0.0031930 secs] [Times: user=0.00 sys=0.00, real=0.01 secs] 
2013-01-19T05:59:39.134+0800: 176446.358: [Full GC (System) 176446.358: [CMS: 110495K->110090K(2097152K), 0.9604820 secs] 860617K->110090K(3984640K), [CMS Perm : 94608K->94560K(158240K)], 0.9607220 secs] [Times: user=0.96 sys=0.00, real=0.96 secs] 
2013-01-19T06:40:19.339+0800: 178886.562: [GC 178886.562: [ParNew: 1677824K->1470K(1887488K), 0.0032890 secs] 1787914K->111560K(3984640K), 0.0034230 secs] [Times: user=0.00 sys=0.00, real=0.01 secs] 
2013-01-19T06:59:40.092+0800: 180047.315: [Full GC (System) 180047.315: [CMS: 110090K->110218K(2097152K), 0.8355030 secs] 858279K->110218K(3984640K), [CMS Perm : 94561K->94560K(158240K)], 0.8356930 secs] [Times: user=0.82 sys=0.00, real=0.84 secs] 
2013-01-19T07:40:15.993+0800: 182483.216: [GC 182483.216: [ParNew: 1677824K->1313K(1887488K), 0.0030760 secs] 1788042K->111532K(3984640K), 0.0032050 secs] [Times: user=0.00 sys=0.00, real=0.01 secs] 
2013-01-19T07:59:40.923+0800: 183648.146: [Full GC (System) 183648.147: [CMS: 110218K->110336K(2097152K), 0.8338440 secs] 861366K->110336K(3984640K), [CMS Perm : 94561K->94560K(158240K)], 0.8340310 secs] [Times: user=0.83 sys=0.00, real=0.83 secs] 
2013-01-19T08:40:15.814+0800: 186083.038: [GC 186083.038: [ParNew: 1677824K->949K(1887488K), 0.0029200 secs] 1788160K->111286K(3984640K), 0.0030630 secs] [Times: user=0.00 sys=0.00, real=0.00 secs] 
2013-01-19T08:59:41.752+0800: 187248.976: [Full GC (System) 187248.976: [CMS: 110336K->110071K(2097152K), 0.8311610 secs] 860186K->110071K(3984640K), [CMS Perm : 94561K->94560K(158240K)], 0.8313490 secs] [Times: user=0.82 sys=0.00, real=0.84 secs] 
2013-01-19T09:40:17.901+0800: 189685.124: [GC 189685.124: [ParNew: 1677824K->1458K(1887488K), 0.0033610 secs] 1787895K->111530K(3984640K), 0.0034930 secs] [Times: user=0.01 sys=0.00, real=0.00 secs] 
2013-01-19T09:59:42.576+0800: 190849.800: [Full GC (System) 190849.800: [CMS: 110071K->110218K(2097152K), 0.8921410 secs] 859632K->110218K(3984640K), [CMS Perm : 94561K->94560K(158240K)], 0.8923410 secs] [Times: user=0.88 sys=0.00, real=0.88 secs] 
2013-01-19T10:40:18.526+0800: 193285.749: [GC 193285.750: [ParNew: 1677824K->1665K(1887488K), 0.0034770 secs] 1788042K->111883K(3984640K), 0.0036590 secs] [Times: user=0.00 sys=0.00, real=0.01 secs] 
2013-01-19T10:59:43.461+0800: 194450.685: [Full GC (System) 194450.685: [CMS: 110218K->110336K(2097152K), 0.8381350 secs] 862173K->110336K(3984640K), [CMS Perm : 94561K->94560K(158240K)], 0.8383540 secs] [Times: user=0.83 sys=0.00, real=0.84 secs] 
2013-01-19T11:40:19.374+0800: 196886.597: [GC 196886.597: [ParNew: 1677824K->1154K(1887488K), 0.0035890 secs] 1788160K->111491K(3984640K), 0.0037390 secs] [Times: user=0.00 sys=0.00, real=0.01 secs] 
2013-01-19T11:59:44.295+0800: 198051.519: [Full GC (System) 198051.519: [CMS: 110336K->110274K(2097152K), 0.8487780 secs] 860538K->110274K(3984640K), [CMS Perm : 94616K->94614K(158240K)], 0.8489690 secs] [Times: user=0.85 sys=0.00, real=0.85 secs] 
2013-01-19T12:40:19.894+0800: 200487.118: [GC 200487.118: [ParNew: 1677824K->1529K(1887488K), 0.0031450 secs] 1788098K->111804K(3984640K), 0.0033020 secs] [Times: user=0.00 sys=0.00, real=0.00 secs] 
2013-01-19T12:59:45.140+0800: 201652.364: [Full GC (System) 201652.364: [CMS: 110274K->110363K(2097152K), 0.9127730 secs] 860195K->110363K(3984640K), [CMS Perm : 94631K->94601K(158240K)], 0.9129610 secs] [Times: user=0.91 sys=0.00, real=0.91 secs] 
2013-01-19T13:40:19.978+0800: 204087.202: [GC 204087.202: [ParNew: 1677824K->1452K(1887488K), 0.0032890 secs] 1788187K->111815K(3984640K), 0.0034250 secs] [Times: user=0.01 sys=0.00, real=0.00 secs] 
2013-01-19T13:59:46.048+0800: 205253.271: [Full GC (System) 205253.271: [CMS: 110363K->110681K(2097152K), 0.8432890 secs] 866959K->110681K(3984640K), [CMS Perm : 94674K->94667K(158240K)], 0.8434770 secs] [Times: user=0.84 sys=0.00, real=0.85 secs] 
2013-01-19T14:36:46.806+0800: 207474.030: [GC 207474.030: [ParNew: 1677824K->1535K(1887488K), 0.0037130 secs] 1788505K->112216K(3984640K), 0.0038500 secs] [Times: user=0.01 sys=0.00, real=0.00 secs] 
2013-01-19T14:37:11.878+0800: 207499.102: [GC 207499.102: [ParNew: 1679359K->2270K(1887488K), 0.0062050 secs] 1790040K->112952K(3984640K), 0.0063730 secs] [Times: user=0.01 sys=0.00, real=0.01 secs] 
2013-01-19T14:37:41.980+0800: 207529.204: [GC 207529.204: [ParNew: 1680094K->2115K(1887488K), 0.0062650 secs] 1790776K->112796K(3984640K), 0.0064290 secs] [Times: user=0.00 sys=0.00, real=0.00 secs] 
2013-01-19T14:38:07.299+0800: 207554.522: [GC 207554.522: [ParNew: 1679939K->2179K(1887488K), 0.0071970 secs] 1790620K->112860K(3984640K), 0.0073620 secs] [Times: user=0.01 sys=0.00, real=0.00 secs] 
2013-01-19T14:38:32.367+0800: 207579.590: [GC 207579.590: [ParNew: 1680003K->1831K(1887488K), 0.0113460 secs] 1790684K->113272K(3984640K), 0.0115360 secs] [Times: user=0.01 sys=0.00, real=0.01 secs] 
2013-01-19T14:39:02.688+0800: 207609.911: [GC 207609.911: [ParNew: 1679655K->1233K(1887488K), 0.0063260 secs] 1791096K->112674K(3984640K), 0.0065070 secs] [Times: user=0.00 sys=0.00, real=0.01 secs] 
2013-01-19T14:39:27.879+0800: 207635.103: [GC 207635.103: [ParNew: 1679057K->1032K(1887488K), 0.0064460 secs] 1790498K->112473K(3984640K), 0.0066160 secs] [Times: user=0.01 sys=0.00, real=0.01 secs] 
2013-01-19T14:39:52.954+0800: 207660.177: [GC 207660.177: [ParNew: 1678856K->912K(1887488K), 0.0066320 secs] 1790297K->112354K(3984640K), 0.0067920 secs] [Times: user=0.02 sys=0.00, real=0.00 secs] 
2013-01-19T14:40:22.952+0800: 207690.176: [GC 207690.176: [ParNew: 1678736K->1093K(1887488K), 0.0066560 secs] 1790178K->112534K(3984640K), 0.0068250 secs] [Times: user=0.01 sys=0.00, real=0.01 secs] 
2013-01-19T14:40:47.958+0800: 207715.181: [GC 207715.181: [ParNew: 1678917K->1045K(1887488K), 0.0069830 secs] 1790358K->112486K(3984640K), 0.0071450 secs] [Times: user=0.01 sys=0.00, real=0.01 secs] 
2013-01-19T14:41:18.096+0800: 207745.319: [GC 207745.320: [ParNew: 1678869K->1079K(1887488K), 0.0061580 secs] 1790310K->112520K(3984640K), 0.0063360 secs] [Times: user=0.01 sys=0.00, real=0.01 secs] 
2013-01-19T14:41:43.263+0800: 207770.486: [GC 207770.486: [ParNew: 1678903K->1144K(1887488K), 0.0072050 secs] 1790344K->112610K(3984640K), 0.0073730 secs] [Times: user=0.01 sys=0.00, real=0.00 secs] 
2013-01-19T14:42:08.383+0800: 207795.606: [GC 207795.606: [ParNew: 1678968K->1111K(1887488K), 0.0068740 secs] 1790434K->112587K(3984640K), 0.0070410 secs] [Times: user=0.01 sys=0.00, real=0.00 secs] 
2013-01-19T14:42:33.098+0800: 207820.321: [GC 207820.321: [ParNew: 1678935K->1021K(1887488K), 0.0063870 secs] 1790411K->112497K(3984640K), 0.0065640 secs] [Times: user=0.01 sys=0.00, real=0.00 secs] 
2013-01-19T14:43:03.023+0800: 207850.247: [GC 207850.247: [ParNew: 1678845K->1043K(1887488K), 0.0061950 secs] 1790321K->112519K(3984640K), 0.0063730 secs] [Times: user=0.01 sys=0.00, real=0.01 secs] 
2013-01-19T14:43:28.062+0800: 207875.285: [GC 207875.285: [ParNew: 1678867K->1172K(1887488K), 0.0066860 secs] 1790343K->112648K(3984640K), 0.0068640 secs] [Times: user=0.01 sys=0.00, real=0.01 secs] 
2013-01-19T14:43:52.831+0800: 207900.055: [GC 207900.055: [ParNew: 1678996K->1045K(1887488K), 0.0065400 secs] 1790472K->112522K(3984640K), 0.0066990 secs] [Times: user=0.01 sys=0.00, real=0.01 secs] 
2013-01-19T14:44:22.584+0800: 207929.807: [GC 207929.808: [ParNew: 1678869K->1144K(1887488K), 0.0061710 secs] 1790346K->112620K(3984640K), 0.0063410 secs] [Times: user=0.01 sys=0.00, real=0.00 secs] 
2013-01-19T14:44:47.457+0800: 207954.681: [GC 207954.681: [ParNew: 1678968K->1142K(1887488K), 0.0063580 secs] 1790444K->112619K(3984640K), 0.0065310 secs] [Times: user=0.02 sys=0.00, real=0.01 secs] 
2013-01-19T14:45:19.337+0800: 207986.561: [GC 207986.561: [ParNew: 1678966K->1092K(1887488K), 0.0066440 secs] 1790443K->112569K(3984640K), 0.0068120 secs] [Times: user=0.01 sys=0.00, real=0.01 secs] 
2013-01-19T14:45:44.242+0800: 208011.465: [GC 208011.465: [ParNew: 1678916K->1075K(1887488K), 0.0065340 secs] 1790393K->112552K(3984640K), 0.0066920 secs] [Times: user=0.01 sys=0.00, real=0.00 secs] 
2013-01-19T14:46:08.896+0800: 208036.120: [GC 208036.120: [ParNew: 1678899K->1069K(1887488K), 0.0064110 secs] 1790376K->112546K(3984640K), 0.0065890 secs] [Times: user=0.01 sys=0.00, real=0.01 secs] 
2013-01-19T14:46:38.735+0800: 208065.958: [GC 208065.959: [ParNew: 1678893K->1013K(1887488K), 0.0068040 secs] 1790370K->112509K(3984640K), 0.0069670 secs] [Times: user=0.00 sys=0.00, real=0.01 secs] 
2013-01-19T14:47:03.308+0800: 208090.531: [GC 208090.531: [ParNew: 1678837K->984K(1887488K), 0.0062630 secs] 1790333K->112480K(3984640K), 0.0064470 secs] [Times: user=0.01 sys=0.00, real=0.00 secs] 
2013-01-19T14:47:29.796+0800: 208117.019: [GC 208117.019: [ParNew: 1678808K->1015K(1887488K), 0.0063520 secs] 1790304K->112521K(3984640K), 0.0065310 secs] [Times: user=0.01 sys=0.00, real=0.00 secs] 
2013-01-19T14:47:59.321+0800: 208146.544: [GC 208146.544: [ParNew: 1678839K->1095K(1887488K), 0.0068890 secs] 1790345K->112601K(3984640K), 0.0070680 secs] [Times: user=0.01 sys=0.00, real=0.01 secs] 
2013-01-19T14:48:23.753+0800: 208170.977: [GC 208170.977: [ParNew: 1678919K->1053K(1887488K), 0.0067040 secs] 1790425K->112560K(3984640K), 0.0068710 secs] [Times: user=0.01 sys=0.00, real=0.00 secs] 
2013-01-19T14:48:48.138+0800: 208195.361: [GC 208195.361: [ParNew: 1678877K->1051K(1887488K), 0.0068840 secs] 1790384K->112558K(3984640K), 0.0070550 secs] [Times: user=0.00 sys=0.00, real=0.01 secs] 
2013-01-19T14:49:12.641+0800: 208219.864: [GC 208219.865: [ParNew: 1678875K->1129K(1887488K), 0.0065850 secs] 1790382K->112636K(3984640K), 0.0067640 secs] [Times: user=0.01 sys=0.01, real=0.01 secs] 
2013-01-19T14:49:37.087+0800: 208244.310: [GC 208244.310: [ParNew: 1678953K->1067K(1887488K), 0.0076070 secs] 1790460K->112574K(3984640K), 0.0077730 secs] [Times: user=0.01 sys=0.00, real=0.01 secs] 
2013-01-19T14:50:01.216+0800: 208268.439: [GC 208268.439: [ParNew: 1678891K->1097K(1887488K), 0.0066030 secs] 1790398K->112605K(3984640K), 0.0067870 secs] [Times: user=0.01 sys=0.00, real=0.01 secs] 
2013-01-19T14:50:25.604+0800: 208292.827: [GC 208292.827: [ParNew: 1678921K->1203K(1887488K), 0.0072370 secs] 1790429K->112711K(3984640K), 0.0073980 secs] [Times: user=0.01 sys=0.00, real=0.01 secs] 
2013-01-19T14:50:50.050+0800: 208317.273: [GC 208317.273: [ParNew: 1679027K->1159K(1887488K), 0.0065790 secs] 1790535K->112667K(3984640K), 0.0068120 secs] [Times: user=0.01 sys=0.00, real=0.00 secs] 
2013-01-19T14:51:19.521+0800: 208346.745: [GC 208346.745: [ParNew: 1678983K->1148K(1887488K), 0.0064020 secs] 1790491K->112655K(3984640K), 0.0065740 secs] [Times: user=0.01 sys=0.00, real=0.00 secs] 
2013-01-19T14:51:43.759+0800: 208370.982: [GC 208370.982: [ParNew: 1678972K->957K(1887488K), 0.0065290 secs] 1790479K->112490K(3984640K), 0.0067100 secs] [Times: user=0.00 sys=0.00, real=0.01 secs] 
2013-01-19T14:52:08.570+0800: 208395.794: [GC 208395.794: [ParNew: 1678781K->1145K(1887488K), 0.0076100 secs] 1790314K->112688K(3984640K), 0.0077880 secs] [Times: user=0.01 sys=0.00, real=0.01 secs] 
2013-01-19T14:52:32.983+0800: 208420.206: [GC 208420.206: [ParNew: 1678969K->1136K(1887488K), 0.0070730 secs] 1790512K->112679K(3984640K), 0.0072360 secs] [Times: user=0.01 sys=0.00, real=0.00 secs] 
2013-01-19T14:52:57.426+0800: 208444.650: [GC 208444.650: [ParNew: 1678960K->1097K(1887488K), 0.0064730 secs] 1790503K->112640K(3984640K), 0.0066540 secs] [Times: user=0.01 sys=0.00, real=0.00 secs] 
2013-01-19T14:53:21.832+0800: 208469.055: [GC 208469.055: [ParNew: 1678921K->1184K(1887488K), 0.0064410 secs] 1790464K->112727K(3984640K), 0.0066230 secs] [Times: user=0.01 sys=0.00, real=0.00 secs] 
2013-01-19T14:53:46.495+0800: 208493.719: [GC 208493.719: [ParNew: 1679008K->1057K(1887488K), 0.0067960 secs] 1790551K->112600K(3984640K), 0.0069820 secs] [Times: user=0.01 sys=0.00, real=0.01 secs] 
2013-01-19T14:54:15.969+0800: 208523.193: [GC 208523.193: [ParNew: 1678881K->1056K(1887488K), 0.0065630 secs] 1790424K->112599K(3984640K), 0.0067270 secs] [Times: user=0.00 sys=0.00, real=0.00 secs] 
2013-01-19T14:54:40.403+0800: 208547.627: [GC 208547.627: [ParNew: 1678880K->1054K(1887488K), 0.0061650 secs] 1790423K->112598K(3984640K), 0.0063450 secs] [Times: user=0.01 sys=0.00, real=0.01 secs] 
2013-01-19T14:55:04.888+0800: 208572.112: [GC 208572.112: [ParNew: 1678878K->1074K(1887488K), 0.0072490 secs] 1790422K->112618K(3984640K), 0.0074490 secs] [Times: user=0.01 sys=0.01, real=0.01 secs] 
2013-01-19T14:55:29.295+0800: 208596.518: [GC 208596.518: [ParNew: 1678898K->1127K(1887488K), 0.0063590 secs] 1790442K->112671K(3984640K), 0.0065300 secs] [Times: user=0.00 sys=0.00, real=0.01 secs] 
2013-01-19T14:55:53.696+0800: 208620.920: [GC 208620.920: [ParNew: 1678951K->1148K(1887488K), 0.0066540 secs] 1790495K->112692K(3984640K), 0.0068170 secs] [Times: user=0.01 sys=0.00, real=0.00 secs] 
2013-01-19T14:56:18.233+0800: 208645.456: [GC 208645.456: [ParNew: 1678972K->1239K(1887488K), 0.0068090 secs] 1790516K->112783K(3984640K), 0.0069850 secs] [Times: user=0.01 sys=0.00, real=0.01 secs] 
2013-01-19T14:56:42.773+0800: 208669.997: [GC 208669.997: [ParNew: 1679063K->1127K(1887488K), 0.0069470 secs] 1790607K->112690K(3984640K), 0.0071430 secs] [Times: user=0.01 sys=0.00, real=0.01 secs] 
2013-01-19T14:57:06.897+0800: 208694.120: [GC 208694.120: [ParNew: 1678951K->1010K(1887488K), 0.0073340 secs] 1790514K->112584K(3984640K), 0.0075340 secs] [Times: user=0.00 sys=0.00, real=0.01 secs] 
2013-01-19T14:57:36.277+0800: 208723.501: [GC 208723.501: [ParNew: 1678834K->1073K(1887488K), 0.0066290 secs] 1790408K->112647K(3984640K), 0.0068090 secs] [Times: user=0.00 sys=0.00, real=0.01 secs] 
2013-01-19T14:58:00.646+0800: 208747.870: [GC 208747.870: [ParNew: 1678897K->1056K(1887488K), 0.0066000 secs] 1790471K->112630K(3984640K), 0.0067690 secs] [Times: user=0.00 sys=0.00, real=0.01 secs] 
2013-01-19T14:58:24.985+0800: 208772.209: [GC 208772.209: [ParNew: 1678880K->1020K(1887488K), 0.0068600 secs] 1790454K->112593K(3984640K), 0.0070330 secs] [Times: user=0.01 sys=0.00, real=0.01 secs] 
2013-01-19T14:58:49.405+0800: 208796.629: [GC 208796.629: [ParNew: 1678844K->1098K(1887488K), 0.0066170 secs] 1790417K->112672K(3984640K), 0.0067830 secs] [Times: user=0.01 sys=0.00, real=0.01 secs] 
2013-01-19T14:59:13.822+0800: 208821.046: [GC 208821.046: [ParNew: 1678922K->1167K(1887488K), 0.0070450 secs] 1790496K->112741K(3984640K), 0.0072070 secs] [Times: user=0.01 sys=0.00, real=0.01 secs] 
2013-01-19T14:59:38.040+0800: 208845.264: [GC 208845.264: [ParNew: 1678991K->1708K(1887488K), 0.0063560 secs] 1790565K->113283K(3984640K), 0.0065320 secs] [Times: user=0.02 sys=0.00, real=0.00 secs] 
2013-01-19T14:59:46.890+0800: 208854.114: [Full GC (System) 208854.114: [CMS: 111574K->110836K(2097152K), 0.7624250 secs] 819647K->110836K(3984640K), [CMS Perm : 94733K->94708K(158240K)], 0.7626470 secs] [Times: user=0.76 sys=0.00, real=0.76 secs] 
2013-01-19T15:00:16.776+0800: 208883.999: [GC 208883.999: [ParNew: 1677824K->1268K(1887488K), 0.0065780 secs] 1788660K->112105K(3984640K), 0.0068290 secs] [Times: user=0.01 sys=0.00, real=0.01 secs] 
2013-01-19T15:00:41.205+0800: 208908.428: [GC 208908.428: [ParNew: 1679092K->1505K(1887488K), 0.0064510 secs] 1789929K->112341K(3984640K), 0.0066200 secs] [Times: user=0.00 sys=0.00, real=0.00 secs] 
2013-01-19T15:01:05.478+0800: 208932.701: [GC 208932.702: [ParNew: 1679329K->1531K(1887488K), 0.0068810 secs] 1790165K->112368K(3984640K), 0.0070820 secs] [Times: user=0.01 sys=0.00, real=0.01 secs] 
2013-01-19T15:01:29.716+0800: 208956.940: [GC 208956.940: [ParNew: 1679355K->1496K(1887488K), 0.0062540 secs] 1790192K->112332K(3984640K), 0.0064390 secs] [Times: user=0.01 sys=0.00, real=0.01 secs] 
2013-01-19T15:01:53.878+0800: 208981.102: [GC 208981.102: [ParNew: 1679320K->1382K(1887488K), 0.0073840 secs] 1790156K->112254K(3984640K), 0.0075520 secs] [Times: user=0.01 sys=0.00, real=0.01 secs] 
2013-01-19T15:02:18.112+0800: 209005.335: [GC 209005.335: [ParNew: 1679206K->1246K(1887488K), 0.0080230 secs] 1790078K->112328K(3984640K), 0.0082000 secs] [Times: user=0.01 sys=0.00, real=0.01 secs] 
2013-01-19T15:02:42.256+0800: 209029.480: [GC 209029.480: [ParNew: 1679070K->1138K(1887488K), 0.0067370 secs] 1790152K->112221K(3984640K), 0.0069040 secs] [Times: user=0.00 sys=0.00, real=0.01 secs] 
2013-01-19T15:03:06.441+0800: 209053.664: [GC 209053.664: [ParNew: 1678962K->1199K(1887488K), 0.0066420 secs] 1790045K->112281K(3984640K), 0.0068230 secs] [Times: user=0.00 sys=0.00, real=0.00 secs] 
2013-01-19T15:03:30.500+0800: 209077.724: [GC 209077.724: [ParNew: 1679023K->1058K(1887488K), 0.0083960 secs] 1790105K->112143K(3984640K), 0.0085820 secs] [Times: user=0.01 sys=0.00, real=0.01 secs] 
2013-01-19T15:03:54.690+0800: 209101.913: [GC 209101.913: [ParNew: 1678882K->1192K(1887488K), 0.0083630 secs] 1789967K->112277K(3984640K), 0.0085180 secs] [Times: user=0.01 sys=0.00, real=0.01 secs] 
2013-01-19T15:04:18.947+0800: 209126.170: [GC 209126.170: [ParNew: 1679016K->1159K(1887488K), 0.0077220 secs] 1790101K->112244K(3984640K), 0.0078880 secs] [Times: user=0.00 sys=0.00, real=0.01 secs] 
2013-01-19T15:04:43.219+0800: 209150.442: [GC 209150.442: [ParNew: 1678983K->1240K(1887488K), 0.0066820 secs] 1790068K->112325K(3984640K), 0.0068500 secs] [Times: user=0.01 sys=0.01, real=0.00 secs] 
2013-01-19T15:05:07.343+0800: 209174.566: [GC 209174.566: [ParNew: 1679064K->1056K(1887488K), 0.0058870 secs] 1790149K->112141K(3984640K), 0.0060610 secs] [Times: user=0.00 sys=0.00, real=0.00 secs] 
2013-01-19T15:05:33.508+0800: 209200.731: [GC 209200.731: [ParNew: 1678880K->1314K(1887488K), 0.0072710 secs] 1789965K->112400K(3984640K), 0.0074500 secs] [Times: user=0.00 sys=0.01, real=0.01 secs] 
2013-01-19T15:05:57.605+0800: 209224.828: [GC 209224.828: [ParNew: 1679138K->1225K(1887488K), 0.0069480 secs] 1790224K->112310K(3984640K), 0.0071380 secs] [Times: user=0.02 sys=0.00, real=0.01 secs] 
2013-01-19T15:06:22.009+0800: 209249.232: [GC 209249.232: [ParNew: 1679049K->1018K(1887488K), 0.0067290 secs] 1790134K->112104K(3984640K), 0.0069070 secs] [Times: user=0.01 sys=0.00, real=0.00 secs] 
2013-01-19T15:06:45.925+0800: 209273.149: [GC 209273.149: [ParNew: 1678842K->1015K(1887488K), 0.0071740 secs] 1789928K->112129K(3984640K), 0.0073500 secs] [Times: user=0.01 sys=0.00, real=0.01 secs] 
2013-01-19T15:07:15.378+0800: 209302.601: [GC 209302.602: [ParNew: 1678839K->1076K(1887488K), 0.0071630 secs] 1789953K->112199K(3984640K), 0.0073480 secs] [Times: user=0.00 sys=0.00, real=0.00 secs] 
2013-01-19T15:07:39.502+0800: 209326.726: [GC 209326.726: [ParNew: 1678900K->1126K(1887488K), 0.0068850 secs] 1790023K->112250K(3984640K), 0.0070580 secs] [Times: user=0.00 sys=0.00, real=0.01 secs] 
2013-01-19T15:08:03.703+0800: 209350.926: [GC 209350.926: [ParNew: 1678950K->1125K(1887488K), 0.0069280 secs] 1790074K->112250K(3984640K), 0.0070970 secs] [Times: user=0.00 sys=0.00, real=0.01 secs] 
2013-01-19T15:08:28.024+0800: 209375.248: [GC 209375.248: [ParNew: 1678949K->1135K(1887488K), 0.0075360 secs] 1790074K->112260K(3984640K), 0.0077050 secs] [Times: user=0.01 sys=0.00, real=0.01 secs] 
2013-01-19T15:08:52.295+0800: 209399.518: [GC 209399.518: [ParNew: 1678959K->1137K(1887488K), 0.0068220 secs] 1790084K->112261K(3984640K), 0.0069990 secs] [Times: user=0.01 sys=0.00, real=0.00 secs] 
2013-01-19T15:09:16.555+0800: 209423.778: [GC 209423.778: [ParNew: 1678961K->1217K(1887488K), 0.0072770 secs] 1790085K->112341K(3984640K), 0.0074490 secs] [Times: user=0.01 sys=0.00, real=0.00 secs] 
2013-01-19T15:09:40.942+0800: 209448.165: [GC 209448.165: [ParNew: 1679041K->1238K(1887488K), 0.0068430 secs] 1790165K->112362K(3984640K), 0.0070060 secs] [Times: user=0.01 sys=0.00, real=0.00 secs] 
2013-01-19T15:10:05.006+0800: 209472.230: [GC 209472.230: [ParNew: 1679062K->1211K(1887488K), 0.0069010 secs] 1790186K->112336K(3984640K), 0.0070770 secs] [Times: user=0.00 sys=0.00, real=0.01 secs] 
2013-01-19T15:10:29.300+0800: 209496.523: [GC 209496.523: [ParNew: 1679035K->1213K(1887488K), 0.0063040 secs] 1790160K->112338K(3984640K), 0.0064890 secs] [Times: user=0.00 sys=0.00, real=0.01 secs] 
2013-01-19T15:10:53.387+0800: 209520.610: [GC 209520.610: [ParNew: 1679037K->1115K(1887488K), 0.0069930 secs] 1790162K->112240K(3984640K), 0.0071570 secs] [Times: user=0.01 sys=0.00, real=0.01 secs] 
2013-01-19T15:11:17.435+0800: 209544.659: [GC 209544.659: [ParNew: 1678939K->1141K(1887488K), 0.0070020 secs] 1790064K->112266K(3984640K), 0.0071810 secs] [Times: user=0.02 sys=0.00, real=0.01 secs] 
2013-01-19T15:11:41.512+0800: 209568.736: [GC 209568.736: [ParNew: 1678965K->1104K(1887488K), 0.0068110 secs] 1790090K->112254K(3984640K), 0.0069840 secs] [Times: user=0.01 sys=0.00, real=0.01 secs] 
2013-01-19T15:12:05.568+0800: 209592.791: [GC 209592.791: [ParNew: 1678928K->971K(1887488K), 0.0065410 secs] 1790078K->112132K(3984640K), 0.0066990 secs] [Times: user=0.00 sys=0.00, real=0.00 secs] 
2013-01-19T15:12:29.605+0800: 209616.828: [GC 209616.828: [ParNew: 1678795K->1040K(1887488K), 0.0067750 secs] 1789956K->112200K(3984640K), 0.0069400 secs] [Times: user=0.01 sys=0.00, real=0.00 secs] 
2013-01-19T15:12:53.668+0800: 209640.891: [GC 209640.891: [ParNew: 1678864K->1101K(1887488K), 0.0069960 secs] 1790024K->112261K(3984640K), 0.0071970 secs] [Times: user=0.00 sys=0.00, real=0.01 secs] 
2013-01-19T15:13:17.741+0800: 209664.965: [GC 209664.965: [ParNew: 1678925K->1165K(1887488K), 0.0068540 secs] 1790085K->112325K(3984640K), 0.0070280 secs] [Times: user=0.00 sys=0.00, real=0.00 secs] 
2013-01-19T15:13:42.062+0800: 209689.286: [GC 209689.286: [ParNew: 1678989K->1189K(1887488K), 0.0068240 secs] 1790149K->112349K(3984640K), 0.0070000 secs] [Times: user=0.00 sys=0.00, real=0.00 secs] 
2013-01-19T15:14:06.291+0800: 209713.514: [GC 209713.514: [ParNew: 1679013K->1124K(1887488K), 0.0065910 secs] 1790173K->112285K(3984640K), 0.0067810 secs] [Times: user=0.01 sys=0.00, real=0.00 secs] 
2013-01-19T15:14:35.459+0800: 209742.683: [GC 209742.683: [ParNew: 1678948K->1106K(1887488K), 0.0074030 secs] 1790109K->112268K(3984640K), 0.0075880 secs] [Times: user=0.01 sys=0.00, real=0.00 secs] 
2013-01-19T15:14:59.756+0800: 209766.980: [GC 209766.980: [ParNew: 1678930K->1277K(1887488K), 0.0071500 secs] 1790092K->112438K(3984640K), 0.0073250 secs] [Times: user=0.01 sys=0.00, real=0.01 secs] 
2013-01-19T15:15:23.883+0800: 209791.106: [GC 209791.106: [ParNew: 1679101K->1145K(1887488K), 0.0066060 secs] 1790262K->112306K(3984640K), 0.0067790 secs] [Times: user=0.01 sys=0.00, real=0.01 secs] 
2013-01-19T15:15:48.240+0800: 209815.464: [GC 209815.464: [ParNew: 1678969K->1288K(1887488K), 0.0069920 secs] 1790130K->112449K(3984640K), 0.0071620 secs] [Times: user=0.01 sys=0.00, real=0.00 secs] 
2013-01-19T15:16:12.532+0800: 209839.755: [GC 209839.755: [ParNew: 1679112K->1204K(1887488K), 0.0082110 secs] 1790273K->112365K(3984640K), 0.0083630 secs] [Times: user=0.02 sys=0.00, real=0.01 secs] 
2013-01-19T15:16:36.719+0800: 209863.943: [GC 209863.943: [ParNew: 1679028K->1155K(1887488K), 0.0094120 secs] 1790189K->112336K(3984640K), 0.0095680 secs] [Times: user=0.00 sys=0.00, real=0.01 secs] 
2013-01-19T15:17:00.838+0800: 209888.062: [GC 209888.062: [ParNew: 1678979K->1124K(1887488K), 0.0104190 secs] 1790160K->112315K(3984640K), 0.0105880 secs] [Times: user=0.01 sys=0.00, real=0.01 secs] 
2013-01-19T15:17:25.059+0800: 209912.283: [GC 209912.283: [ParNew: 1678948K->1062K(1887488K), 0.0081950 secs] 1790139K->112253K(3984640K), 0.0083640 secs] [Times: user=0.00 sys=0.00, real=0.01 secs] 
2013-01-19T15:17:49.362+0800: 209936.586: [GC 209936.586: [ParNew: 1678886K->1059K(1887488K), 0.0076250 secs] 1790077K->112250K(3984640K), 0.0077690 secs] [Times: user=0.00 sys=0.00, real=0.01 secs] 
2013-01-19T15:18:13.868+0800: 209961.091: [GC 209961.091: [ParNew: 1678883K->1146K(1887488K), 0.0091210 secs] 1790074K->112337K(3984640K), 0.0093100 secs] [Times: user=0.01 sys=0.00, real=0.01 secs] 
2013-01-19T15:18:38.068+0800: 209985.292: [GC 209985.292: [ParNew: 1678970K->1167K(1887488K), 0.0097020 secs] 1790161K->112358K(3984640K), 0.0098420 secs] [Times: user=0.01 sys=0.00, real=0.00 secs] 
2013-01-19T15:19:02.437+0800: 210009.660: [GC 210009.661: [ParNew: 1678991K->1136K(1887488K), 0.0086420 secs] 1790182K->112328K(3984640K), 0.0087890 secs] [Times: user=0.01 sys=0.00, real=0.01 secs] 
2013-01-19T15:19:26.802+0800: 210034.025: [GC 210034.025: [ParNew: 1678960K->1150K(1887488K), 0.0088240 secs] 1790152K->112342K(3984640K), 0.0089640 secs] [Times: user=0.01 sys=0.00, real=0.01 secs] 
2013-01-19T15:19:56.106+0800: 210063.329: [GC 210063.330: [ParNew: 1678974K->1210K(1887488K), 0.0083800 secs] 1790166K->112401K(3984640K), 0.0085330 secs] [Times: user=0.01 sys=0.00, real=0.00 secs] 
2013-01-19T15:20:21.487+0800: 210088.710: [GC 210088.710: [ParNew: 1679034K->1397K(1887488K), 0.0095200 secs] 1790225K->112589K(3984640K), 0.0096990 secs] [Times: user=0.02 sys=0.00, real=0.01 secs] 
2013-01-19T15:20:47.055+0800: 210114.278: [GC 210114.279: [ParNew: 1679221K->1294K(1887488K), 0.0122470 secs] 1790413K->112486K(3984640K), 0.0124250 secs] [Times: user=0.00 sys=0.00, real=0.01 secs] 
2013-01-19T15:21:24.408+0800: 210151.632: [GC 210151.632: [ParNew: 1679118K->1627K(1887488K), 0.0100740 secs] 1790310K->112819K(3984640K), 0.0102440 secs] [Times: user=0.01 sys=0.00, real=0.01 secs] 
2013-01-19T15:21:49.908+0800: 210177.131: [GC 210177.132: [ParNew: 1679451K->1475K(1887488K), 0.0136600 secs] 1790643K->112693K(3984640K), 0.0138420 secs] [Times: user=0.00 sys=0.00, real=0.02 secs] 
2013-01-19T15:22:14.957+0800: 210202.180: [GC 210202.181: [ParNew: 1679299K->1350K(1887488K), 0.0083120 secs] 1790517K->112577K(3984640K), 0.0085050 secs] [Times: user=0.01 sys=0.00, real=0.01 secs] 
2013-01-19T15:22:45.237+0800: 210232.461: [GC 210232.461: [ParNew: 1679174K->1530K(1887488K), 0.0121940 secs] 1790401K->112756K(3984640K), 0.0123790 secs] [Times: user=0.01 sys=0.00, real=0.02 secs] 
2013-01-19T15:23:10.115+0800: 210257.339: [GC 210257.339: [ParNew: 1679354K->1247K(1887488K), 0.0094910 secs] 1790580K->112475K(3984640K), 0.0096660 secs] [Times: user=0.00 sys=0.00, real=0.01 secs] 
2013-01-19T15:23:42.403+0800: 210289.626: [GC 210289.627: [ParNew: 1679071K->1385K(1887488K), 0.0126140 secs] 1790299K->112612K(3984640K), 0.0127850 secs] [Times: user=0.00 sys=0.00, real=0.01 secs] 
2013-01-19T15:24:12.476+0800: 210319.699: [GC 210319.699: [ParNew: 1679209K->1364K(1887488K), 0.0122220 secs] 1790436K->112591K(3984640K), 0.0123850 secs] [Times: user=0.00 sys=0.00, real=0.01 secs] 
2013-01-19T15:24:37.591+0800: 210344.815: [GC 210344.815: [ParNew: 1679188K->1498K(1887488K), 0.0110320 secs] 1790415K->112725K(3984640K), 0.0112030 secs] [Times: user=0.00 sys=0.00, real=0.01 secs] 
2013-01-19T15:25:02.855+0800: 210370.079: [GC 210370.079: [ParNew: 1679322K->1437K(1887488K), 0.0083050 secs] 1790549K->112665K(3984640K), 0.0084950 secs] [Times: user=0.01 sys=0.00, real=0.01 secs] 
2013-01-19T15:25:32.953+0800: 210400.177: [GC 210400.177: [ParNew: 1679261K->1443K(1887488K), 0.0078140 secs] 1790489K->112670K(3984640K), 0.0079900 secs] [Times: user=0.01 sys=0.00, real=0.00 secs] 
2013-01-19T15:25:58.480+0800: 210425.703: [GC 210425.703: [ParNew: 1679267K->1492K(1887488K), 0.0096420 secs] 1790494K->112720K(3984640K), 0.0098190 secs] [Times: user=0.01 sys=0.00, real=0.01 secs] 
2013-01-19T15:26:28.670+0800: 210455.893: [GC 210455.893: [ParNew: 1679316K->1513K(1887488K), 0.0096300 secs] 1790544K->112741K(3984640K), 0.0097940 secs] [Times: user=0.01 sys=0.00, real=0.00 secs] 
2013-01-19T15:26:54.142+0800: 210481.366: [GC 210481.366: [ParNew: 1679337K->1442K(1887488K), 0.0104330 secs] 1790565K->112689K(3984640K), 0.0106170 secs] [Times: user=0.01 sys=0.00, real=0.01 secs] 
2013-01-19T15:27:18.995+0800: 210506.219: [GC 210506.219: [ParNew: 1679266K->1313K(1887488K), 0.0086470 secs] 1790513K->112570K(3984640K), 0.0088180 secs] [Times: user=0.00 sys=0.00, real=0.01 secs] 
2013-01-19T15:27:43.309+0800: 210530.533: [GC 210530.533: [ParNew: 1679137K->1098K(1887488K), 0.0088470 secs] 1790394K->112355K(3984640K), 0.0089960 secs] [Times: user=0.00 sys=0.00, real=0.01 secs] 
2013-01-19T15:28:07.697+0800: 210554.920: [GC 210554.920: [ParNew: 1678922K->937K(1887488K), 0.0102910 secs] 1790179K->112194K(3984640K), 0.0104350 secs] [Times: user=0.00 sys=0.00, real=0.00 secs] 
2013-01-19T15:28:36.993+0800: 210584.217: [GC 210584.217: [ParNew: 1678761K->1106K(1887488K), 0.0074970 secs] 1790018K->112363K(3984640K), 0.0076380 secs] [Times: user=0.01 sys=0.00, real=0.01 secs] 
2013-01-19T15:29:01.370+0800: 210608.593: [GC 210608.593: [ParNew: 1678930K->1144K(1887488K), 0.0075930 secs] 1790187K->112401K(3984640K), 0.0077730 secs] [Times: user=0.02 sys=0.00, real=0.01 secs] 
2013-01-19T15:29:25.815+0800: 210633.039: [GC 210633.039: [ParNew: 1678968K->2087K(1887488K), 0.0097840 secs] 1790225K->113344K(3984640K), 0.0099310 secs] [Times: user=0.00 sys=0.00, real=0.01 secs] 
2013-01-19T15:29:50.104+0800: 210657.327: [GC 210657.327: [ParNew: 1679911K->2236K(1887488K), 0.0079740 secs] 1791168K->113494K(3984640K), 0.0081150 secs] [Times: user=0.01 sys=0.00, real=0.01 secs] 
2013-01-19T15:30:14.614+0800: 210681.838: [GC 210681.838: [ParNew: 1680060K->2994K(1887488K), 0.0136550 secs] 1791318K->114252K(3984640K), 0.0138110 secs] [Times: user=0.01 sys=0.00, real=0.01 secs] 
2013-01-19T15:30:38.744+0800: 210705.967: [GC 210705.967: [ParNew: 1680818K->2347K(1887488K), 0.0073940 secs] 1792076K->113605K(3984640K), 0.0075420 secs] [Times: user=0.01 sys=0.00, real=0.01 secs] 
2013-01-19T15:31:02.952+0800: 210730.176: [GC 210730.176: [ParNew: 1680171K->2098K(1887488K), 0.0162750 secs] 1791429K->114390K(3984640K), 0.0164620 secs] [Times: user=0.02 sys=0.00, real=0.02 secs] 
2013-01-19T15:31:27.223+0800: 210754.446: [GC 210754.447: [ParNew: 1679922K->1256K(1887488K), 0.0064800 secs] 1792214K->113573K(3984640K), 0.0066710 secs] [Times: user=0.01 sys=0.00, real=0.01 secs] 
2013-01-19T15:31:51.589+0800: 210778.813: [GC 210778.813: [ParNew: 1679080K->1193K(1887488K), 0.0106050 secs] 1791397K->113510K(3984640K), 0.0107730 secs] [Times: user=0.00 sys=0.00, real=0.01 secs] 
2013-01-19T15:32:21.122+0800: 210808.346: [GC 210808.346: [ParNew: 1679017K->1127K(1887488K), 0.0082010 secs] 1791334K->113454K(3984640K), 0.0083600 secs] [Times: user=0.01 sys=0.00, real=0.01 secs] 
2013-01-19T15:32:45.403+0800: 210832.626: [GC 210832.626: [ParNew: 1678951K->1063K(1887488K), 0.0071630 secs] 1791278K->113390K(3984640K), 0.0073390 secs] [Times: user=0.02 sys=0.00, real=0.01 secs] 
2013-01-19T15:33:09.759+0800: 210856.982: [GC 210856.982: [ParNew: 1678887K->1117K(1887488K), 0.0085030 secs] 1791214K->113444K(3984640K), 0.0086690 secs] [Times: user=0.01 sys=0.00, real=0.01 secs] 
2013-01-19T15:33:34.120+0800: 210881.343: [GC 210881.343: [ParNew: 1678941K->1184K(1887488K), 0.0080370 secs] 1791268K->113512K(3984640K), 0.0082100 secs] [Times: user=0.01 sys=0.00, real=0.01 secs] 
2013-01-19T15:33:58.484+0800: 210905.708: [GC 210905.708: [ParNew: 1679008K->1118K(1887488K), 0.0065020 secs] 1791336K->113445K(3984640K), 0.0066800 secs] [Times: user=0.01 sys=0.00, real=0.00 secs] 
2013-01-19T15:34:22.865+0800: 210930.088: [GC 210930.088: [ParNew: 1678942K->1063K(1887488K), 0.0069270 secs] 1791269K->113391K(3984640K), 0.0070910 secs] [Times: user=0.01 sys=0.00, real=0.01 secs] 
2013-01-19T15:34:47.478+0800: 210954.702: [GC 210954.702: [ParNew: 1678887K->1149K(1887488K), 0.0071920 secs] 1791215K->113476K(3984640K), 0.0073720 secs] [Times: user=0.01 sys=0.00, real=0.01 secs] 
2013-01-19T15:35:11.673+0800: 210978.896: [GC 210978.896: [ParNew: 1678973K->1075K(1887488K), 0.0082340 secs] 1791300K->113402K(3984640K), 0.0083900 secs] [Times: user=0.01 sys=0.00, real=0.01 secs] 
2013-01-19T15:35:36.018+0800: 211003.242: [GC 211003.242: [ParNew: 1678899K->1085K(1887488K), 0.0067520 secs] 1791226K->113413K(3984640K), 0.0069480 secs] [Times: user=0.01 sys=0.00, real=0.00 secs] 
2013-01-19T15:36:05.454+0800: 211032.678: [GC 211032.678: [ParNew: 1678909K->1125K(1887488K), 0.0070430 secs] 1791237K->113454K(3984640K), 0.0072200 secs] [Times: user=0.01 sys=0.00, real=0.01 secs] 
2013-01-19T15:36:29.796+0800: 211057.019: [GC 211057.019: [ParNew: 1678949K->1076K(1887488K), 0.0066130 secs] 1791278K->113404K(3984640K), 0.0067830 secs] [Times: user=0.00 sys=0.00, real=0.00 secs] 
2013-01-19T15:36:54.176+0800: 211081.400: [GC 211081.400: [ParNew: 1678900K->1234K(1887488K), 0.0062640 secs] 1791228K->113581K(3984640K), 0.0064450 secs] [Times: user=0.01 sys=0.00, real=0.00 secs] 
2013-01-19T15:37:18.433+0800: 211105.656: [GC 211105.656: [ParNew: 1679058K->1055K(1887488K), 0.0063290 secs] 1791405K->113412K(3984640K), 0.0065000 secs] [Times: user=0.00 sys=0.00, real=0.00 secs] 
2013-01-19T15:37:42.949+0800: 211130.173: [GC 211130.173: [ParNew: 1678879K->1107K(1887488K), 0.0070950 secs] 1791236K->113465K(3984640K), 0.0072630 secs] [Times: user=0.01 sys=0.00, real=0.01 secs] 
2013-01-19T15:38:07.706+0800: 211154.930: [GC 211154.930: [ParNew: 1678931K->1117K(1887488K), 0.0067670 secs] 1791289K->113475K(3984640K), 0.0069440 secs] [Times: user=0.01 sys=0.00, real=0.01 secs] 
2013-01-19T15:38:32.093+0800: 211179.316: [GC 211179.316: [ParNew: 1678941K->1110K(1887488K), 0.0070880 secs] 1791299K->113469K(3984640K), 0.0072620 secs] [Times: user=0.01 sys=0.00, real=0.00 secs] 
2013-01-19T15:38:56.539+0800: 211203.762: [GC 211203.762: [ParNew: 1678934K->932K(1887488K), 0.0069260 secs] 1791293K->113291K(3984640K), 0.0070940 secs] [Times: user=0.01 sys=0.00, real=0.00 secs] 
2013-01-19T15:39:25.911+0800: 211233.135: [GC 211233.135: [ParNew: 1678756K->1054K(1887488K), 0.0144470 secs] 1791115K->113412K(3984640K), 0.0145860 secs] [Times: user=0.00 sys=0.00, real=0.01 secs] 
2013-01-19T15:39:49.935+0800: 211257.159: [GC 211257.159: [ParNew: 1678878K->1098K(1887488K), 0.0063620 secs] 1791236K->113456K(3984640K), 0.0065510 secs] [Times: user=0.01 sys=0.00, real=0.01 secs] 
2013-01-19T15:40:14.469+0800: 211281.692: [GC 211281.693: [ParNew: 1678922K->1269K(1887488K), 0.0072380 secs] 1791280K->113628K(3984640K), 0.0074240 secs] [Times: user=0.02 sys=0.00, real=0.01 secs] 
2013-01-19T15:40:38.854+0800: 211306.077: [GC 211306.077: [ParNew: 1679093K->1218K(1887488K), 0.0071520 secs] 1791452K->113577K(3984640K), 0.0073190 secs] [Times: user=0.01 sys=0.00, real=0.01 secs] 
2013-01-19T15:41:05.150+0800: 211332.373: [GC 211332.373: [ParNew: 1679042K->1140K(1887488K), 0.0075170 secs] 1791401K->113499K(3984640K), 0.0076890 secs] [Times: user=0.01 sys=0.00, real=0.01 secs] 
2013-01-19T15:41:29.174+0800: 211356.398: [GC 211356.398: [ParNew: 1678964K->1171K(1887488K), 0.0072210 secs] 1791323K->113554K(3984640K), 0.0073850 secs] [Times: user=0.01 sys=0.00, real=0.00 secs] 
2013-01-19T15:41:53.526+0800: 211380.749: [GC 211380.750: [ParNew: 1678995K->1173K(1887488K), 0.0072380 secs] 1791378K->113557K(3984640K), 0.0074080 secs] [Times: user=0.00 sys=0.00, real=0.00 secs] 
2013-01-19T15:42:17.852+0800: 211405.075: [GC 211405.076: [ParNew: 1678997K->1172K(1887488K), 0.0083240 secs] 1791381K->113567K(3984640K), 0.0085310 secs] [Times: user=0.01 sys=0.00, real=0.00 secs] 
2013-01-19T15:42:42.100+0800: 211429.323: [GC 211429.323: [ParNew: 1678996K->1109K(1887488K), 0.0070860 secs] 1791391K->113503K(3984640K), 0.0072530 secs] [Times: user=0.00 sys=0.00, real=0.00 secs] 
2013-01-19T15:43:06.340+0800: 211453.563: [GC 211453.563: [ParNew: 1678933K->1118K(1887488K), 0.0075630 secs] 1791327K->113512K(3984640K), 0.0077370 secs] [Times: user=0.00 sys=0.00, real=0.00 secs] 
2013-01-19T15:43:30.415+0800: 211477.638: [GC 211477.638: [ParNew: 1678942K->1141K(1887488K), 0.0107290 secs] 1791336K->113536K(3984640K), 0.0109150 secs] [Times: user=0.00 sys=0.00, real=0.01 secs] 
2013-01-19T15:43:54.444+0800: 211501.668: [GC 211501.668: [ParNew: 1678965K->1259K(1887488K), 0.0080220 secs] 1791360K->113653K(3984640K), 0.0081910 secs] [Times: user=0.02 sys=0.00, real=0.01 secs] 
2013-01-19T15:44:18.367+0800: 211525.590: [GC 211525.590: [ParNew: 1679083K->1075K(1887488K), 0.0099440 secs] 1791477K->113470K(3984640K), 0.0101390 secs] [Times: user=0.01 sys=0.00, real=0.01 secs] 
2013-01-19T15:44:42.518+0800: 211549.742: [GC 211549.742: [ParNew: 1678899K->1140K(1887488K), 0.0110550 secs] 1791294K->113536K(3984640K), 0.0112030 secs] [Times: user=0.01 sys=0.00, real=0.01 secs] 
2013-01-19T15:45:11.771+0800: 211578.994: [GC 211578.994: [ParNew: 1678964K->1122K(1887488K), 0.0084420 secs] 1791360K->113517K(3984640K), 0.0086000 secs] [Times: user=0.01 sys=0.00, real=0.01 secs] 
2013-01-19T15:45:35.902+0800: 211603.126: [GC 211603.126: [ParNew: 1678946K->1110K(1887488K), 0.0069540 secs] 1791341K->113505K(3984640K), 0.0071300 secs] [Times: user=0.01 sys=0.00, real=0.01 secs] 
2013-01-19T15:47:10.514+0800: 211697.738: [GC 211697.738: [ParNew: 1678934K->1304K(1887488K), 0.0068070 secs] 1791329K->113700K(3984640K), 0.0069960 secs] [Times: user=0.00 sys=0.00, real=0.01 secs] 
2013-01-19T15:47:34.851+0800: 211722.075: [GC 211722.075: [ParNew: 1679128K->1344K(1887488K), 0.0078960 secs] 1791524K->113740K(3984640K), 0.0081340 secs] [Times: user=0.01 sys=0.00, real=0.01 secs] 
2013-01-19T15:47:59.140+0800: 211746.363: [GC 211746.363: [ParNew: 1679168K->1272K(1887488K), 0.0078140 secs] 1791564K->113686K(3984640K), 0.0079890 secs] [Times: user=0.02 sys=0.00, real=0.01 secs] 
2013-01-19T15:48:23.216+0800: 211770.439: [GC 211770.439: [ParNew: 1679096K->1272K(1887488K), 0.0074900 secs] 1791510K->113696K(3984640K), 0.0076590 secs] [Times: user=0.01 sys=0.00, real=0.01 secs] 
2013-01-19T15:48:47.264+0800: 211794.488: [GC 211794.488: [ParNew: 1679096K->1204K(1887488K), 0.0103940 secs] 1791520K->113629K(3984640K), 0.0105900 secs] [Times: user=0.00 sys=0.00, real=0.01 secs] 
2013-01-19T15:49:11.313+0800: 211818.537: [GC 211818.537: [ParNew: 1679028K->1224K(1887488K), 0.0073460 secs] 1791453K->113649K(3984640K), 0.0075360 secs] [Times: user=0.01 sys=0.00, real=0.01 secs] 
2013-01-19T15:49:35.362+0800: 211842.585: [GC 211842.585: [ParNew: 1679048K->1162K(1887488K), 0.0071610 secs] 1791473K->113587K(3984640K), 0.0073430 secs] [Times: user=0.01 sys=0.00, real=0.01 secs] 
2013-01-19T15:49:59.338+0800: 211866.562: [GC 211866.562: [ParNew: 1678986K->1346K(1887488K), 0.0082890 secs] 1791411K->113771K(3984640K), 0.0084730 secs] [Times: user=0.00 sys=0.00, real=0.01 secs] 
2013-01-19T15:50:23.540+0800: 211890.763: [GC 211890.763: [ParNew: 1679170K->1309K(1887488K), 0.0085310 secs] 1791595K->113734K(3984640K), 0.0087130 secs] [Times: user=0.01 sys=0.00, real=0.01 secs] 
2013-01-19T15:50:47.589+0800: 211914.813: [GC 211914.813: [ParNew: 1679133K->1288K(1887488K), 0.0091580 secs] 1791558K->113713K(3984640K), 0.0093420 secs] [Times: user=0.00 sys=0.00, real=0.01 secs] 
2013-01-19T15:51:11.631+0800: 211938.854: [GC 211938.855: [ParNew: 1679112K->1422K(1887488K), 0.0095820 secs] 1791537K->113848K(3984640K), 0.0097630 secs] [Times: user=0.01 sys=0.00, real=0.01 secs] 
2013-01-19T15:51:35.876+0800: 211963.100: [GC 211963.100: [ParNew: 1679246K->1364K(1887488K), 0.0075380 secs] 1791672K->113815K(3984640K), 0.0077300 secs] [Times: user=0.02 sys=0.00, real=0.01 secs] 
2013-01-19T15:51:59.965+0800: 211987.188: [GC 211987.189: [ParNew: 1679188K->1399K(1887488K), 0.0091790 secs] 1791639K->113859K(3984640K), 0.0093520 secs] [Times: user=0.02 sys=0.00, real=0.01 secs] 
2013-01-19T15:52:24.239+0800: 212011.462: [GC 212011.462: [ParNew: 1679223K->1433K(1887488K), 0.0078450 secs] 1791683K->113894K(3984640K), 0.0080230 secs] [Times: user=0.02 sys=0.00, real=0.00 secs] 
2013-01-19T15:52:48.210+0800: 212035.434: [GC 212035.434: [ParNew: 1679257K->1343K(1887488K), 0.0077030 secs] 1791718K->113804K(3984640K), 0.0078930 secs] [Times: user=0.01 sys=0.00, real=0.01 secs] 
2013-01-19T15:53:12.237+0800: 212059.460: [GC 212059.460: [ParNew: 1679167K->1261K(1887488K), 0.0078350 secs] 1791628K->113722K(3984640K), 0.0080420 secs] [Times: user=0.01 sys=0.00, real=0.01 secs] 
2013-01-19T15:53:36.285+0800: 212083.509: [GC 212083.509: [ParNew: 1679085K->1216K(1887488K), 0.0071460 secs] 1791546K->113677K(3984640K), 0.0073380 secs] [Times: user=0.01 sys=0.00, real=0.01 secs] 
2013-01-19T15:54:00.433+0800: 212107.657: [GC 212107.657: [ParNew: 1679040K->1339K(1887488K), 0.0082380 secs] 1791501K->113800K(3984640K), 0.0084240 secs] [Times: user=0.00 sys=0.00, real=0.01 secs] 
2013-01-19T15:54:24.689+0800: 212131.913: [GC 212131.913: [ParNew: 1679163K->1327K(1887488K), 0.0079190 secs] 1791624K->113788K(3984640K), 0.0081110 secs] [Times: user=0.01 sys=0.00, real=0.01 secs] 
2013-01-19T15:54:48.723+0800: 212155.946: [GC 212155.946: [ParNew: 1679151K->1437K(1887488K), 0.0078740 secs] 1791612K->113899K(3984640K), 0.0080590 secs] [Times: user=0.01 sys=0.00, real=0.01 secs] 
2013-01-19T15:55:12.805+0800: 212180.029: [GC 212180.029: [ParNew: 1679261K->1363K(1887488K), 0.0078080 secs] 1791723K->113825K(3984640K), 0.0080010 secs] [Times: user=0.01 sys=0.00, real=0.01 secs] 
2013-01-19T15:55:36.841+0800: 212204.065: [GC 212204.065: [ParNew: 1679187K->1380K(1887488K), 0.0081100 secs] 1791649K->113843K(3984640K), 0.0082900 secs] [Times: user=0.00 sys=0.00, real=0.01 secs] 
2013-01-19T15:56:00.822+0800: 212228.046: [GC 212228.046: [ParNew: 1679204K->1313K(1887488K), 0.0078300 secs] 1791667K->113775K(3984640K), 0.0080010 secs] [Times: user=0.00 sys=0.00, real=0.01 secs] 
2013-01-19T15:56:25.112+0800: 212252.336: [GC 212252.336: [ParNew: 1679137K->1371K(1887488K), 0.0082080 secs] 1791599K->113852K(3984640K), 0.0083910 secs] [Times: user=0.00 sys=0.00, real=0.01 secs] 
2013-01-19T15:56:49.240+0800: 212276.464: [GC 212276.464: [ParNew: 1679195K->1407K(1887488K), 0.0077640 secs] 1791676K->113889K(3984640K), 0.0079410 secs] [Times: user=0.02 sys=0.00, real=0.01 secs] 
2013-01-19T15:57:13.205+0800: 212300.428: [GC 212300.428: [ParNew: 1679231K->1298K(1887488K), 0.0077960 secs] 1791713K->113789K(3984640K), 0.0079790 secs] [Times: user=0.01 sys=0.00, real=0.01 secs] 
2013-01-19T15:57:37.228+0800: 212324.451: [GC 212324.451: [ParNew: 1679122K->1306K(1887488K), 0.0084500 secs] 1791613K->113798K(3984640K), 0.0086390 secs] [Times: user=0.00 sys=0.00, real=0.01 secs] 
2013-01-19T15:58:01.285+0800: 212348.508: [GC 212348.508: [ParNew: 1679130K->1257K(1887488K), 0.0071470 secs] 1791622K->113749K(3984640K), 0.0073300 secs] [Times: user=0.01 sys=0.00, real=0.00 secs] 
2013-01-19T15:58:25.190+0800: 212372.413: [GC 212372.413: [ParNew: 1679081K->1367K(1887488K), 0.0078820 secs] 1791573K->113859K(3984640K), 0.0080700 secs] [Times: user=0.00 sys=0.00, real=0.01 secs] 
2013-01-19T15:58:49.136+0800: 212396.359: [GC 212396.359: [ParNew: 1679191K->1369K(1887488K), 0.0078610 secs] 1791683K->113861K(3984640K), 0.0080340 secs] [Times: user=0.01 sys=0.00, real=0.01 secs] 
2013-01-19T15:59:12.950+0800: 212420.174: [GC 212420.174: [ParNew: 1679193K->1285K(1887488K), 0.0076880 secs] 1791685K->113777K(3984640K), 0.0078660 secs] [Times: user=0.01 sys=0.00, real=0.00 secs] 
2013-01-19T15:59:37.004+0800: 212444.227: [GC 212444.228: [ParNew: 1679109K->1738K(1887488K), 0.0077940 secs] 1791601K->114231K(3984640K), 0.0079910 secs] [Times: user=0.01 sys=0.01, real=0.01 secs] 
2013-01-19T15:59:47.647+0800: 212454.871: [Full GC (System) 212454.871: [CMS: 112492K->110734K(2097152K), 0.7927190 secs] 854295K->110734K(3984640K), [CMS Perm : 94715K->94615K(158240K)], 0.7929350 secs] [Times: user=0.79 sys=0.00, real=0.80 secs] 
2013-01-19T16:00:09.684+0800: 212476.907: [GC 212476.907: [ParNew: 1677824K->1536K(1887488K), 0.0080360 secs] 1788558K->112270K(3984640K), 0.0082190 secs] [Times: user=0.01 sys=0.00, real=0.01 secs] 
2013-01-19T16:00:33.692+0800: 212500.915: [GC 212500.915: [ParNew: 1679360K->1743K(1887488K), 0.0078940 secs] 1790094K->112477K(3984640K), 0.0080800 secs] [Times: user=0.00 sys=0.00, real=0.01 secs] 
2013-01-19T16:00:57.625+0800: 212524.849: [GC 212524.849: [ParNew: 1679567K->1804K(1887488K), 0.0079930 secs] 1790301K->112539K(3984640K), 0.0081850 secs] [Times: user=0.01 sys=0.00, real=0.01 secs] 
2013-01-19T16:01:21.593+0800: 212548.817: [GC 212548.817: [ParNew: 1679628K->1861K(1887488K), 0.0072800 secs] 1790363K->112595K(3984640K), 0.0074660 secs] [Times: user=0.00 sys=0.00, real=0.01 secs] 
2013-01-19T16:01:45.809+0800: 212573.033: [GC 212573.033: [ParNew: 1679685K->1880K(1887488K), 0.0084490 secs] 1790419K->112648K(3984640K), 0.0086360 secs] [Times: user=0.01 sys=0.00, real=0.01 secs] 
2013-01-19T16:02:09.823+0800: 212597.046: [GC 212597.047: [ParNew: 1679704K->1509K(1887488K), 0.0095760 secs] 1790472K->112482K(3984640K), 0.0097550 secs] [Times: user=0.02 sys=0.00, real=0.01 secs] 
2013-01-19T16:02:33.823+0800: 212621.046: [GC 212621.046: [ParNew: 1679333K->1368K(1887488K), 0.0078510 secs] 1790306K->112341K(3984640K), 0.0080460 secs] [Times: user=0.01 sys=0.00, real=0.00 secs] 
2013-01-19T16:02:57.766+0800: 212644.989: [GC 212644.989: [ParNew: 1679192K->1305K(1887488K), 0.0078040 secs] 1790165K->112278K(3984640K), 0.0079850 secs] [Times: user=0.00 sys=0.00, real=0.01 secs] 
2013-01-19T16:03:21.805+0800: 212669.029: [GC 212669.029: [ParNew: 1679129K->1404K(1887488K), 0.0078800 secs] 1790102K->112377K(3984640K), 0.0080630 secs] [Times: user=0.01 sys=0.00, real=0.01 secs] 
2013-01-19T16:03:45.822+0800: 212693.045: [GC 212693.045: [ParNew: 1679228K->1492K(1887488K), 0.0087790 secs] 1790201K->112465K(3984640K), 0.0089610 secs] [Times: user=0.01 sys=0.00, real=0.00 secs] 
2013-01-19T16:04:09.826+0800: 212717.049: [GC 212717.049: [ParNew: 1679316K->1416K(1887488K), 0.0077750 secs] 1790289K->112390K(3984640K), 0.0079600 secs] [Times: user=0.01 sys=0.00, real=0.01 secs] 
2013-01-19T16:04:33.790+0800: 212741.014: [GC 212741.014: [ParNew: 1679240K->1304K(1887488K), 0.0079420 secs] 1790214K->112278K(3984640K), 0.0081270 secs] [Times: user=0.01 sys=0.00, real=0.01 secs] 
2013-01-19T16:04:57.544+0800: 212764.768: [GC 212764.768: [ParNew: 1679128K->1326K(1887488K), 0.0078410 secs] 1790102K->112300K(3984640K), 0.0080330 secs] [Times: user=0.01 sys=0.00, real=0.01 secs] 
2013-01-19T16:05:21.482+0800: 212788.706: [GC 212788.706: [ParNew: 1679150K->1347K(1887488K), 0.0090150 secs] 1790124K->112321K(3984640K), 0.0092040 secs] [Times: user=0.02 sys=0.00, real=0.01 secs] 
2013-01-19T16:05:45.430+0800: 212812.653: [GC 212812.653: [ParNew: 1679171K->1362K(1887488K), 0.0081370 secs] 1790145K->112337K(3984640K), 0.0083270 secs] [Times: user=0.01 sys=0.00, real=0.01 secs] 
2013-01-19T16:06:09.391+0800: 212836.615: [GC 212836.615: [ParNew: 1679186K->1394K(1887488K), 0.0080430 secs] 1790161K->112369K(3984640K), 0.0082490 secs] [Times: user=0.00 sys=0.00, real=0.01 secs] 
2013-01-19T16:06:33.309+0800: 212860.532: [GC 212860.532: [ParNew: 1679218K->1348K(1887488K), 0.0077710 secs] 1790193K->112350K(3984640K), 0.0079750 secs] [Times: user=0.01 sys=0.00, real=0.01 secs] 
2013-01-19T16:06:57.084+0800: 212884.308: [GC 212884.308: [ParNew: 1679172K->1330K(1887488K), 0.0077840 secs] 1790174K->112342K(3984640K), 0.0079640 secs] [Times: user=0.01 sys=0.00, real=0.01 secs] 
2013-01-19T16:07:21.067+0800: 212908.290: [GC 212908.291: [ParNew: 1679154K->1353K(1887488K), 0.0074260 secs] 1790166K->112365K(3984640K), 0.0076230 secs] [Times: user=0.01 sys=0.00, real=0.01 secs] 
2013-01-19T16:07:45.038+0800: 212932.262: [GC 212932.262: [ParNew: 1679177K->1387K(1887488K), 0.0084740 secs] 1790189K->112400K(3984640K), 0.0087030 secs] [Times: user=0.01 sys=0.00, real=0.01 secs] 
2013-01-19T16:08:09.099+0800: 212956.322: [GC 212956.322: [ParNew: 1679211K->1410K(1887488K), 0.0083720 secs] 1790224K->112422K(3984640K), 0.0085570 secs] [Times: user=0.00 sys=0.00, real=0.01 secs] 
2013-01-19T16:08:32.951+0800: 212980.175: [GC 212980.175: [ParNew: 1679234K->1373K(1887488K), 0.0086370 secs] 1790246K->112386K(3984640K), 0.0088170 secs] [Times: user=0.01 sys=0.00, real=0.01 secs] 
2013-01-19T16:08:56.936+0800: 213004.159: [GC 213004.160: [ParNew: 1679197K->1512K(1887488K), 0.0084490 secs] 1790210K->112526K(3984640K), 0.0086490 secs] [Times: user=0.01 sys=0.00, real=0.01 secs] 
2013-01-19T16:09:20.913+0800: 213028.136: [GC 213028.137: [ParNew: 1679336K->1403K(1887488K), 0.0079550 secs] 1790350K->112417K(3984640K), 0.0081360 secs] [Times: user=0.01 sys=0.00, real=0.01 secs] 
2013-01-19T16:09:44.851+0800: 213052.074: [GC 213052.074: [ParNew: 1679227K->1437K(1887488K), 0.0081080 secs] 1790241K->112451K(3984640K), 0.0083010 secs] [Times: user=0.01 sys=0.00, real=0.01 secs] 
2013-01-19T16:10:08.825+0800: 213076.049: [GC 213076.049: [ParNew: 1679261K->1566K(1887488K), 0.0094540 secs] 1790275K->112580K(3984640K), 0.0096480 secs] [Times: user=0.01 sys=0.00, real=0.00 secs] 
2013-01-19T16:10:32.953+0800: 213100.177: [GC 213100.177: [ParNew: 1679390K->1615K(1887488K), 0.0090350 secs] 1790404K->112629K(3984640K), 0.0092380 secs] [Times: user=0.01 sys=0.00, real=0.01 secs] 
2013-01-19T16:10:56.803+0800: 213124.026: [GC 213124.026: [ParNew: 1679439K->1424K(1887488K), 0.0081420 secs] 1790453K->112438K(3984640K), 0.0083310 secs] [Times: user=0.01 sys=0.00, real=0.00 secs] 
2013-01-19T16:11:20.891+0800: 213148.115: [GC 213148.115: [ParNew: 1679248K->1533K(1887488K), 0.0081230 secs] 1790262K->112547K(3984640K), 0.0083210 secs] [Times: user=0.01 sys=0.00, real=0.01 secs] 
2013-01-19T16:11:44.944+0800: 213172.168: [GC 213172.168: [ParNew: 1679357K->1469K(1887488K), 0.0083150 secs] 1790371K->112509K(3984640K), 0.0085060 secs] [Times: user=0.00 sys=0.00, real=0.01 secs] 
2013-01-19T16:12:08.845+0800: 213196.068: [GC 213196.068: [ParNew: 1679293K->1341K(1887488K), 0.0080060 secs] 1790333K->112390K(3984640K), 0.0082120 secs] [Times: user=0.01 sys=0.00, real=0.00 secs] 
2013-01-19T16:12:32.872+0800: 213220.096: [GC 213220.096: [ParNew: 1679165K->1501K(1887488K), 0.0083660 secs] 1790214K->112550K(3984640K), 0.0085620 secs] [Times: user=0.01 sys=0.00, real=0.01 secs] 
2013-01-19T16:12:56.846+0800: 213244.069: [GC 213244.069: [ParNew: 1679325K->1387K(1887488K), 0.0081120 secs] 1790374K->112436K(3984640K), 0.0082940 secs] [Times: user=0.01 sys=0.00, real=0.01 secs] 
2013-01-19T16:13:20.850+0800: 213268.074: [GC 213268.074: [ParNew: 1679211K->1404K(1887488K), 0.0080040 secs] 1790260K->112454K(3984640K), 0.0081990 secs] [Times: user=0.01 sys=0.00, real=0.01 secs] 
2013-01-19T16:13:44.872+0800: 213292.096: [GC 213292.096: [ParNew: 1679228K->1348K(1887488K), 0.0075250 secs] 1790278K->112398K(3984640K), 0.0077170 secs] [Times: user=0.01 sys=0.00, real=0.01 secs] 
2013-01-19T16:14:08.962+0800: 213316.186: [GC 213316.186: [ParNew: 1679172K->1466K(1887488K), 0.0080010 secs] 1790222K->112515K(3984640K), 0.0081830 secs] [Times: user=0.01 sys=0.00, real=0.01 secs] 
2013-01-19T16:14:32.936+0800: 213340.160: [GC 213340.160: [ParNew: 1679290K->1437K(1887488K), 0.0081460 secs] 1790339K->112486K(3984640K), 0.0083280 secs] [Times: user=0.01 sys=0.00, real=0.00 secs] 
2013-01-19T16:14:56.836+0800: 213364.060: [GC 213364.060: [ParNew: 1679261K->1492K(1887488K), 0.0077820 secs] 1790310K->112542K(3984640K), 0.0079670 secs] [Times: user=0.01 sys=0.00, real=0.01 secs] 
2013-01-19T16:15:20.680+0800: 213387.903: [GC 213387.904: [ParNew: 1679316K->1413K(1887488K), 0.0071190 secs] 1790366K->112463K(3984640K), 0.0073170 secs] [Times: user=0.00 sys=0.00, real=0.01 secs] 
2013-01-19T16:15:44.566+0800: 213411.790: [GC 213411.790: [ParNew: 1679237K->1398K(1887488K), 0.0087000 secs] 1790287K->112448K(3984640K), 0.0088850 secs] [Times: user=0.01 sys=0.00, real=0.01 secs] 
2013-01-19T16:16:08.306+0800: 213435.529: [GC 213435.529: [ParNew: 1679222K->1430K(1887488K), 0.0078760 secs] 1790272K->112481K(3984640K), 0.0080640 secs] [Times: user=0.00 sys=0.00, real=0.01 secs] 
2013-01-19T16:16:27.182+0800: 213454.405: [GC 213454.405: [ParNew: 1679254K->1415K(1887488K), 0.0077720 secs] 1790305K->112484K(3984640K), 0.0079540 secs] [Times: user=0.01 sys=0.00, real=0.01 secs] 
2013-01-19T16:16:50.847+0800: 213478.070: [GC 213478.071: [ParNew: 1679239K->1371K(1887488K), 0.0074880 secs] 1790308K->112451K(3984640K), 0.0076720 secs] [Times: user=0.01 sys=0.00, real=0.01 secs] 
2013-01-19T16:17:14.840+0800: 213502.064: [GC 213502.064: [ParNew: 1679195K->1353K(1887488K), 0.0079870 secs] 1790275K->112433K(3984640K), 0.0081720 secs] [Times: user=0.00 sys=0.00, real=0.00 secs] 
2013-01-19T16:17:38.740+0800: 213525.964: [GC 213525.964: [ParNew: 1679177K->1354K(1887488K), 0.0079970 secs] 1790257K->112434K(3984640K), 0.0081810 secs] [Times: user=0.01 sys=0.00, real=0.01 secs] 
2013-01-19T16:18:02.433+0800: 213549.656: [GC 213549.656: [ParNew: 1679178K->1423K(1887488K), 0.0083220 secs] 1790258K->112503K(3984640K), 0.0085100 secs] [Times: user=0.01 sys=0.00, real=0.01 secs] 
2013-01-19T16:18:26.249+0800: 213573.473: [GC 213573.473: [ParNew: 1679247K->1316K(1887488K), 0.0073930 secs] 1790327K->112396K(3984640K), 0.0075210 secs] [Times: user=0.01 sys=0.00, real=0.01 secs] 
2013-01-19T16:18:50.039+0800: 213597.262: [GC 213597.262: [ParNew: 1679140K->1326K(1887488K), 0.0078430 secs] 1790220K->112406K(3984640K), 0.0080290 secs] [Times: user=0.02 sys=0.00, real=0.01 secs] 
2013-01-19T16:19:13.698+0800: 213620.922: [GC 213620.922: [ParNew: 1679150K->1404K(1887488K), 0.0072310 secs] 1790230K->112485K(3984640K), 0.0074250 secs] [Times: user=0.00 sys=0.00, real=0.01 secs] 
2013-01-19T16:19:37.447+0800: 213644.670: [GC 213644.671: [ParNew: 1679228K->1325K(1887488K), 0.0069180 secs] 1790309K->112406K(3984640K), 0.0071330 secs] [Times: user=0.00 sys=0.00, real=0.01 secs] 
2013-01-19T16:20:01.176+0800: 213668.399: [GC 213668.399: [ParNew: 1679149K->1540K(1887488K), 0.0079880 secs] 1790230K->112621K(3984640K), 0.0081900 secs] [Times: user=0.01 sys=0.00, real=0.01 secs] 
2013-01-19T16:20:25.311+0800: 213692.534: [GC 213692.534: [ParNew: 1679364K->1360K(1887488K), 0.0082560 secs] 1790445K->112441K(3984640K), 0.0084530 secs] [Times: user=0.00 sys=0.01, real=0.01 secs] 
2013-01-19T16:20:49.236+0800: 213716.460: [GC 213716.460: [ParNew: 1679184K->1421K(1887488K), 0.0077960 secs] 1790265K->112502K(3984640K), 0.0079910 secs] [Times: user=0.01 sys=0.00, real=0.01 secs] 
2013-01-19T16:21:13.113+0800: 213740.337: [GC 213740.337: [ParNew: 1679245K->1525K(1887488K), 0.0076300 secs] 1790326K->112606K(3984640K), 0.0078270 secs] [Times: user=0.00 sys=0.00, real=0.01 secs] 
2013-01-19T16:21:37.046+0800: 213764.269: [GC 213764.269: [ParNew: 1679349K->1405K(1887488K), 0.0080020 secs] 1790430K->112512K(3984640K), 0.0081920 secs] [Times: user=0.02 sys=0.00, real=0.01 secs] 
2013-01-19T16:22:00.966+0800: 213788.190: [GC 213788.190: [ParNew: 1679229K->1316K(1887488K), 0.0079460 secs] 1790336K->112432K(3984640K), 0.0081400 secs] [Times: user=0.00 sys=0.00, real=0.01 secs] 
2013-01-19T16:22:25.027+0800: 213812.250: [GC 213812.250: [ParNew: 1679140K->1364K(1887488K), 0.0084600 secs] 1790256K->112480K(3984640K), 0.0086670 secs] [Times: user=0.00 sys=0.00, real=0.00 secs] 
2013-01-19T16:22:43.733+0800: 213830.956: [GC 213830.956: [ParNew: 1679188K->1255K(1887488K), 0.0077070 secs] 1790304K->112371K(3984640K), 0.0078880 secs] [Times: user=0.02 sys=0.00, real=0.01 secs] 
2013-01-19T16:23:07.480+0800: 213854.704: [GC 213854.704: [ParNew: 1679079K->1251K(1887488K), 0.0078050 secs] 1790195K->112368K(3984640K), 0.0079940 secs] [Times: user=0.01 sys=0.00, real=0.01 secs] 
2013-01-19T16:23:31.304+0800: 213878.528: [GC 213878.528: [ParNew: 1679075K->1324K(1887488K), 0.0084160 secs] 1790192K->112441K(3984640K), 0.0086250 secs] [Times: user=0.00 sys=0.00, real=0.00 secs] 
2013-01-19T16:23:55.313+0800: 213902.536: [GC 213902.536: [ParNew: 1679148K->1270K(1887488K), 0.0077460 secs] 1790265K->112387K(3984640K), 0.0079610 secs] [Times: user=0.01 sys=0.00, real=0.00 secs] 
2013-01-19T16:24:19.212+0800: 213926.435: [GC 213926.435: [ParNew: 1679094K->1386K(1887488K), 0.0078940 secs] 1790211K->112503K(3984640K), 0.0080840 secs] [Times: user=0.01 sys=0.00, real=0.01 secs] 
2013-01-19T16:24:42.954+0800: 213950.177: [GC 213950.177: [ParNew: 1679210K->1374K(1887488K), 0.0076740 secs] 1790327K->112491K(3984640K), 0.0078690 secs] [Times: user=0.01 sys=0.00, real=0.01 secs] 
2013-01-19T16:25:06.703+0800: 213973.926: [GC 213973.926: [ParNew: 1679198K->1293K(1887488K), 0.0078190 secs] 1790315K->112410K(3984640K), 0.0080090 secs] [Times: user=0.01 sys=0.00, real=0.01 secs] 
2013-01-19T16:25:30.587+0800: 213997.810: [GC 213997.811: [ParNew: 1679117K->1336K(1887488K), 0.0078260 secs] 1790234K->112453K(3984640K), 0.0080040 secs] [Times: user=0.00 sys=0.00, real=0.01 secs] 
2013-01-19T16:25:54.306+0800: 214021.530: [GC 214021.530: [ParNew: 1679160K->1316K(1887488K), 0.0070550 secs] 1790277K->112434K(3984640K), 0.0072470 secs] [Times: user=0.00 sys=0.00, real=0.01 secs] 
2013-01-19T16:26:18.288+0800: 214045.512: [GC 214045.512: [ParNew: 1679140K->1376K(1887488K), 0.0082480 secs] 1790258K->112494K(3984640K), 0.0084380 secs] [Times: user=0.00 sys=0.00, real=0.00 secs] 
2013-01-19T16:26:41.973+0800: 214069.196: [GC 214069.196: [ParNew: 1679200K->1327K(1887488K), 0.0076730 secs] 1790318K->112465K(3984640K), 0.0078530 secs] [Times: user=0.02 sys=0.00, real=0.01 secs] 
2013-01-19T16:27:05.731+0800: 214092.955: [GC 214092.955: [ParNew: 1679151K->1266K(1887488K), 0.0078080 secs] 1790289K->112414K(3984640K), 0.0079960 secs] [Times: user=0.01 sys=0.00, real=0.01 secs] 
2013-01-19T16:27:29.794+0800: 214117.017: [GC 214117.017: [ParNew: 1679090K->1309K(1887488K), 0.0078620 secs] 1790238K->112457K(3984640K), 0.0080460 secs] [Times: user=0.01 sys=0.00, real=0.00 secs] 
2013-01-19T16:27:53.630+0800: 214140.854: [GC 214140.854: [ParNew: 1679133K->1290K(1887488K), 0.0077220 secs] 1790281K->112438K(3984640K), 0.0079100 secs] [Times: user=0.01 sys=0.01, real=0.01 secs] 
2013-01-19T16:28:17.483+0800: 214164.706: [GC 214164.706: [ParNew: 1679114K->1302K(1887488K), 0.0084080 secs] 1790262K->112451K(3984640K), 0.0085880 secs] [Times: user=0.00 sys=0.00, real=0.00 secs] 
2013-01-19T16:28:41.413+0800: 214188.637: [GC 214188.637: [ParNew: 1679126K->1409K(1887488K), 0.0077870 secs] 1790275K->112558K(3984640K), 0.0079730 secs] [Times: user=0.01 sys=0.00, real=0.00 secs] 
2013-01-19T16:29:00.204+0800: 214207.427: [GC 214207.427: [ParNew: 1679233K->1222K(1887488K), 0.0070750 secs] 1790382K->112371K(3984640K), 0.0072570 secs] [Times: user=0.00 sys=0.00, real=0.01 secs] 
2013-01-19T16:29:24.218+0800: 214231.441: [GC 214231.442: [ParNew: 1679046K->1883K(1887488K), 0.0079590 secs] 1790195K->113032K(3984640K), 0.0081430 secs] [Times: user=0.02 sys=0.00, real=0.01 secs] 
2013-01-19T16:29:48.220+0800: 214255.443: [GC 214255.443: [ParNew: 1679707K->2041K(1887488K), 0.0076400 secs] 1790856K->113190K(3984640K), 0.0078210 secs] [Times: user=0.01 sys=0.00, real=0.00 secs] 
2013-01-19T16:30:11.963+0800: 214279.186: [GC 214279.186: [ParNew: 1679865K->2266K(1887488K), 0.0080660 secs] 1791014K->113415K(3984640K), 0.0082590 secs] [Times: user=0.01 sys=0.00, real=0.01 secs] 
2013-01-19T16:30:35.810+0800: 214303.033: [GC 214303.033: [ParNew: 1680090K->2333K(1887488K), 0.0072090 secs] 1791239K->113482K(3984640K), 0.0073860 secs] [Times: user=0.02 sys=0.00, real=0.01 secs] 
2013-01-19T16:30:59.165+0800: 214326.389: [GC 214326.389: [ParNew: 1680157K->1691K(1887488K), 0.0088270 secs] 1791306K->113525K(3984640K), 0.0090360 secs] [Times: user=0.01 sys=0.00, real=0.01 secs] 
2013-01-19T16:31:22.641+0800: 214349.864: [GC 214349.865: [ParNew: 1679515K->1176K(1887488K), 0.0062840 secs] 1791349K->113009K(3984640K), 0.0064530 secs] [Times: user=0.00 sys=0.00, real=0.01 secs] 
2013-01-19T16:31:46.567+0800: 214373.791: [GC 214373.791: [ParNew: 1679000K->1305K(1887488K), 0.0074670 secs] 1790833K->113163K(3984640K), 0.0076370 secs] [Times: user=0.01 sys=0.00, real=0.01 secs] 
2013-01-19T16:32:10.468+0800: 214397.692: [GC 214397.692: [ParNew: 1679129K->1263K(1887488K), 0.0072380 secs] 1790987K->113132K(3984640K), 0.0074210 secs] [Times: user=0.01 sys=0.00, real=0.00 secs] 
2013-01-19T16:32:34.348+0800: 214421.571: [GC 214421.572: [ParNew: 1679087K->1187K(1887488K), 0.0071350 secs] 1790956K->113056K(3984640K), 0.0073260 secs] [Times: user=0.01 sys=0.00, real=0.01 secs] 
2013-01-19T16:32:58.309+0800: 214445.533: [GC 214445.533: [ParNew: 1679011K->1236K(1887488K), 0.0072540 secs] 1790880K->113104K(3984640K), 0.0074410 secs] [Times: user=0.00 sys=0.00, real=0.01 secs] 
2013-01-19T16:33:22.223+0800: 214469.446: [GC 214469.446: [ParNew: 1679060K->1202K(1887488K), 0.0072140 secs] 1790928K->113071K(3984640K), 0.0073870 secs] [Times: user=0.01 sys=0.00, real=0.01 secs] 
2013-01-19T16:33:46.110+0800: 214493.334: [GC 214493.334: [ParNew: 1679026K->1240K(1887488K), 0.0090210 secs] 1790895K->113109K(3984640K), 0.0092070 secs] [Times: user=0.01 sys=0.00, real=0.00 secs] 
2013-01-19T16:34:10.031+0800: 214517.254: [GC 214517.254: [ParNew: 1679064K->1174K(1887488K), 0.0080840 secs] 1790933K->113043K(3984640K), 0.0082660 secs] [Times: user=0.00 sys=0.00, real=0.01 secs] 
2013-01-19T16:34:28.519+0800: 214535.742: [GC 214535.742: [ParNew: 1678998K->1210K(1887488K), 0.0076520 secs] 1790867K->113079K(3984640K), 0.0078320 secs] [Times: user=0.00 sys=0.00, real=0.01 secs] 
2013-01-19T16:34:58.964+0800: 214566.187: [GC 214566.187: [ParNew: 1679034K->1139K(1887488K), 0.0069220 secs] 1790903K->113009K(3984640K), 0.0071250 secs] [Times: user=0.02 sys=0.00, real=0.01 secs] 
2013-01-19T16:35:22.299+0800: 214589.522: [GC 214589.522: [ParNew: 1678963K->1129K(1887488K), 0.0080540 secs] 1790833K->112998K(3984640K), 0.0082400 secs] [Times: user=0.00 sys=0.00, real=0.00 secs] 
2013-01-19T16:35:40.584+0800: 214607.807: [GC 214607.807: [ParNew: 1678953K->1110K(1887488K), 0.0095690 secs] 1790822K->112979K(3984640K), 0.0097560 secs] [Times: user=0.01 sys=0.00, real=0.01 secs] 
2013-01-19T16:36:04.622+0800: 214631.845: [GC 214631.845: [ParNew: 1678934K->1258K(1887488K), 0.0086250 secs] 1790803K->113127K(3984640K), 0.0088100 secs] [Times: user=0.01 sys=0.00, real=0.01 secs] 
2013-01-19T16:36:28.456+0800: 214655.680: [GC 214655.680: [ParNew: 1679082K->1185K(1887488K), 0.0072990 secs] 1790951K->113074K(3984640K), 0.0074780 secs] [Times: user=0.01 sys=0.00, real=0.00 secs] 
2013-01-19T16:36:51.943+0800: 214679.167: [GC 214679.167: [ParNew: 1679009K->1029K(1887488K), 0.0068560 secs] 1790898K->112928K(3984640K), 0.0070800 secs] [Times: user=0.01 sys=0.00, real=0.00 secs] 
2013-01-19T16:37:15.495+0800: 214702.719: [GC 214702.719: [ParNew: 1678853K->1057K(1887488K), 0.0065730 secs] 1790752K->112956K(3984640K), 0.0067900 secs] [Times: user=0.01 sys=0.00, real=0.01 secs] 
2013-01-19T16:37:38.876+0800: 214726.099: [GC 214726.099: [ParNew: 1678881K->1018K(1887488K), 0.0059640 secs] 1790780K->112917K(3984640K), 0.0061430 secs] [Times: user=0.01 sys=0.00, real=0.01 secs] 
2013-01-19T16:38:02.248+0800: 214749.472: [GC 214749.472: [ParNew: 1678842K->1063K(1887488K), 0.0063290 secs] 1790741K->112962K(3984640K), 0.0064840 secs] [Times: user=0.00 sys=0.00, real=0.01 secs] 
2013-01-19T16:38:20.480+0800: 214767.704: [GC 214767.704: [ParNew: 1678887K->929K(1887488K), 0.0061080 secs] 1790786K->112828K(3984640K), 0.0062780 secs] [Times: user=0.00 sys=0.00, real=0.00 secs] 
2013-01-19T16:38:43.941+0800: 214791.164: [GC 214791.164: [ParNew: 1678753K->1017K(1887488K), 0.0063470 secs] 1790652K->112917K(3984640K), 0.0065010 secs] [Times: user=0.01 sys=0.00, real=0.00 secs] 
2013-01-19T16:39:07.534+0800: 214814.757: [GC 214814.757: [ParNew: 1678841K->1030K(1887488K), 0.0065590 secs] 1790741K->112930K(3984640K), 0.0067320 secs] [Times: user=0.01 sys=0.00, real=0.01 secs] 
2013-01-19T16:39:31.222+0800: 214838.446: [GC 214838.446: [ParNew: 1678854K->1064K(1887488K), 0.0066560 secs] 1790754K->112964K(3984640K), 0.0068360 secs] [Times: user=0.02 sys=0.00, real=0.01 secs] 
2013-01-19T16:39:55.221+0800: 214862.444: [GC 214862.444: [ParNew: 1678888K->1264K(1887488K), 0.0073410 secs] 1790788K->113163K(3984640K), 0.0075150 secs] [Times: user=0.00 sys=0.00, real=0.01 secs] 
2013-01-19T16:40:19.453+0800: 214886.677: [GC 214886.677: [ParNew: 1679088K->1242K(1887488K), 0.0073540 secs] 1790987K->113142K(3984640K), 0.0075350 secs] [Times: user=0.00 sys=0.00, real=0.01 secs] 
2013-01-19T16:40:43.509+0800: 214910.732: [GC 214910.732: [ParNew: 1679066K->1233K(1887488K), 0.0071080 secs] 1790966K->113133K(3984640K), 0.0072760 secs] [Times: user=0.02 sys=0.00, real=0.01 secs] 
2013-01-19T16:41:07.598+0800: 214934.822: [GC 214934.822: [ParNew: 1679057K->1295K(1887488K), 0.0061390 secs] 1790957K->113195K(3984640K), 0.0063190 secs] [Times: user=0.02 sys=0.00, real=0.01 secs] 
2013-01-19T16:41:31.617+0800: 214958.840: [GC 214958.840: [ParNew: 1679119K->1136K(1887488K), 0.0071410 secs] 1791019K->113061K(3984640K), 0.0073190 secs] [Times: user=0.01 sys=0.00, real=0.01 secs] 
2013-01-19T16:41:55.533+0800: 214982.757: [GC 214982.757: [ParNew: 1678960K->1143K(1887488K), 0.0064740 secs] 1790885K->113068K(3984640K), 0.0066550 secs] [Times: user=0.01 sys=0.00, real=0.00 secs] 
2013-01-19T16:42:19.804+0800: 215007.027: [GC 215007.027: [ParNew: 1678967K->1237K(1887488K), 0.0070400 secs] 1790892K->113172K(3984640K), 0.0072150 secs] [Times: user=0.00 sys=0.00, real=0.01 secs] 
2013-01-19T16:42:43.398+0800: 215030.622: [GC 215030.622: [ParNew: 1679061K->1028K(1887488K), 0.0065770 secs] 1790996K->112964K(3984640K), 0.0067390 secs] [Times: user=0.01 sys=0.00, real=0.00 secs] 
2013-01-19T16:43:07.157+0800: 215054.381: [GC 215054.381: [ParNew: 1678852K->1162K(1887488K), 0.0066820 secs] 1790788K->113098K(3984640K), 0.0068650 secs] [Times: user=0.01 sys=0.00, real=0.01 secs] 
2013-01-19T16:43:31.187+0800: 215078.411: [GC 215078.411: [ParNew: 1678986K->1150K(1887488K), 0.0069600 secs] 1790922K->113086K(3984640K), 0.0071290 secs] [Times: user=0.00 sys=0.00, real=0.01 secs] 
2013-01-19T16:43:55.279+0800: 215102.502: [GC 215102.502: [ParNew: 1678974K->1185K(1887488K), 0.0065400 secs] 1790910K->113121K(3984640K), 0.0067170 secs] [Times: user=0.01 sys=0.00, real=0.00 secs] 
2013-01-19T16:44:18.965+0800: 215126.188: [GC 215126.188: [ParNew: 1679009K->1052K(1887488K), 0.0062070 secs] 1790945K->112988K(3984640K), 0.0063810 secs] [Times: user=0.00 sys=0.01, real=0.00 secs] 
2013-01-19T16:44:42.811+0800: 215150.034: [GC 215150.034: [ParNew: 1678876K->1041K(1887488K), 0.0063850 secs] 1790812K->112977K(3984640K), 0.0065580 secs] [Times: user=0.01 sys=0.00, real=0.01 secs] 
2013-01-19T16:45:06.842+0800: 215174.065: [GC 215174.066: [ParNew: 1678865K->1135K(1887488K), 0.0069510 secs] 1790801K->113072K(3984640K), 0.0071410 secs] [Times: user=0.02 sys=0.00, real=0.00 secs] 
2013-01-19T16:45:30.822+0800: 215198.046: [GC 215198.046: [ParNew: 1678959K->1148K(1887488K), 0.0069350 secs] 1790896K->113085K(3984640K), 0.0071020 secs] [Times: user=0.00 sys=0.00, real=0.00 secs] 
2013-01-19T16:45:49.490+0800: 215216.713: [GC 215216.713: [ParNew: 1678972K->1127K(1887488K), 0.0063520 secs] 1790909K->113064K(3984640K), 0.0065300 secs] [Times: user=0.01 sys=0.00, real=0.00 secs] 
2013-01-19T16:46:13.307+0800: 215240.531: [GC 215240.531: [ParNew: 1678951K->1110K(1887488K), 0.0066500 secs] 1790888K->113047K(3984640K), 0.0068260 secs] [Times: user=0.01 sys=0.00, real=0.01 secs] 
2013-01-19T16:46:37.504+0800: 215264.727: [GC 215264.727: [ParNew: 1678934K->1242K(1887488K), 0.0075470 secs] 1790871K->113198K(3984640K), 0.0077330 secs] [Times: user=0.00 sys=0.00, real=0.01 secs] 
2013-01-19T16:47:01.764+0800: 215288.988: [GC 215288.988: [ParNew: 1679066K->993K(1887488K), 0.0068970 secs] 1791022K->112959K(3984640K), 0.0070690 secs] [Times: user=0.00 sys=0.00, real=0.01 secs] 
2013-01-19T16:47:25.709+0800: 215312.932: [GC 215312.932: [ParNew: 1678817K->952K(1887488K), 0.0073860 secs] 1790783K->112919K(3984640K), 0.0076170 secs] [Times: user=0.00 sys=0.00, real=0.00 secs] 
2013-01-19T16:47:49.645+0800: 215336.869: [GC 215336.869: [ParNew: 1678776K->1250K(1887488K), 0.0071270 secs] 1790743K->113217K(3984640K), 0.0072970 secs] [Times: user=0.00 sys=0.00, real=0.00 secs] 
2013-01-19T16:48:18.884+0800: 215366.108: [GC 215366.108: [ParNew: 1679074K->1290K(1887488K), 0.0090330 secs] 1791041K->113256K(3984640K), 0.0092450 secs] [Times: user=0.00 sys=0.00, real=0.02 secs] 
2013-01-19T16:48:37.850+0800: 215385.074: [GC 215385.074: [ParNew: 1679114K->912K(1887488K), 0.0107170 secs] 1791080K->112879K(3984640K), 0.0108660 secs] [Times: user=0.01 sys=0.00, real=0.01 secs] 
2013-01-19T16:49:06.951+0800: 215414.174: [GC 215414.175: [ParNew: 1678736K->1153K(1887488K), 0.0074350 secs] 1790703K->113120K(3984640K), 0.0075800 secs] [Times: user=0.00 sys=0.00, real=0.01 secs] 
2013-01-19T16:49:25.716+0800: 215432.939: [GC 215432.939: [ParNew: 1678977K->1020K(1887488K), 0.0078890 secs] 1790944K->112987K(3984640K), 0.0080520 secs] [Times: user=0.02 sys=0.00, real=0.01 secs] 
2013-01-19T16:49:49.576+0800: 215456.799: [GC 215456.800: [ParNew: 1678844K->1171K(1887488K), 0.0115250 secs] 1790811K->113138K(3984640K), 0.0117060 secs] [Times: user=0.00 sys=0.00, real=0.01 secs] 
2013-01-19T16:50:13.761+0800: 215480.984: [GC 215480.984: [ParNew: 1678995K->1173K(1887488K), 0.0090140 secs] 1790962K->113141K(3984640K), 0.0091660 secs] [Times: user=0.01 sys=0.00, real=0.00 secs] 
2013-01-19T16:50:37.690+0800: 215504.913: [GC 215504.913: [ParNew: 1678997K->1128K(1887488K), 0.0078180 secs] 1790965K->113095K(3984640K), 0.0080050 secs] [Times: user=0.01 sys=0.00, real=0.00 secs] 
2013-01-19T16:51:01.574+0800: 215528.798: [GC 215528.798: [ParNew: 1678952K->1011K(1887488K), 0.0081220 secs] 1790919K->112979K(3984640K), 0.0082960 secs] [Times: user=0.01 sys=0.00, real=0.01 secs] 
2013-01-19T16:51:32.267+0800: 215559.491: [GC 215559.491: [ParNew: 1678835K->1043K(1887488K), 0.0073540 secs] 1790803K->113035K(3984640K), 0.0074910 secs] [Times: user=0.01 sys=0.00, real=0.00 secs] 
2013-01-19T16:51:56.174+0800: 215583.398: [GC 215583.398: [ParNew: 1678867K->1024K(1887488K), 0.0068590 secs] 1790859K->113017K(3984640K), 0.0070190 secs] [Times: user=0.00 sys=0.00, real=0.01 secs] 
2013-01-19T16:52:20.323+0800: 215607.547: [GC 215607.547: [ParNew: 1678848K->1119K(1887488K), 0.0080940 secs] 1790841K->113121K(3984640K), 0.0082350 secs] [Times: user=0.00 sys=0.00, real=0.01 secs] 
2013-01-19T16:52:44.692+0800: 215631.915: [GC 215631.915: [ParNew: 1678943K->1175K(1887488K), 0.0090840 secs] 1790945K->113177K(3984640K), 0.0092270 secs] [Times: user=0.01 sys=0.00, real=0.01 secs] 
2013-01-19T16:53:08.617+0800: 215655.840: [GC 215655.840: [ParNew: 1678999K->962K(1887488K), 0.0066470 secs] 1791001K->112965K(3984640K), 0.0067840 secs] [Times: user=0.01 sys=0.00, real=0.00 secs] 
2013-01-19T16:53:32.485+0800: 215679.708: [GC 215679.709: [ParNew: 1678786K->935K(1887488K), 0.0099990 secs] 1790789K->112938K(3984640K), 0.0101620 secs] [Times: user=0.01 sys=0.00, real=0.01 secs] 
2013-01-19T16:53:56.299+0800: 215703.523: [GC 215703.523: [ParNew: 1678759K->990K(1887488K), 0.0066980 secs] 1790762K->112993K(3984640K), 0.0068650 secs] [Times: user=0.00 sys=0.00, real=0.01 secs] 
2013-01-19T16:54:20.274+0800: 215727.498: [GC 215727.498: [ParNew: 1678814K->1089K(1887488K), 0.0064130 secs] 1790817K->113093K(3984640K), 0.0065890 secs] [Times: user=0.01 sys=0.00, real=0.00 secs] 
2013-01-19T16:54:44.137+0800: 215751.360: [GC 215751.360: [ParNew: 1678913K->985K(1887488K), 0.0062020 secs] 1790917K->112989K(3984640K), 0.0063750 secs] [Times: user=0.00 sys=0.00, real=0.01 secs] 
2013-01-19T16:55:08.083+0800: 215775.307: [GC 215775.307: [ParNew: 1678809K->1025K(1887488K), 0.0068120 secs] 1790813K->113028K(3984640K), 0.0070240 secs] [Times: user=0.00 sys=0.00, real=0.01 secs] 
2013-01-19T16:55:32.756+0800: 215799.979: [GC 215799.980: [ParNew: 1678849K->1200K(1887488K), 0.0061970 secs] 1790852K->113203K(3984640K), 0.0063730 secs] [Times: user=0.00 sys=0.00, real=0.01 secs] 
2013-01-19T16:55:57.340+0800: 215824.564: [GC 215824.564: [ParNew: 1679024K->1145K(1887488K), 0.0073970 secs] 1791027K->113150K(3984640K), 0.0075600 secs] [Times: user=0.02 sys=0.00, real=0.01 secs] 
2013-01-19T16:56:21.773+0800: 215848.996: [GC 215848.996: [ParNew: 1678969K->1132K(1887488K), 0.0058710 secs] 1790974K->113136K(3984640K), 0.0060470 secs] [Times: user=0.01 sys=0.00, real=0.01 secs] 
2013-01-19T16:56:46.169+0800: 215873.393: [GC 215873.393: [ParNew: 1678956K->1066K(1887488K), 0.0072550 secs] 1790960K->113089K(3984640K), 0.0074140 secs] [Times: user=0.01 sys=0.00, real=0.01 secs] 
2013-01-19T16:57:15.717+0800: 215902.941: [GC 215902.941: [ParNew: 1678890K->1078K(1887488K), 0.0068960 secs] 1790913K->113111K(3984640K), 0.0070630 secs] [Times: user=0.01 sys=0.00, real=0.00 secs] 
2013-01-19T16:57:40.239+0800: 215927.462: [GC 215927.462: [ParNew: 1678902K->1039K(1887488K), 0.0065750 secs] 1790935K->113072K(3984640K), 0.0067420 secs] [Times: user=0.00 sys=0.00, real=0.01 secs] 
2013-01-19T16:58:04.515+0800: 215951.739: [GC 215951.739: [ParNew: 1678863K->1040K(1887488K), 0.0062930 secs] 1790896K->113074K(3984640K), 0.0064690 secs] [Times: user=0.00 sys=0.00, real=0.00 secs] 
2013-01-19T16:58:30.806+0800: 215978.029: [GC 215978.029: [ParNew: 1678864K->1129K(1887488K), 0.0067370 secs] 1790898K->113163K(3984640K), 0.0069250 secs] [Times: user=0.01 sys=0.00, real=0.01 secs] 
2013-01-19T16:58:54.866+0800: 216002.089: [GC 216002.089: [ParNew: 1678953K->1136K(1887488K), 0.0068790 secs] 1790987K->113170K(3984640K), 0.0070660 secs] [Times: user=0.00 sys=0.00, real=0.01 secs] 
2013-01-19T16:59:19.011+0800: 216026.235: [GC 216026.235: [ParNew: 1678960K->1157K(1887488K), 0.0073830 secs] 1790994K->113191K(3984640K), 0.0075480 secs] [Times: user=0.01 sys=0.00, real=0.00 secs] 
2013-01-19T16:59:42.787+0800: 216050.011: [GC 216050.011: [ParNew: 1678981K->2082K(1887488K), 0.0072600 secs] 1791015K->114116K(3984640K), 0.0074320 secs] [Times: user=0.02 sys=0.00, real=0.01 secs] 
2013-01-19T16:59:48.434+0800: 216055.657: [Full GC (System) 216055.657: [CMS: 112034K->110492K(2097152K), 0.7480240 secs] 383678K->110492K(3984640K), [CMS Perm : 94622K->94615K(158240K)], 0.7482370 secs] [Times: user=0.74 sys=0.00, real=0.75 secs] 
2013-01-19T17:00:07.678+0800: 216074.902: [GC 216074.902: [ParNew: 1677824K->1365K(1887488K), 0.0065170 secs] 1788316K->111858K(3984640K), 0.0066880 secs] [Times: user=0.01 sys=0.00, real=0.00 secs] 
2013-01-19T17:00:31.513+0800: 216098.737: [GC 216098.737: [ParNew: 1679189K->1493K(1887488K), 0.0069360 secs] 1789682K->111986K(3984640K), 0.0071270 secs] [Times: user=0.00 sys=0.00, real=0.01 secs] 
2013-01-19T17:00:55.389+0800: 216122.613: [GC 216122.613: [ParNew: 1679317K->1581K(1887488K), 0.0066640 secs] 1789810K->112073K(3984640K), 0.0068600 secs] [Times: user=0.01 sys=0.00, real=0.01 secs] 
2013-01-19T17:01:19.180+0800: 216146.403: [GC 216146.403: [ParNew: 1679405K->1564K(1887488K), 0.0066020 secs] 1789897K->112056K(3984640K), 0.0067790 secs] [Times: user=0.00 sys=0.00, real=0.01 secs] 
2013-01-19T17:01:43.108+0800: 216170.332: [GC 216170.332: [ParNew: 1679388K->1460K(1887488K), 0.0073560 secs] 1789880K->111986K(3984640K), 0.0075330 secs] [Times: user=0.01 sys=0.00, real=0.01 secs] 
2013-01-19T17:02:07.249+0800: 216194.472: [GC 216194.472: [ParNew: 1679284K->1308K(1887488K), 0.0083880 secs] 1789810K->112042K(3984640K), 0.0085670 secs] [Times: user=0.02 sys=0.00, real=0.01 secs] 
2013-01-19T17:02:31.389+0800: 216218.612: [GC 216218.613: [ParNew: 1679132K->1255K(1887488K), 0.0073590 secs] 1789866K->111990K(3984640K), 0.0075430 secs] [Times: user=0.00 sys=0.00, real=0.01 secs] 
2013-01-19T17:02:55.482+0800: 216242.706: [GC 216242.706: [ParNew: 1679079K->1247K(1887488K), 0.0069590 secs] 1789814K->111982K(3984640K), 0.0071310 secs] [Times: user=0.02 sys=0.00, real=0.01 secs] 
2013-01-19T17:03:19.550+0800: 216266.774: [GC 216266.774: [ParNew: 1679071K->1212K(1887488K), 0.0077680 secs] 1789806K->111947K(3984640K), 0.0079390 secs] [Times: user=0.01 sys=0.00, real=0.01 secs] 
2013-01-19T17:03:43.680+0800: 216290.903: [GC 216290.903: [ParNew: 1679036K->1200K(1887488K), 0.0071050 secs] 1789771K->111936K(3984640K), 0.0072750 secs] [Times: user=0.00 sys=0.00, real=0.01 secs] 
2013-01-19T17:04:07.660+0800: 216314.883: [GC 216314.883: [ParNew: 1679024K->1153K(1887488K), 0.0070580 secs] 1789760K->111889K(3984640K), 0.0072930 secs] [Times: user=0.01 sys=0.00, real=0.01 secs] 
2013-01-19T17:04:31.465+0800: 216338.688: [GC 216338.689: [ParNew: 1678977K->1106K(1887488K), 0.0064090 secs] 1789713K->111841K(3984640K), 0.0065990 secs] [Times: user=0.02 sys=0.00, real=0.01 secs] 
2013-01-19T17:04:55.138+0800: 216362.362: [GC 216362.362: [ParNew: 1678930K->1099K(1887488K), 0.0060690 secs] 1789665K->111835K(3984640K), 0.0062440 secs] [Times: user=0.00 sys=0.00, real=0.01 secs] 
2013-01-19T17:05:19.089+0800: 216386.312: [GC 216386.313: [ParNew: 1678923K->1349K(1887488K), 0.0075280 secs] 1789659K->112085K(3984640K), 0.0076940 secs] [Times: user=0.00 sys=0.00, real=0.01 secs] 
2013-01-19T17:05:43.235+0800: 216410.459: [GC 216410.459: [ParNew: 1679173K->1207K(1887488K), 0.0071790 secs] 1789909K->111943K(3984640K), 0.0073540 secs] [Times: user=0.00 sys=0.00, real=0.00 secs] 
2013-01-19T17:06:07.210+0800: 216434.433: [GC 216434.433: [ParNew: 1679031K->1242K(1887488K), 0.0071090 secs] 1789767K->111978K(3984640K), 0.0072900 secs] [Times: user=0.00 sys=0.01, real=0.01 secs] 
2013-01-19T17:06:31.139+0800: 216458.362: [GC 216458.362: [ParNew: 1679066K->1248K(1887488K), 0.0072720 secs] 1789802K->112011K(3984640K), 0.0074450 secs] [Times: user=0.00 sys=0.00, real=0.01 secs] 
2013-01-19T17:06:55.203+0800: 216482.427: [GC 216482.427: [ParNew: 1679072K->1284K(1887488K), 0.0070080 secs] 1789835K->112048K(3984640K), 0.0071900 secs] [Times: user=0.00 sys=0.00, real=0.01 secs] 
2013-01-19T17:07:19.344+0800: 216506.567: [GC 216506.567: [ParNew: 1679108K->1295K(1887488K), 0.0073860 secs] 1789872K->112069K(3984640K), 0.0075710 secs] [Times: user=0.01 sys=0.00, real=0.01 secs] 
2013-01-19T17:07:43.308+0800: 216530.532: [GC 216530.532: [ParNew: 1679119K->1285K(1887488K), 0.0074910 secs] 1789893K->112059K(3984640K), 0.0076930 secs] [Times: user=0.01 sys=0.00, real=0.00 secs] 
2013-01-19T17:08:07.360+0800: 216554.584: [GC 216554.584: [ParNew: 1679109K->1191K(1887488K), 0.0072730 secs] 1789883K->111966K(3984640K), 0.0078490 secs] [Times: user=0.02 sys=0.00, real=0.01 secs] 
2013-01-19T17:08:31.354+0800: 216578.577: [GC 216578.577: [ParNew: 1679015K->1194K(1887488K), 0.0072020 secs] 1789790K->111969K(3984640K), 0.0073780 secs] [Times: user=0.00 sys=0.00, real=0.01 secs] 
2013-01-19T17:08:55.262+0800: 216602.485: [GC 216602.486: [ParNew: 1679018K->1171K(1887488K), 0.0075250 secs] 1789793K->111946K(3984640K), 0.0077010 secs] [Times: user=0.00 sys=0.00, real=0.01 secs] 
2013-01-19T17:09:19.246+0800: 216626.470: [GC 216626.470: [ParNew: 1678995K->1162K(1887488K), 0.0071960 secs] 1789770K->111937K(3984640K), 0.0073800 secs] [Times: user=0.01 sys=0.00, real=0.01 secs] 
2013-01-19T17:09:43.239+0800: 216650.463: [GC 216650.463: [ParNew: 1678986K->1158K(1887488K), 0.0071850 secs] 1789761K->111933K(3984640K), 0.0073580 secs] [Times: user=0.01 sys=0.00, real=0.01 secs] 
2013-01-19T17:10:06.988+0800: 216674.211: [GC 216674.211: [ParNew: 1678982K->1216K(1887488K), 0.0071800 secs] 1789757K->111991K(3984640K), 0.0073640 secs] [Times: user=0.01 sys=0.00, real=0.01 secs] 
2013-01-19T17:10:31.142+0800: 216698.365: [GC 216698.365: [ParNew: 1679040K->1386K(1887488K), 0.0074890 secs] 1789815K->112161K(3984640K), 0.0076690 secs] [Times: user=0.01 sys=0.00, real=0.01 secs] 
2013-01-19T17:10:55.273+0800: 216722.496: [GC 216722.496: [ParNew: 1679210K->1265K(1887488K), 0.0073060 secs] 1789985K->112040K(3984640K), 0.0074960 secs] [Times: user=0.01 sys=0.00, real=0.01 secs] 
2013-01-19T17:11:19.295+0800: 216746.519: [GC 216746.519: [ParNew: 1679089K->1285K(1887488K), 0.0074160 secs] 1789864K->112061K(3984640K), 0.0076040 secs] [Times: user=0.01 sys=0.00, real=0.01 secs] 
2013-01-19T17:11:43.305+0800: 216770.528: [GC 216770.529: [ParNew: 1679109K->1162K(1887488K), 0.0074810 secs] 1789885K->111962K(3984640K), 0.0076540 secs] [Times: user=0.01 sys=0.00, real=0.01 secs] 
2013-01-19T17:12:07.248+0800: 216794.471: [GC 216794.471: [ParNew: 1678986K->1192K(1887488K), 0.0066830 secs] 1789786K->112003K(3984640K), 0.0068640 secs] [Times: user=0.01 sys=0.00, real=0.01 secs] 
2013-01-19T17:12:33.243+0800: 216820.466: [GC 216820.466: [ParNew: 1679016K->1191K(1887488K), 0.0068110 secs] 1789827K->112002K(3984640K), 0.0070040 secs] [Times: user=0.00 sys=0.00, real=0.01 secs] 
2013-01-19T17:12:57.482+0800: 216844.705: [GC 216844.705: [ParNew: 1679015K->977K(1887488K), 0.0066920 secs] 1789826K->111787K(3984640K), 0.0068530 secs] [Times: user=0.01 sys=0.00, real=0.01 secs] 
2013-01-19T17:13:26.760+0800: 216873.984: [GC 216873.984: [ParNew: 1678801K->1134K(1887488K), 0.0062150 secs] 1789611K->111945K(3984640K), 0.0063910 secs] [Times: user=0.00 sys=0.00, real=0.01 secs] 
2013-01-19T17:13:51.091+0800: 216898.315: [GC 216898.315: [ParNew: 1678958K->1107K(1887488K), 0.0072510 secs] 1789769K->111918K(3984640K), 0.0074270 secs] [Times: user=0.00 sys=0.00, real=0.01 secs] 
2013-01-19T17:14:15.261+0800: 216922.485: [GC 216922.485: [ParNew: 1678931K->1118K(1887488K), 0.0068440 secs] 1789742K->111929K(3984640K), 0.0070190 secs] [Times: user=0.00 sys=0.00, real=0.01 secs] 
2013-01-19T17:14:39.286+0800: 216946.510: [GC 216946.510: [ParNew: 1678942K->1094K(1887488K), 0.0066710 secs] 1789753K->111905K(3984640K), 0.0068430 secs] [Times: user=0.01 sys=0.00, real=0.01 secs] 
2013-01-19T17:15:03.534+0800: 216970.758: [GC 216970.758: [ParNew: 1678918K->1325K(1887488K), 0.0066010 secs] 1789729K->112137K(3984640K), 0.0067930 secs] [Times: user=0.01 sys=0.00, real=0.01 secs] 
2013-01-19T17:15:27.795+0800: 216995.018: [GC 216995.018: [ParNew: 1679149K->1162K(1887488K), 0.0069820 secs] 1789961K->111975K(3984640K), 0.0071580 secs] [Times: user=0.01 sys=0.01, real=0.01 secs] 
2013-01-19T17:15:52.165+0800: 217019.389: [GC 217019.389: [ParNew: 1678986K->1294K(1887488K), 0.0072630 secs] 1789799K->112106K(3984640K), 0.0074310 secs] [Times: user=0.00 sys=0.00, real=0.01 secs] 
2013-01-19T17:16:16.340+0800: 217043.563: [GC 217043.563: [ParNew: 1679118K->1135K(1887488K), 0.0073110 secs] 1789930K->111947K(3984640K), 0.0074810 secs] [Times: user=0.01 sys=0.00, real=0.01 secs] 
2013-01-19T17:16:40.423+0800: 217067.646: [GC 217067.646: [ParNew: 1678959K->1139K(1887488K), 0.0068790 secs] 1789771K->111970K(3984640K), 0.0070480 secs] [Times: user=0.01 sys=0.00, real=0.01 secs] 
2013-01-19T17:17:04.665+0800: 217091.889: [GC 217091.889: [ParNew: 1678963K->1132K(1887488K), 0.0068640 secs] 1789794K->111973K(3984640K), 0.0070320 secs] [Times: user=0.02 sys=0.00, real=0.00 secs] 
2013-01-19T17:17:35.999+0800: 217123.222: [GC 217123.222: [ParNew: 1678956K->1156K(1887488K), 0.0073700 secs] 1789797K->111997K(3984640K), 0.0075410 secs] [Times: user=0.01 sys=0.00, real=0.01 secs] 
2013-01-19T17:18:00.303+0800: 217147.526: [GC 217147.527: [ParNew: 1678980K->1205K(1887488K), 0.0078050 secs] 1789821K->112047K(3984640K), 0.0079840 secs] [Times: user=0.02 sys=0.00, real=0.01 secs] 
2013-01-19T17:18:24.283+0800: 217171.506: [GC 217171.506: [ParNew: 1679029K->1171K(1887488K), 0.0074630 secs] 1789871K->112013K(3984640K), 0.0076410 secs] [Times: user=0.01 sys=0.00, real=0.00 secs] 
2013-01-19T17:18:48.485+0800: 217195.708: [GC 217195.708: [ParNew: 1678995K->1298K(1887488K), 0.0068440 secs] 1789837K->112140K(3984640K), 0.0070320 secs] [Times: user=0.01 sys=0.00, real=0.01 secs] 
2013-01-19T17:19:12.722+0800: 217219.945: [GC 217219.945: [ParNew: 1679122K->1202K(1887488K), 0.0072630 secs] 1789964K->112045K(3984640K), 0.0074450 secs] [Times: user=0.01 sys=0.00, real=0.00 secs] 
2013-01-19T17:19:36.767+0800: 217243.990: [GC 217243.990: [ParNew: 1679026K->1182K(1887488K), 0.0074170 secs] 1789869K->112025K(3984640K), 0.0076290 secs] [Times: user=0.01 sys=0.00, real=0.01 secs] 
2013-01-19T17:20:00.777+0800: 217268.001: [GC 217268.001: [ParNew: 1679006K->1191K(1887488K), 0.0064050 secs] 1789849K->112034K(3984640K), 0.0066020 secs] [Times: user=0.01 sys=0.01, real=0.01 secs] 
2013-01-19T17:20:25.262+0800: 217292.485: [GC 217292.485: [ParNew: 1679015K->1285K(1887488K), 0.0082110 secs] 1789858K->112129K(3984640K), 0.0083990 secs] [Times: user=0.00 sys=0.00, real=0.01 secs] 
2013-01-19T17:20:49.450+0800: 217316.674: [GC 217316.674: [ParNew: 1679109K->1210K(1887488K), 0.0072540 secs] 1789953K->112053K(3984640K), 0.0074740 secs] [Times: user=0.01 sys=0.00, real=0.01 secs] 
2013-01-19T17:21:13.651+0800: 217340.875: [GC 217340.875: [ParNew: 1679034K->1277K(1887488K), 0.0074940 secs] 1789877K->112121K(3984640K), 0.0076700 secs] [Times: user=0.01 sys=0.00, real=0.01 secs] 
2013-01-19T17:21:37.776+0800: 217364.999: [GC 217365.000: [ParNew: 1679101K->1322K(1887488K), 0.0073670 secs] 1789945K->112190K(3984640K), 0.0075520 secs] [Times: user=0.01 sys=0.00, real=0.00 secs] 
2013-01-19T17:22:01.968+0800: 217389.192: [GC 217389.192: [ParNew: 1679146K->1211K(1887488K), 0.0067580 secs] 1790014K->112090K(3984640K), 0.0069380 secs] [Times: user=0.00 sys=0.00, real=0.01 secs] 
2013-01-19T17:22:26.282+0800: 217413.506: [GC 217413.506: [ParNew: 1679035K->1315K(1887488K), 0.0074790 secs] 1789914K->112194K(3984640K), 0.0076650 secs] [Times: user=0.01 sys=0.00, real=0.01 secs] 
2013-01-19T17:22:50.373+0800: 217437.596: [GC 217437.596: [ParNew: 1679139K->1197K(1887488K), 0.0073260 secs] 1790018K->112075K(3984640K), 0.0074850 secs] [Times: user=0.01 sys=0.00, real=0.00 secs] 
2013-01-19T17:23:14.615+0800: 217461.838: [GC 217461.838: [ParNew: 1679021K->1339K(1887488K), 0.0073670 secs] 1789899K->112217K(3984640K), 0.0075430 secs] [Times: user=0.02 sys=0.00, real=0.01 secs] 
2013-01-19T17:23:38.863+0800: 217486.086: [GC 217486.087: [ParNew: 1679163K->1262K(1887488K), 0.0075170 secs] 1790041K->112141K(3984640K), 0.0076950 secs] [Times: user=0.02 sys=0.00, real=0.01 secs] 
2013-01-19T17:24:02.954+0800: 217510.178: [GC 217510.178: [ParNew: 1679086K->1213K(1887488K), 0.0070640 secs] 1789965K->112091K(3984640K), 0.0072340 secs] [Times: user=0.00 sys=0.00, real=0.01 secs] 
2013-01-19T17:24:27.299+0800: 217534.523: [GC 217534.523: [ParNew: 1679037K->1185K(1887488K), 0.0067000 secs] 1789915K->112064K(3984640K), 0.0068870 secs] [Times: user=0.01 sys=0.00, real=0.00 secs] 
2013-01-19T17:24:56.704+0800: 217563.927: [GC 217563.927: [ParNew: 1679009K->1234K(1887488K), 0.0067320 secs] 1789888K->112114K(3984640K), 0.0069100 secs] [Times: user=0.01 sys=0.00, real=0.01 secs] 
2013-01-19T17:25:21.228+0800: 217588.452: [GC 217588.452: [ParNew: 1679058K->1264K(1887488K), 0.0071280 secs] 1789938K->112143K(3984640K), 0.0073060 secs] [Times: user=0.01 sys=0.00, real=0.00 secs] 
2013-01-19T17:25:45.381+0800: 217612.604: [GC 217612.604: [ParNew: 1679088K->1213K(1887488K), 0.0072510 secs] 1789967K->112093K(3984640K), 0.0074350 secs] [Times: user=0.02 sys=0.00, real=0.01 secs] 
2013-01-19T17:26:09.829+0800: 217637.053: [GC 217637.053: [ParNew: 1679037K->1259K(1887488K), 0.0069060 secs] 1789917K->112138K(3984640K), 0.0070960 secs] [Times: user=0.00 sys=0.00, real=0.01 secs] 
2013-01-19T17:26:34.278+0800: 217661.501: [GC 217661.501: [ParNew: 1679083K->1305K(1887488K), 0.0076000 secs] 1789962K->112205K(3984640K), 0.0077780 secs] [Times: user=0.01 sys=0.00, real=0.01 secs] 
2013-01-19T17:26:58.726+0800: 217685.950: [GC 217685.950: [ParNew: 1679129K->1315K(1887488K), 0.0074830 secs] 1790029K->112224K(3984640K), 0.0076640 secs] [Times: user=0.02 sys=0.00, real=0.01 secs] 
2013-01-19T17:27:23.172+0800: 217710.395: [GC 217710.395: [ParNew: 1679139K->1384K(1887488K), 0.0075370 secs] 1790048K->112293K(3984640K), 0.0077070 secs] [Times: user=0.00 sys=0.00, real=0.00 secs] 
2013-01-19T17:27:47.515+0800: 217734.739: [GC 217734.739: [ParNew: 1679208K->1195K(1887488K), 0.0068850 secs] 1790117K->112104K(3984640K), 0.0070670 secs] [Times: user=0.00 sys=0.00, real=0.01 secs] 
2013-01-19T17:28:16.960+0800: 217764.184: [GC 217764.184: [ParNew: 1679019K->1150K(1887488K), 0.0067910 secs] 1789928K->112060K(3984640K), 0.0069800 secs] [Times: user=0.00 sys=0.00, real=0.01 secs] 
2013-01-19T17:28:41.485+0800: 217788.708: [GC 217788.708: [ParNew: 1678974K->1314K(1887488K), 0.0072380 secs] 1789884K->112225K(3984640K), 0.0074150 secs] [Times: user=0.01 sys=0.00, real=0.01 secs] 
2013-01-19T17:29:06.041+0800: 217813.265: [GC 217813.265: [ParNew: 1679138K->1205K(1887488K), 0.0071610 secs] 1790049K->112116K(3984640K), 0.0073320 secs] [Times: user=0.00 sys=0.00, real=0.01 secs] 
2013-01-19T17:29:30.403+0800: 217837.626: [GC 217837.626: [ParNew: 1679029K->1621K(1887488K), 0.0074210 secs] 1789940K->112532K(3984640K), 0.0075990 secs] [Times: user=0.02 sys=0.00, real=0.01 secs] 
2013-01-19T17:29:54.705+0800: 217861.929: [GC 217861.929: [ParNew: 1679445K->1810K(1887488K), 0.0071690 secs] 1790356K->112721K(3984640K), 0.0073370 secs] [Times: user=0.01 sys=0.00, real=0.00 secs] 
2013-01-19T17:30:19.181+0800: 217886.405: [GC 217886.405: [ParNew: 1679634K->1893K(1887488K), 0.0080650 secs] 1790545K->112803K(3984640K), 0.0082430 secs] [Times: user=0.01 sys=0.00, real=0.01 secs] 
2013-01-19T17:30:43.523+0800: 217910.747: [GC 217910.747: [ParNew: 1679717K->1934K(1887488K), 0.0075070 secs] 1790627K->112845K(3984640K), 0.0076840 secs] [Times: user=0.01 sys=0.00, real=0.00 secs] 
2013-01-19T17:31:07.897+0800: 217935.121: [GC 217935.121: [ParNew: 1679758K->1645K(1887488K), 0.0080130 secs] 1790669K->112962K(3984640K), 0.0082100 secs] [Times: user=0.02 sys=0.00, real=0.01 secs] 
2013-01-19T17:31:37.441+0800: 217964.664: [GC 217964.664: [ParNew: 1679469K->1325K(1887488K), 0.0074730 secs] 1790786K->112667K(3984640K), 0.0076630 secs] [Times: user=0.02 sys=0.00, real=0.00 secs] 
2013-01-19T17:32:01.845+0800: 217989.069: [GC 217989.069: [ParNew: 1679149K->1210K(1887488K), 0.0073350 secs] 1790491K->112552K(3984640K), 0.0075170 secs] [Times: user=0.00 sys=0.00, real=0.01 secs] 
2013-01-19T17:32:26.236+0800: 218013.460: [GC 218013.460: [ParNew: 1679034K->1282K(1887488K), 0.0072190 secs] 1790376K->112634K(3984640K), 0.0074030 secs] [Times: user=0.01 sys=0.00, real=0.01 secs] 
2013-01-19T17:32:50.970+0800: 218038.194: [GC 218038.194: [ParNew: 1679106K->1137K(1887488K), 0.0072090 secs] 1790458K->112489K(3984640K), 0.0073870 secs] [Times: user=0.01 sys=0.00, real=0.01 secs] 
2013-01-19T17:33:15.383+0800: 218062.606: [GC 218062.606: [ParNew: 1678961K->1299K(1887488K), 0.0072250 secs] 1790313K->112652K(3984640K), 0.0074060 secs] [Times: user=0.00 sys=0.00, real=0.01 secs] 
2013-01-19T17:33:39.749+0800: 218086.973: [GC 218086.973: [ParNew: 1679123K->1226K(1887488K), 0.0073450 secs] 1790476K->112579K(3984640K), 0.0075160 secs] [Times: user=0.01 sys=0.00, real=0.01 secs] 
2013-01-19T17:34:04.044+0800: 218111.268: [GC 218111.268: [ParNew: 1679050K->1110K(1887488K), 0.0074590 secs] 1790403K->112463K(3984640K), 0.0076460 secs] [Times: user=0.01 sys=0.00, real=0.01 secs] 
2013-01-19T17:34:28.184+0800: 218135.408: [GC 218135.408: [ParNew: 1678934K->948K(1887488K), 0.0066090 secs] 1790287K->112301K(3984640K), 0.0067820 secs] [Times: user=0.01 sys=0.00, real=0.00 secs] 
2013-01-19T17:34:57.434+0800: 218164.657: [GC 218164.658: [ParNew: 1678772K->1195K(1887488K), 0.0071810 secs] 1790125K->112547K(3984640K), 0.0073610 secs] [Times: user=0.01 sys=0.00, real=0.00 secs] 
2013-01-19T17:35:21.817+0800: 218189.041: [GC 218189.041: [ParNew: 1679019K->1218K(1887488K), 0.0067740 secs] 1790371K->112571K(3984640K), 0.0069610 secs] [Times: user=0.01 sys=0.00, real=0.01 secs] 
2013-01-19T17:35:46.361+0800: 218213.585: [GC 218213.585: [ParNew: 1679042K->1273K(1887488K), 0.0079710 secs] 1790395K->112627K(3984640K), 0.0081420 secs] [Times: user=0.02 sys=0.00, real=0.01 secs] 
2013-01-19T17:36:10.999+0800: 218238.223: [GC 218238.223: [ParNew: 1679097K->1258K(1887488K), 0.0068010 secs] 1790451K->112612K(3984640K), 0.0069850 secs] [Times: user=0.01 sys=0.00, real=0.01 secs] 
2013-01-19T17:36:35.391+0800: 218262.614: [GC 218262.615: [ParNew: 1679082K->1190K(1887488K), 0.0070390 secs] 1790436K->112562K(3984640K), 0.0072520 secs] [Times: user=0.01 sys=0.00, real=0.02 secs] 
2013-01-19T17:37:00.098+0800: 218287.321: [GC 218287.321: [ParNew: 1679014K->1124K(1887488K), 0.0070320 secs] 1790386K->112506K(3984640K), 0.0072240 secs] [Times: user=0.02 sys=0.00, real=0.01 secs] 
2013-01-19T17:37:29.458+0800: 218316.682: [GC 218316.682: [ParNew: 1678948K->1120K(1887488K), 0.0070360 secs] 1790330K->112503K(3984640K), 0.0072710 secs] [Times: user=0.01 sys=0.00, real=0.00 secs] 
2013-01-19T17:37:53.968+0800: 218341.191: [GC 218341.191: [ParNew: 1678944K->1072K(1887488K), 0.0089210 secs] 1790327K->112455K(3984640K), 0.0091430 secs] [Times: user=0.01 sys=0.00, real=0.01 secs] 
2013-01-19T17:38:18.450+0800: 218365.673: [GC 218365.673: [ParNew: 1678896K->1159K(1887488K), 0.0081520 secs] 1790279K->112542K(3984640K), 0.0083260 secs] [Times: user=0.00 sys=0.00, real=0.01 secs] 
2013-01-19T17:38:44.810+0800: 218392.034: [GC 218392.034: [ParNew: 1678983K->1104K(1887488K), 0.0077830 secs] 1790366K->112487K(3984640K), 0.0079800 secs] [Times: user=0.01 sys=0.00, real=0.01 secs] 
2013-01-19T17:39:09.111+0800: 218416.334: [GC 218416.334: [ParNew: 1678928K->1123K(1887488K), 0.0087740 secs] 1790311K->112507K(3984640K), 0.0089240 secs] [Times: user=0.01 sys=0.00, real=0.01 secs] 
2013-01-19T17:39:47.451+0800: 218454.675: [GC 218454.675: [ParNew: 1678947K->1142K(1887488K), 0.0077190 secs] 1790331K->112525K(3984640K), 0.0078780 secs] [Times: user=0.00 sys=0.00, real=0.00 secs] 
2013-01-19T17:40:11.460+0800: 218478.684: [GC 218478.684: [ParNew: 1678966K->1183K(1887488K), 0.0077900 secs] 1790349K->112567K(3984640K), 0.0079690 secs] [Times: user=0.01 sys=0.00, real=0.00 secs] 
2013-01-19T17:40:35.580+0800: 218502.803: [GC 218502.803: [ParNew: 1679007K->1189K(1887488K), 0.0088790 secs] 1790391K->112573K(3984640K), 0.0090320 secs] [Times: user=0.02 sys=0.00, real=0.01 secs] 
2013-01-19T17:40:59.609+0800: 218526.833: [GC 218526.833: [ParNew: 1679013K->1164K(1887488K), 0.0077390 secs] 1790397K->112548K(3984640K), 0.0079060 secs] [Times: user=0.01 sys=0.00, real=0.00 secs] 
2013-01-19T17:41:23.666+0800: 218550.890: [GC 218550.890: [ParNew: 1678988K->1343K(1887488K), 0.0111100 secs] 1790372K->112727K(3984640K), 0.0112530 secs] [Times: user=0.00 sys=0.00, real=0.02 secs] 
2013-01-19T17:41:47.864+0800: 218575.088: [GC 218575.088: [ParNew: 1679167K->1154K(1887488K), 0.0113280 secs] 1790551K->112563K(3984640K), 0.0114820 secs] [Times: user=0.00 sys=0.00, real=0.01 secs] 
2013-01-19T17:42:12.176+0800: 218599.400: [GC 218599.400: [ParNew: 1678978K->1147K(1887488K), 0.0075310 secs] 1790387K->112566K(3984640K), 0.0077240 secs] [Times: user=0.01 sys=0.00, real=0.00 secs] 
2013-01-19T17:42:36.284+0800: 218623.508: [GC 218623.508: [ParNew: 1678971K->1143K(1887488K), 0.0081160 secs] 1790390K->112562K(3984640K), 0.0082920 secs] [Times: user=0.01 sys=0.00, real=0.01 secs] 
2013-01-19T17:43:00.478+0800: 218647.701: [GC 218647.701: [ParNew: 1678967K->1029K(1887488K), 0.0075170 secs] 1790386K->112448K(3984640K), 0.0077010 secs] [Times: user=0.01 sys=0.00, real=0.01 secs] 
2013-01-19T17:43:26.397+0800: 218673.621: [GC 218673.621: [ParNew: 1678853K->1066K(1887488K), 0.0081380 secs] 1790272K->112485K(3984640K), 0.0082790 secs] [Times: user=0.01 sys=0.00, real=0.01 secs] 
2013-01-19T17:43:49.881+0800: 218697.105: [GC 218697.105: [ParNew: 1678890K->1114K(1887488K), 0.0103570 secs] 1790309K->112534K(3984640K), 0.0105370 secs] [Times: user=0.01 sys=0.00, real=0.00 secs] 
2013-01-19T17:44:13.600+0800: 218720.823: [GC 218720.824: [ParNew: 1678938K->1065K(1887488K), 0.0077290 secs] 1790358K->112485K(3984640K), 0.0079020 secs] [Times: user=0.00 sys=0.00, real=0.01 secs] 
2013-01-19T17:44:37.407+0800: 218744.630: [GC 218744.630: [ParNew: 1678889K->1050K(1887488K), 0.0071480 secs] 1790309K->112470K(3984640K), 0.0073120 secs] [Times: user=0.00 sys=0.00, real=0.01 secs] 
2013-01-19T17:45:01.083+0800: 218768.306: [GC 218768.306: [ParNew: 1678874K->1167K(1887488K), 0.0071850 secs] 1790294K->112587K(3984640K), 0.0073550 secs] [Times: user=0.01 sys=0.00, real=0.01 secs] 
2013-01-19T17:45:24.991+0800: 218792.215: [GC 218792.215: [ParNew: 1678991K->1292K(1887488K), 0.0069870 secs] 1790411K->112712K(3984640K), 0.0071650 secs] [Times: user=0.01 sys=0.00, real=0.01 secs] 
2013-01-19T17:45:49.000+0800: 218816.223: [GC 218816.223: [ParNew: 1679116K->1196K(1887488K), 0.0111110 secs] 1790536K->112617K(3984640K), 0.0112590 secs] [Times: user=0.01 sys=0.00, real=0.01 secs] 
2013-01-19T17:46:12.769+0800: 218839.992: [GC 218839.992: [ParNew: 1679020K->1110K(1887488K), 0.0083240 secs] 1790441K->112531K(3984640K), 0.0085440 secs] [Times: user=0.01 sys=0.00, real=0.01 secs] 
2013-01-19T17:46:36.793+0800: 218864.016: [GC 218864.017: [ParNew: 1678934K->1223K(1887488K), 0.0095690 secs] 1790355K->112662K(3984640K), 0.0097180 secs] [Times: user=0.01 sys=0.00, real=0.01 secs] 
2013-01-19T17:47:00.821+0800: 218888.045: [GC 218888.045: [ParNew: 1679047K->1121K(1887488K), 0.0072850 secs] 1790486K->112570K(3984640K), 0.0074450 secs] [Times: user=0.01 sys=0.00, real=0.01 secs] 
2013-01-19T17:47:25.030+0800: 218912.253: [GC 218912.253: [ParNew: 1678945K->1142K(1887488K), 0.0069260 secs] 1790394K->112591K(3984640K), 0.0071050 secs] [Times: user=0.01 sys=0.00, real=0.01 secs] 
2013-01-19T17:47:49.431+0800: 218936.654: [GC 218936.654: [ParNew: 1678966K->1265K(1887488K), 0.0077570 secs] 1790415K->112714K(3984640K), 0.0079490 secs] [Times: user=0.01 sys=0.00, real=0.01 secs] 
2013-01-19T17:48:13.614+0800: 218960.837: [GC 218960.837: [ParNew: 1679089K->1092K(1887488K), 0.0078670 secs] 1790538K->112542K(3984640K), 0.0080630 secs] [Times: user=0.00 sys=0.00, real=0.00 secs] 
2013-01-19T17:48:38.023+0800: 218985.247: [GC 218985.247: [ParNew: 1678916K->1202K(1887488K), 0.0073610 secs] 1790366K->112652K(3984640K), 0.0075410 secs] [Times: user=0.01 sys=0.00, real=0.01 secs] 
2013-01-19T17:49:02.148+0800: 219009.372: [GC 219009.372: [ParNew: 1679026K->1024K(1887488K), 0.0098740 secs] 1790476K->112474K(3984640K), 0.0100430 secs] [Times: user=0.01 sys=0.00, real=0.00 secs] 
2013-01-19T17:49:26.298+0800: 219033.522: [GC 219033.522: [ParNew: 1678848K->1094K(1887488K), 0.0074550 secs] 1790298K->112544K(3984640K), 0.0076220 secs] [Times: user=0.01 sys=0.00, real=0.01 secs] 
2013-01-19T17:49:50.423+0800: 219057.647: [GC 219057.647: [ParNew: 1678918K->1189K(1887488K), 0.0073370 secs] 1790368K->112639K(3984640K), 0.0075300 secs] [Times: user=0.00 sys=0.00, real=0.01 secs] 
2013-01-19T17:50:14.537+0800: 219081.760: [GC 219081.760: [ParNew: 1679013K->1162K(1887488K), 0.0110190 secs] 1790463K->112613K(3984640K), 0.0111690 secs] [Times: user=0.01 sys=0.00, real=0.02 secs] 
2013-01-19T17:50:38.886+0800: 219106.110: [GC 219106.110: [ParNew: 1678986K->1299K(1887488K), 0.0082340 secs] 1790437K->112750K(3984640K), 0.0083740 secs] [Times: user=0.00 sys=0.00, real=0.01 secs] 
2013-01-19T17:51:03.176+0800: 219130.399: [GC 219130.400: [ParNew: 1679123K->1148K(1887488K), 0.0105150 secs] 1790574K->112599K(3984640K), 0.0106820 secs] [Times: user=0.01 sys=0.00, real=0.01 secs] 
2013-01-19T17:51:27.452+0800: 219154.675: [GC 219154.675: [ParNew: 1678972K->1091K(1887488K), 0.0077420 secs] 1790423K->112567K(3984640K), 0.0078890 secs] [Times: user=0.00 sys=0.00, real=0.01 secs] 
2013-01-19T17:51:51.796+0800: 219179.019: [GC 219179.019: [ParNew: 1678915K->951K(1887488K), 0.0108410 secs] 1790391K->112427K(3984640K), 0.0109910 secs] [Times: user=0.00 sys=0.00, real=0.01 secs] 
2013-01-19T17:52:20.997+0800: 219208.220: [GC 219208.220: [ParNew: 1678775K->1090K(1887488K), 0.0072140 secs] 1790251K->112576K(3984640K), 0.0073960 secs] [Times: user=0.01 sys=0.00, real=0.01 secs] 
2013-01-19T17:52:45.289+0800: 219232.513: [GC 219232.513: [ParNew: 1678914K->1070K(1887488K), 0.0081690 secs] 1790400K->112556K(3984640K), 0.0083400 secs] [Times: user=0.01 sys=0.00, real=0.01 secs] 
2013-01-19T17:53:09.844+0800: 219257.067: [GC 219257.068: [ParNew: 1678894K->1143K(1887488K), 0.0076280 secs] 1790380K->112629K(3984640K), 0.0078050 secs] [Times: user=0.00 sys=0.00, real=0.01 secs] 
2013-01-19T17:53:34.432+0800: 219281.656: [GC 219281.656: [ParNew: 1678967K->979K(1887488K), 0.0110830 secs] 1790453K->112466K(3984640K), 0.0112270 secs] [Times: user=0.01 sys=0.00, real=0.01 secs] 
2013-01-19T17:53:58.829+0800: 219306.053: [GC 219306.053: [ParNew: 1678803K->1080K(1887488K), 0.0112060 secs] 1790290K->112566K(3984640K), 0.0113980 secs] [Times: user=0.01 sys=0.00, real=0.01 secs] 
2013-01-19T17:54:23.363+0800: 219330.587: [GC 219330.587: [ParNew: 1678904K->1143K(1887488K), 0.0095330 secs] 1790390K->112629K(3984640K), 0.0096790 secs] [Times: user=0.01 sys=0.00, real=0.01 secs] 
2013-01-19T17:54:47.688+0800: 219354.912: [GC 219354.912: [ParNew: 1678967K->1015K(1887488K), 0.0085540 secs] 1790453K->112502K(3984640K), 0.0087400 secs] [Times: user=0.01 sys=0.00, real=0.01 secs] 
2013-01-19T17:55:11.877+0800: 219379.100: [GC 219379.100: [ParNew: 1678839K->1000K(1887488K), 0.0081930 secs] 1790326K->112487K(3984640K), 0.0083530 secs] [Times: user=0.00 sys=0.00, real=0.01 secs] 
2013-01-19T17:55:43.106+0800: 219410.329: [GC 219410.329: [ParNew: 1678824K->1141K(1887488K), 0.0144840 secs] 1790311K->112628K(3984640K), 0.0146520 secs] [Times: user=0.01 sys=0.00, real=0.01 secs] 
2013-01-19T17:56:07.070+0800: 219434.293: [GC 219434.293: [ParNew: 1678965K->1111K(1887488K), 0.0087260 secs] 1790452K->112598K(3984640K), 0.0088990 secs] [Times: user=0.01 sys=0.00, real=0.01 secs] 
2013-01-19T17:56:31.216+0800: 219458.440: [GC 219458.440: [ParNew: 1678935K->1195K(1887488K), 0.0069190 secs] 1790422K->112682K(3984640K), 0.0071040 secs] [Times: user=0.01 sys=0.00, real=0.01 secs] 
2013-01-19T17:56:55.587+0800: 219482.810: [GC 219482.810: [ParNew: 1679019K->1528K(1887488K), 0.0092830 secs] 1790506K->113034K(3984640K), 0.0094460 secs] [Times: user=0.00 sys=0.00, real=0.01 secs] 
2013-01-19T17:57:19.767+0800: 219506.990: [GC 219506.990: [ParNew: 1679352K->1552K(1887488K), 0.0083200 secs] 1790858K->113068K(3984640K), 0.0085060 secs] [Times: user=0.01 sys=0.00, real=0.01 secs] 
2013-01-19T17:57:44.036+0800: 219531.259: [GC 219531.259: [ParNew: 1679376K->1707K(1887488K), 0.0072910 secs] 1790892K->113223K(3984640K), 0.0074760 secs] [Times: user=0.01 sys=0.00, real=0.01 secs] 
2013-01-19T17:58:08.228+0800: 219555.452: [GC 219555.452: [ParNew: 1679531K->1510K(1887488K), 0.0076280 secs] 1791047K->113027K(3984640K), 0.0078080 secs] [Times: user=0.01 sys=0.00, real=0.01 secs] 
2013-01-19T17:58:32.463+0800: 219579.686: [GC 219579.686: [ParNew: 1679334K->1424K(1887488K), 0.0085820 secs] 1790851K->113243K(3984640K), 0.0087800 secs] [Times: user=0.00 sys=0.00, real=0.01 secs] 
2013-01-19T17:58:56.553+0800: 219603.776: [GC 219603.776: [ParNew: 1679248K->1131K(1887488K), 0.0069910 secs] 1791067K->112951K(3984640K), 0.0071680 secs] [Times: user=0.01 sys=0.00, real=0.01 secs] 
2013-01-19T17:59:20.580+0800: 219627.804: [GC 219627.804: [ParNew: 1678955K->1111K(1887488K), 0.0068820 secs] 1790775K->112931K(3984640K), 0.0070530 secs] [Times: user=0.00 sys=0.00, real=0.01 secs] 
2013-01-19T17:59:44.539+0800: 219651.762: [GC 219651.762: [ParNew: 1678935K->1565K(1887488K), 0.0070780 secs] 1790755K->113390K(3984640K), 0.0072590 secs] [Times: user=0.01 sys=0.00, real=0.01 secs] 
2013-01-19T17:59:49.179+0800: 219656.402: [Full GC (System) 219656.402: [CMS: 111825K->110386K(2097152K), 0.7768140 secs] 282107K->110386K(3984640K), [CMS Perm : 94668K->94661K(158240K)], 0.7769980 secs] [Times: user=0.76 sys=0.00, real=0.77 secs] 
2013-01-19T18:00:09.318+0800: 219676.541: [GC 219676.541: [ParNew: 1677824K->1377K(1887488K), 0.0069010 secs] 1788210K->111763K(3984640K), 0.0070760 secs] [Times: user=0.00 sys=0.00, real=0.01 secs] 
2013-01-19T18:00:33.668+0800: 219700.891: [GC 219700.891: [ParNew: 1679201K->1399K(1887488K), 0.0073110 secs] 1789587K->111785K(3984640K), 0.0074840 secs] [Times: user=0.00 sys=0.00, real=0.01 secs] 
2013-01-19T18:01:02.664+0800: 219729.888: [GC 219729.888: [ParNew: 1679223K->1727K(1887488K), 0.0069960 secs] 1789609K->112113K(3984640K), 0.0071950 secs] [Times: user=0.00 sys=0.00, real=0.01 secs] 
2013-01-19T18:01:27.293+0800: 219754.516: [GC 219754.516: [ParNew: 1679551K->1656K(1887488K), 0.0073080 secs] 1789937K->112042K(3984640K), 0.0074790 secs] [Times: user=0.00 sys=0.00, real=0.00 secs] 
2013-01-19T18:01:51.540+0800: 219778.763: [GC 219778.763: [ParNew: 1679480K->1446K(1887488K), 0.0073900 secs] 1789866K->111900K(3984640K), 0.0075700 secs] [Times: user=0.01 sys=0.00, real=0.00 secs] 
2013-01-19T18:02:15.790+0800: 219803.014: [GC 219803.014: [ParNew: 1679270K->1392K(1887488K), 0.0082380 secs] 1789724K->112050K(3984640K), 0.0084180 secs] [Times: user=0.02 sys=0.00, real=0.01 secs] 
2013-01-19T18:02:40.211+0800: 219827.434: [GC 219827.434: [ParNew: 1679216K->1136K(1887488K), 0.0068450 secs] 1789874K->111795K(3984640K), 0.0070470 secs] [Times: user=0.01 sys=0.01, real=0.01 secs] 
2013-01-19T18:03:04.357+0800: 219851.580: [GC 219851.580: [ParNew: 1678960K->1113K(1887488K), 0.0063610 secs] 1789619K->111771K(3984640K), 0.0065470 secs] [Times: user=0.01 sys=0.00, real=0.00 secs] 
2013-01-19T18:03:28.742+0800: 219875.965: [GC 219875.965: [ParNew: 1678937K->1132K(1887488K), 0.0069990 secs] 1789595K->111795K(3984640K), 0.0071780 secs] [Times: user=0.01 sys=0.00, real=0.01 secs] 
2013-01-19T18:03:52.952+0800: 219900.176: [GC 219900.176: [ParNew: 1678956K->1015K(1887488K), 0.0067840 secs] 1789619K->111679K(3984640K), 0.0069920 secs] [Times: user=0.00 sys=0.00, real=0.01 secs] 
2013-01-19T18:04:17.065+0800: 219924.288: [GC 219924.288: [ParNew: 1678839K->1026K(1887488K), 0.0065480 secs] 1789503K->111689K(3984640K), 0.0067160 secs] [Times: user=0.00 sys=0.01, real=0.00 secs] 
2013-01-19T18:04:41.485+0800: 219948.709: [GC 219948.709: [ParNew: 1678850K->1232K(1887488K), 0.0069630 secs] 1789513K->111896K(3984640K), 0.0071550 secs] [Times: user=0.01 sys=0.00, real=0.01 secs] 
2013-01-19T18:05:05.831+0800: 219973.055: [GC 219973.055: [ParNew: 1679056K->1009K(1887488K), 0.0070210 secs] 1789720K->111673K(3984640K), 0.0072040 secs] [Times: user=0.00 sys=0.00, real=0.00 secs] 
2013-01-19T18:05:35.179+0800: 220002.402: [GC 220002.402: [ParNew: 1678833K->1120K(1887488K), 0.0071370 secs] 1789497K->111785K(3984640K), 0.0073150 secs] [Times: user=0.01 sys=0.00, real=0.00 secs] 
2013-01-19T18:06:01.355+0800: 220028.579: [GC 220028.579: [ParNew: 1678944K->1200K(1887488K), 0.0069010 secs] 1789609K->111865K(3984640K), 0.0070920 secs] [Times: user=0.01 sys=0.00, real=0.01 secs] 
2013-01-19T18:06:25.116+0800: 220052.339: [GC 220052.339: [ParNew: 1679024K->1218K(1887488K), 0.0071350 secs] 1789689K->111883K(3984640K), 0.0073190 secs] [Times: user=0.01 sys=0.00, real=0.01 secs] 
2013-01-19T18:06:49.013+0800: 220076.236: [GC 220076.236: [ParNew: 1679042K->1132K(1887488K), 0.0074310 secs] 1789707K->111826K(3984640K), 0.0076030 secs] [Times: user=0.00 sys=0.01, real=0.01 secs] 
2013-01-19T18:07:14.482+0800: 220101.706: [GC 220101.706: [ParNew: 1678956K->1156K(1887488K), 0.0065300 secs] 1789650K->111860K(3984640K), 0.0067100 secs] [Times: user=0.01 sys=0.00, real=0.01 secs] 
2013-01-19T18:07:37.844+0800: 220125.068: [GC 220125.068: [ParNew: 1678980K->1084K(1887488K), 0.0059830 secs] 1789684K->111789K(3984640K), 0.0061610 secs] [Times: user=0.01 sys=0.00, real=0.01 secs] 
2013-01-19T18:07:56.262+0800: 220143.486: [GC 220143.486: [ParNew: 1678908K->1071K(1887488K), 0.0069440 secs] 1789613K->111776K(3984640K), 0.0071130 secs] [Times: user=0.01 sys=0.00, real=0.01 secs] 
2013-01-19T18:08:19.680+0800: 220166.903: [GC 220166.903: [ParNew: 1678895K->1178K(1887488K), 0.0064790 secs] 1789600K->111883K(3984640K), 0.0066450 secs] [Times: user=0.00 sys=0.00, real=0.01 secs] 
2013-01-19T18:08:42.951+0800: 220190.174: [GC 220190.175: [ParNew: 1679002K->1051K(1887488K), 0.0068200 secs] 1789707K->111756K(3984640K), 0.0070240 secs] [Times: user=0.01 sys=0.00, real=0.01 secs] 
2013-01-19T18:09:06.258+0800: 220213.481: [GC 220213.481: [ParNew: 1678875K->1088K(1887488K), 0.0059680 secs] 1789580K->111793K(3984640K), 0.0061510 secs] [Times: user=0.01 sys=0.00, real=0.01 secs] 
2013-01-19T18:09:24.816+0800: 220232.039: [GC 220232.040: [ParNew: 1678912K->875K(1887488K), 0.0062570 secs] 1789617K->111580K(3984640K), 0.0064220 secs] [Times: user=0.00 sys=0.00, real=0.01 secs] 
2013-01-19T18:09:47.990+0800: 220255.213: [GC 220255.213: [ParNew: 1678699K->1028K(1887488K), 0.0064650 secs] 1789404K->111733K(3984640K), 0.0066350 secs] [Times: user=0.02 sys=0.00, real=0.01 secs] 
2013-01-19T18:10:11.319+0800: 220278.542: [GC 220278.542: [ParNew: 1678852K->1091K(1887488K), 0.0064630 secs] 1789557K->111796K(3984640K), 0.0066290 secs] [Times: user=0.01 sys=0.00, real=0.01 secs] 
2013-01-19T18:10:35.110+0800: 220302.333: [GC 220302.333: [ParNew: 1678915K->1141K(1887488K), 0.0068010 secs] 1789620K->111846K(3984640K), 0.0069900 secs] [Times: user=0.01 sys=0.00, real=0.01 secs] 
2013-01-19T18:10:59.127+0800: 220326.350: [GC 220326.350: [ParNew: 1678965K->1327K(1887488K), 0.0074450 secs] 1789670K->112032K(3984640K), 0.0076240 secs] [Times: user=0.02 sys=0.00, real=0.00 secs] 
2013-01-19T18:11:22.951+0800: 220350.174: [GC 220350.174: [ParNew: 1679151K->1157K(1887488K), 0.0069290 secs] 1789856K->111863K(3984640K), 0.0071140 secs] [Times: user=0.00 sys=0.00, real=0.01 secs] 
2013-01-19T18:11:46.725+0800: 220373.948: [GC 220373.948: [ParNew: 1678981K->1184K(1887488K), 0.0070020 secs] 1789687K->111915K(3984640K), 0.0071810 secs] [Times: user=0.01 sys=0.00, real=0.01 secs] 
2013-01-19T18:12:10.540+0800: 220397.763: [GC 220397.763: [ParNew: 1679008K->1123K(1887488K), 0.0067550 secs] 1789739K->111864K(3984640K), 0.0069360 secs] [Times: user=0.00 sys=0.00, real=0.01 secs] 
2013-01-19T18:12:36.320+0800: 220423.544: [GC 220423.544: [ParNew: 1678947K->1174K(1887488K), 0.0073150 secs] 1789688K->111915K(3984640K), 0.0075120 secs] [Times: user=0.01 sys=0.00, real=0.01 secs] 
2013-01-19T18:13:00.300+0800: 220447.523: [GC 220447.524: [ParNew: 1678998K->1120K(1887488K), 0.0069570 secs] 1789739K->111861K(3984640K), 0.0071410 secs] [Times: user=0.01 sys=0.00, real=0.01 secs] 
2013-01-19T18:13:24.236+0800: 220471.459: [GC 220471.459: [ParNew: 1678944K->1089K(1887488K), 0.0072940 secs] 1789685K->111831K(3984640K), 0.0074790 secs] [Times: user=0.02 sys=0.00, real=0.01 secs] 
2013-01-19T18:13:48.233+0800: 220495.457: [GC 220495.457: [ParNew: 1678913K->1263K(1887488K), 0.0071990 secs] 1789655K->112004K(3984640K), 0.0073830 secs] [Times: user=0.00 sys=0.00, real=0.00 secs] 
2013-01-19T18:14:12.253+0800: 220519.477: [GC 220519.477: [ParNew: 1679087K->1112K(1887488K), 0.0069420 secs] 1789828K->111855K(3984640K), 0.0071300 secs] [Times: user=0.01 sys=0.00, real=0.01 secs] 
2013-01-19T18:14:36.286+0800: 220543.510: [GC 220543.510: [ParNew: 1678936K->1102K(1887488K), 0.0070070 secs] 1789679K->111845K(3984640K), 0.0071890 secs] [Times: user=0.01 sys=0.00, real=0.01 secs] 
2013-01-19T18:15:00.418+0800: 220567.641: [GC 220567.641: [ParNew: 1678926K->1189K(1887488K), 0.0072940 secs] 1789669K->111932K(3984640K), 0.0074770 secs] [Times: user=0.02 sys=0.00, real=0.01 secs] 
2013-01-19T18:15:24.448+0800: 220591.672: [GC 220591.672: [ParNew: 1679013K->1190K(1887488K), 0.0067560 secs] 1789756K->111932K(3984640K), 0.0069280 secs] [Times: user=0.00 sys=0.00, real=0.00 secs] 
2013-01-19T18:15:48.309+0800: 220615.532: [GC 220615.532: [ParNew: 1679014K->1136K(1887488K), 0.0066650 secs] 1789756K->111878K(3984640K), 0.0068420 secs] [Times: user=0.00 sys=0.00, real=0.00 secs] 
2013-01-19T18:16:12.282+0800: 220639.505: [GC 220639.505: [ParNew: 1678960K->1137K(1887488K), 0.0069150 secs] 1789702K->111881K(3984640K), 0.0070950 secs] [Times: user=0.01 sys=0.00, real=0.01 secs] 
2013-01-19T18:16:36.449+0800: 220663.673: [GC 220663.673: [ParNew: 1678961K->1178K(1887488K), 0.0071100 secs] 1789705K->111940K(3984640K), 0.0072950 secs] [Times: user=0.00 sys=0.00, real=0.01 secs] 
2013-01-19T18:17:00.599+0800: 220687.822: [GC 220687.822: [ParNew: 1679002K->1279K(1887488K), 0.0064230 secs] 1789764K->112051K(3984640K), 0.0066000 secs] [Times: user=0.00 sys=0.00, real=0.01 secs] 
2013-01-19T18:17:24.827+0800: 220712.050: [GC 220712.050: [ParNew: 1679103K->1172K(1887488K), 0.0069390 secs] 1789875K->111945K(3984640K), 0.0071210 secs] [Times: user=0.01 sys=0.00, real=0.01 secs] 
2013-01-19T18:17:48.987+0800: 220736.211: [GC 220736.211: [ParNew: 1678996K->1199K(1887488K), 0.0071240 secs] 1789769K->111972K(3984640K), 0.0072930 secs] [Times: user=0.00 sys=0.00, real=0.01 secs] 
2013-01-19T18:18:13.212+0800: 220760.435: [GC 220760.436: [ParNew: 1679023K->1142K(1887488K), 0.0078960 secs] 1789796K->111914K(3984640K), 0.0080760 secs] [Times: user=0.01 sys=0.00, real=0.01 secs] 
2013-01-19T18:18:37.289+0800: 220784.512: [GC 220784.512: [ParNew: 1678966K->1171K(1887488K), 0.0063750 secs] 1789738K->111944K(3984640K), 0.0065540 secs] [Times: user=0.01 sys=0.00, real=0.00 secs] 
2013-01-19T18:19:01.292+0800: 220808.516: [GC 220808.516: [ParNew: 1678995K->1115K(1887488K), 0.0074990 secs] 1789768K->111888K(3984640K), 0.0076750 secs] [Times: user=0.01 sys=0.00, real=0.01 secs] 
2013-01-19T18:19:25.374+0800: 220832.597: [GC 220832.597: [ParNew: 1678939K->1213K(1887488K), 0.0070960 secs] 1789712K->111986K(3984640K), 0.0072620 secs] [Times: user=0.00 sys=0.00, real=0.01 secs] 
2013-01-19T18:19:49.572+0800: 220856.795: [GC 220856.795: [ParNew: 1679037K->1277K(1887488K), 0.0073780 secs] 1789810K->112051K(3984640K), 0.0075470 secs] [Times: user=0.01 sys=0.00, real=0.01 secs] 
2013-01-19T18:20:13.495+0800: 220880.719: [GC 220880.719: [ParNew: 1679101K->1268K(1887488K), 0.0071200 secs] 1789875K->112041K(3984640K), 0.0072970 secs] [Times: user=0.00 sys=0.00, real=0.00 secs] 
2013-01-19T18:20:37.517+0800: 220904.741: [GC 220904.741: [ParNew: 1679092K->1290K(1887488K), 0.0093590 secs] 1789865K->112064K(3984640K), 0.0095330 secs] [Times: user=0.01 sys=0.00, real=0.01 secs] 
2013-01-19T18:21:01.561+0800: 220928.784: [GC 220928.784: [ParNew: 1679114K->1319K(1887488K), 0.0074280 secs] 1789888K->112093K(3984640K), 0.0076150 secs] [Times: user=0.00 sys=0.00, real=0.01 secs] 
2013-01-19T18:21:25.229+0800: 220952.452: [GC 220952.452: [ParNew: 1679143K->1257K(1887488K), 0.0079800 secs] 1789917K->112031K(3984640K), 0.0081470 secs] [Times: user=0.01 sys=0.00, real=0.01 secs] 
2013-01-19T18:21:49.085+0800: 220976.309: [GC 220976.309: [ParNew: 1679081K->1273K(1887488K), 0.0075390 secs] 1789855K->112071K(3984640K), 0.0076920 secs] [Times: user=0.01 sys=0.00, real=0.00 secs] 
2013-01-19T18:22:12.942+0800: 221000.165: [GC 221000.165: [ParNew: 1679097K->1249K(1887488K), 0.0073230 secs] 1789895K->112057K(3984640K), 0.0075100 secs] [Times: user=0.00 sys=0.00, real=0.01 secs] 
2013-01-19T18:22:36.754+0800: 221023.978: [GC 221023.978: [ParNew: 1679073K->1326K(1887488K), 0.0082370 secs] 1789881K->112136K(3984640K), 0.0084360 secs] [Times: user=0.02 sys=0.01, real=0.01 secs] 
2013-01-19T18:23:00.644+0800: 221047.868: [GC 221047.868: [ParNew: 1679150K->1228K(1887488K), 0.0080200 secs] 1789960K->112038K(3984640K), 0.0081990 secs] [Times: user=0.01 sys=0.00, real=0.01 secs] 
2013-01-19T18:23:24.655+0800: 221071.879: [GC 221071.879: [ParNew: 1679052K->1273K(1887488K), 0.0072150 secs] 1789862K->112082K(3984640K), 0.0073920 secs] [Times: user=0.00 sys=0.01, real=0.01 secs] 
2013-01-19T18:23:48.664+0800: 221095.887: [GC 221095.887: [ParNew: 1679097K->1331K(1887488K), 0.0078030 secs] 1789906K->112140K(3984640K), 0.0079720 secs] [Times: user=0.01 sys=0.00, real=0.01 secs] 
2013-01-19T18:24:12.672+0800: 221119.896: [GC 221119.896: [ParNew: 1679155K->1232K(1887488K), 0.0074980 secs] 1789964K->112041K(3984640K), 0.0076860 secs] [Times: user=0.01 sys=0.00, real=0.01 secs] 
2013-01-19T18:24:36.566+0800: 221143.790: [GC 221143.790: [ParNew: 1679056K->1330K(1887488K), 0.0071070 secs] 1789865K->112140K(3984640K), 0.0072850 secs] [Times: user=0.00 sys=0.00, real=0.00 secs] 
2013-01-19T18:25:00.511+0800: 221167.735: [GC 221167.735: [ParNew: 1679154K->1387K(1887488K), 0.0073340 secs] 1789964K->112197K(3984640K), 0.0075150 secs] [Times: user=0.01 sys=0.00, real=0.01 secs] 
2013-01-19T18:25:19.250+0800: 221186.473: [GC 221186.473: [ParNew: 1679211K->1081K(1887488K), 0.0072320 secs] 1790021K->111891K(3984640K), 0.0074050 secs] [Times: user=0.00 sys=0.00, real=0.01 secs] 
2013-01-19T18:25:42.954+0800: 221210.178: [GC 221210.178: [ParNew: 1678905K->1202K(1887488K), 0.0074460 secs] 1789715K->112012K(3984640K), 0.0076390 secs] [Times: user=0.00 sys=0.00, real=0.01 secs] 
2013-01-19T18:26:06.399+0800: 221233.622: [GC 221233.623: [ParNew: 1679026K->1142K(1887488K), 0.0069470 secs] 1789836K->111952K(3984640K), 0.0071420 secs] [Times: user=0.01 sys=0.00, real=0.01 secs] 
2013-01-19T18:26:30.310+0800: 221257.533: [GC 221257.533: [ParNew: 1678966K->1316K(1887488K), 0.0069260 secs] 1789776K->112145K(3984640K), 0.0071080 secs] [Times: user=0.01 sys=0.00, real=0.01 secs] 
2013-01-19T18:26:54.048+0800: 221281.271: [GC 221281.272: [ParNew: 1679140K->1205K(1887488K), 0.0072470 secs] 1789969K->112035K(3984640K), 0.0074270 secs] [Times: user=0.00 sys=0.00, real=0.00 secs] 
2013-01-19T18:27:17.926+0800: 221305.149: [GC 221305.150: [ParNew: 1679029K->1222K(1887488K), 0.0071390 secs] 1789859K->112061K(3984640K), 0.0073270 secs] [Times: user=0.01 sys=0.00, real=0.01 secs] 
2013-01-19T18:27:41.848+0800: 221329.071: [GC 221329.071: [ParNew: 1679046K->1219K(1887488K), 0.0070760 secs] 1789885K->112059K(3984640K), 0.0072650 secs] [Times: user=0.01 sys=0.00, real=0.01 secs] 
2013-01-19T18:28:05.650+0800: 221352.873: [GC 221352.873: [ParNew: 1679043K->1234K(1887488K), 0.0073310 secs] 1789883K->112073K(3984640K), 0.0075100 secs] [Times: user=0.01 sys=0.01, real=0.01 secs] 
2013-01-19T18:28:29.510+0800: 221376.733: [GC 221376.734: [ParNew: 1679058K->1158K(1887488K), 0.0072620 secs] 1789897K->111997K(3984640K), 0.0074340 secs] [Times: user=0.00 sys=0.01, real=0.01 secs] 
2013-01-19T18:28:53.141+0800: 221400.365: [GC 221400.365: [ParNew: 1678982K->1195K(1887488K), 0.0072430 secs] 1789821K->112035K(3984640K), 0.0074150 secs] [Times: user=0.02 sys=0.00, real=0.01 secs] 
2013-01-19T18:29:16.831+0800: 221424.055: [GC 221424.055: [ParNew: 1679019K->1241K(1887488K), 0.0073650 secs] 1789859K->112081K(3984640K), 0.0075360 secs] [Times: user=0.01 sys=0.00, real=0.01 secs] 
2013-01-19T18:29:40.727+0800: 221447.951: [GC 221447.951: [ParNew: 1679065K->2249K(1887488K), 0.0078900 secs] 1789905K->113089K(3984640K), 0.0080710 secs] [Times: user=0.01 sys=0.00, real=0.01 secs] 
2013-01-19T18:29:59.440+0800: 221466.664: [GC 221466.664: [ParNew: 1680073K->2415K(1887488K), 0.0073510 secs] 1790913K->113256K(3984640K), 0.0075430 secs] [Times: user=0.02 sys=0.00, real=0.01 secs] 
2013-01-19T18:30:23.460+0800: 221490.684: [GC 221490.684: [ParNew: 1680239K->2708K(1887488K), 0.0079760 secs] 1791080K->113549K(3984640K), 0.0081750 secs] [Times: user=0.01 sys=0.00, real=0.00 secs] 
2013-01-19T18:30:47.229+0800: 221514.453: [GC 221514.453: [ParNew: 1680532K->2724K(1887488K), 0.0075480 secs] 1791373K->113565K(3984640K), 0.0077420 secs] [Times: user=0.00 sys=0.00, real=0.00 secs] 
2013-01-19T18:31:11.109+0800: 221538.332: [GC 221538.332: [ParNew: 1680548K->2153K(1887488K), 0.0107890 secs] 1791389K->114028K(3984640K), 0.0109900 secs] [Times: user=0.01 sys=0.01, real=0.02 secs] 
2013-01-19T18:31:34.866+0800: 221562.089: [GC 221562.090: [ParNew: 1679977K->1353K(1887488K), 0.0073950 secs] 1791852K->113252K(3984640K), 0.0075680 secs] [Times: user=0.00 sys=0.00, real=0.01 secs] 
2013-01-19T18:31:58.723+0800: 221585.946: [GC 221585.946: [ParNew: 1679177K->1221K(1887488K), 0.0073760 secs] 1791076K->113131K(3984640K), 0.0075490 secs] [Times: user=0.00 sys=0.00, real=0.01 secs] 
2013-01-19T18:32:22.621+0800: 221609.844: [GC 221609.844: [ParNew: 1679045K->1193K(1887488K), 0.0070240 secs] 1790955K->113102K(3984640K), 0.0072080 secs] [Times: user=0.01 sys=0.00, real=0.01 secs] 
2013-01-19T18:32:46.468+0800: 221633.691: [GC 221633.691: [ParNew: 1679017K->1177K(1887488K), 0.0065780 secs] 1790926K->113087K(3984640K), 0.0067480 secs] [Times: user=0.00 sys=0.00, real=0.00 secs] 
2013-01-19T18:33:10.394+0800: 221657.617: [GC 221657.618: [ParNew: 1679001K->1180K(1887488K), 0.0069760 secs] 1790911K->113089K(3984640K), 0.0071430 secs] [Times: user=0.01 sys=0.00, real=0.01 secs] 
2013-01-19T18:33:34.745+0800: 221681.968: [GC 221681.969: [ParNew: 1679004K->1244K(1887488K), 0.0075100 secs] 1790913K->113154K(3984640K), 0.0076770 secs] [Times: user=0.01 sys=0.00, real=0.01 secs] 
2013-01-19T18:33:58.742+0800: 221705.965: [GC 221705.965: [ParNew: 1679068K->1215K(1887488K), 0.0072940 secs] 1790978K->113125K(3984640K), 0.0074950 secs] [Times: user=0.00 sys=0.00, real=0.00 secs] 
2013-01-19T18:34:22.690+0800: 221729.913: [GC 221729.914: [ParNew: 1679039K->1188K(1887488K), 0.0082600 secs] 1790949K->113098K(3984640K), 0.0084440 secs] [Times: user=0.01 sys=0.00, real=0.00 secs] 
2013-01-19T18:34:46.607+0800: 221753.830: [GC 221753.830: [ParNew: 1679012K->1239K(1887488K), 0.0075590 secs] 1790922K->113149K(3984640K), 0.0077290 secs] [Times: user=0.01 sys=0.00, real=0.01 secs] 
2013-01-19T18:35:10.385+0800: 221777.609: [GC 221777.609: [ParNew: 1679063K->1246K(1887488K), 0.0067170 secs] 1790973K->113157K(3984640K), 0.0069450 secs] [Times: user=0.01 sys=0.00, real=0.01 secs] 
2013-01-19T18:35:34.187+0800: 221801.410: [GC 221801.410: [ParNew: 1679070K->1179K(1887488K), 0.0072500 secs] 1790981K->113090K(3984640K), 0.0074210 secs] [Times: user=0.01 sys=0.00, real=0.00 secs] 
2013-01-19T18:35:58.075+0800: 221825.298: [GC 221825.298: [ParNew: 1679003K->1182K(1887488K), 0.0076540 secs] 1790914K->113093K(3984640K), 0.0078340 secs] [Times: user=0.02 sys=0.00, real=0.01 secs] 
2013-01-19T18:36:22.085+0800: 221849.309: [GC 221849.309: [ParNew: 1679006K->1195K(1887488K), 0.0074350 secs] 1790917K->113106K(3984640K), 0.0076290 secs] [Times: user=0.01 sys=0.00, real=0.01 secs] 
2013-01-19T18:36:46.119+0800: 221873.343: [GC 221873.343: [ParNew: 1679019K->1275K(1887488K), 0.0070050 secs] 1790930K->113204K(3984640K), 0.0071860 secs] [Times: user=0.02 sys=0.00, real=0.01 secs] 
2013-01-19T18:37:10.015+0800: 221897.239: [GC 221897.239: [ParNew: 1679099K->1165K(1887488K), 0.0069500 secs] 1791028K->113104K(3984640K), 0.0071320 secs] [Times: user=0.01 sys=0.00, real=0.00 secs] 
2013-01-19T18:37:34.062+0800: 221921.286: [GC 221921.286: [ParNew: 1678989K->1133K(1887488K), 0.0065400 secs] 1790928K->113073K(3984640K), 0.0067200 secs] [Times: user=0.01 sys=0.00, real=0.00 secs] 
2013-01-19T18:37:58.150+0800: 221945.374: [GC 221945.374: [ParNew: 1678957K->1172K(1887488K), 0.0075740 secs] 1790897K->113113K(3984640K), 0.0077460 secs] [Times: user=0.01 sys=0.00, real=0.01 secs] 
2013-01-19T18:38:22.173+0800: 221969.397: [GC 221969.397: [ParNew: 1678996K->1261K(1887488K), 0.0070070 secs] 1790937K->113202K(3984640K), 0.0071780 secs] [Times: user=0.01 sys=0.00, real=0.00 secs] 
2013-01-19T18:38:46.164+0800: 221993.388: [GC 221993.388: [ParNew: 1679085K->1251K(1887488K), 0.0072450 secs] 1791026K->113191K(3984640K), 0.0074150 secs] [Times: user=0.01 sys=0.00, real=0.01 secs] 
2013-01-19T18:39:09.947+0800: 222017.171: [GC 222017.171: [ParNew: 1679075K->1103K(1887488K), 0.0069870 secs] 1791015K->113044K(3984640K), 0.0071610 secs] [Times: user=0.01 sys=0.01, real=0.01 secs] 
2013-01-19T18:39:33.865+0800: 222041.088: [GC 222041.088: [ParNew: 1678927K->1253K(1887488K), 0.0069370 secs] 1790868K->113194K(3984640K), 0.0071090 secs] [Times: user=0.00 sys=0.00, real=0.01 secs] 
2013-01-19T18:39:52.649+0800: 222059.873: [GC 222059.873: [ParNew: 1679077K->1192K(1887488K), 0.0070270 secs] 1791018K->113133K(3984640K), 0.0072210 secs] [Times: user=0.00 sys=0.00, real=0.01 secs] 
2013-01-19T18:40:16.515+0800: 222083.738: [GC 222083.738: [ParNew: 1679016K->1178K(1887488K), 0.0069230 secs] 1790957K->113119K(3984640K), 0.0071070 secs] [Times: user=0.01 sys=0.00, real=0.01 secs] 
2013-01-19T18:40:40.135+0800: 222107.358: [GC 222107.358: [ParNew: 1679002K->1100K(1887488K), 0.0068250 secs] 1790943K->113042K(3984640K), 0.0069930 secs] [Times: user=0.01 sys=0.00, real=0.01 secs] 
2013-01-19T18:41:03.720+0800: 222130.944: [GC 222130.944: [ParNew: 1678924K->1131K(1887488K), 0.0071400 secs] 1790866K->113073K(3984640K), 0.0073340 secs] [Times: user=0.01 sys=0.00, real=0.01 secs] 
2013-01-19T18:41:27.368+0800: 222154.591: [GC 222154.591: [ParNew: 1678955K->1082K(1887488K), 0.0071660 secs] 1790897K->113047K(3984640K), 0.0073420 secs] [Times: user=0.02 sys=0.00, real=0.01 secs] 
2013-01-19T18:41:51.386+0800: 222178.610: [GC 222178.610: [ParNew: 1678906K->1083K(1887488K), 0.0066460 secs] 1790871K->113048K(3984640K), 0.0068480 secs] [Times: user=0.02 sys=0.00, real=0.01 secs] 
2013-01-19T18:42:17.361+0800: 222204.584: [GC 222204.584: [ParNew: 1678907K->1123K(1887488K), 0.0067280 secs] 1790872K->113099K(3984640K), 0.0069010 secs] [Times: user=0.01 sys=0.00, real=0.01 secs] 
2013-01-19T18:42:41.417+0800: 222228.641: [GC 222228.641: [ParNew: 1678947K->1082K(1887488K), 0.0064180 secs] 1790923K->113058K(3984640K), 0.0066350 secs] [Times: user=0.01 sys=0.00, real=0.01 secs] 
2013-01-19T18:43:05.453+0800: 222252.676: [GC 222252.676: [ParNew: 1678906K->1074K(1887488K), 0.0067900 secs] 1790882K->113050K(3984640K), 0.0069530 secs] [Times: user=0.01 sys=0.00, real=0.00 secs] 
2013-01-19T18:43:29.570+0800: 222276.794: [GC 222276.794: [ParNew: 1678898K->1138K(1887488K), 0.0070010 secs] 1790874K->113115K(3984640K), 0.0071670 secs] [Times: user=0.00 sys=0.00, real=0.01 secs] 
2013-01-19T18:43:53.676+0800: 222300.900: [GC 222300.900: [ParNew: 1678962K->1114K(1887488K), 0.0070390 secs] 1790939K->113091K(3984640K), 0.0072080 secs] [Times: user=0.01 sys=0.00, real=0.01 secs] 
2013-01-19T18:44:17.779+0800: 222325.003: [GC 222325.003: [ParNew: 1678938K->1061K(1887488K), 0.0067400 secs] 1790915K->113038K(3984640K), 0.0069020 secs] [Times: user=0.01 sys=0.00, real=0.01 secs] 
2013-01-19T18:44:41.954+0800: 222349.178: [GC 222349.178: [ParNew: 1678885K->1134K(1887488K), 0.0058920 secs] 1790862K->113111K(3984640K), 0.0060700 secs] [Times: user=0.01 sys=0.00, real=0.01 secs] 
2013-01-19T18:45:06.094+0800: 222373.317: [GC 222373.317: [ParNew: 1678958K->1125K(1887488K), 0.0069390 secs] 1790935K->113103K(3984640K), 0.0071400 secs] [Times: user=0.02 sys=0.00, real=0.01 secs] 
2013-01-19T18:45:30.265+0800: 222397.488: [GC 222397.488: [ParNew: 1678949K->1157K(1887488K), 0.0073590 secs] 1790927K->113134K(3984640K), 0.0075300 secs] [Times: user=0.00 sys=0.00, real=0.00 secs] 
2013-01-19T18:45:54.469+0800: 222421.693: [GC 222421.693: [ParNew: 1678981K->945K(1887488K), 0.0065430 secs] 1790958K->112922K(3984640K), 0.0067000 secs] [Times: user=0.00 sys=0.00, real=0.01 secs] 
2013-01-19T18:46:23.499+0800: 222450.722: [GC 222450.722: [ParNew: 1678769K->1134K(1887488K), 0.0065270 secs] 1790746K->113111K(3984640K), 0.0067080 secs] [Times: user=0.02 sys=0.00, real=0.01 secs] 
2013-01-19T18:46:42.598+0800: 222469.822: [GC 222469.822: [ParNew: 1678958K->974K(1887488K), 0.0066400 secs] 1790935K->112971K(3984640K), 0.0068080 secs] [Times: user=0.01 sys=0.00, real=0.01 secs] 
2013-01-19T18:47:06.540+0800: 222493.763: [GC 222493.763: [ParNew: 1678798K->1109K(1887488K), 0.0069220 secs] 1790795K->113116K(3984640K), 0.0071060 secs] [Times: user=0.01 sys=0.00, real=0.01 secs] 
2013-01-19T18:47:30.823+0800: 222518.047: [GC 222518.047: [ParNew: 1678933K->915K(1887488K), 0.0069300 secs] 1790940K->112922K(3984640K), 0.0070960 secs] [Times: user=0.01 sys=0.00, real=0.01 secs] 
2013-01-19T18:47:54.652+0800: 222541.875: [GC 222541.876: [ParNew: 1678739K->925K(1887488K), 0.0068200 secs] 1790746K->112932K(3984640K), 0.0069800 secs] [Times: user=0.01 sys=0.00, real=0.01 secs] 
2013-01-19T18:48:18.596+0800: 222565.819: [GC 222565.819: [ParNew: 1678749K->1205K(1887488K), 0.0072460 secs] 1790756K->113212K(3984640K), 0.0074450 secs] [Times: user=0.01 sys=0.00, real=0.01 secs] 
2013-01-19T18:48:42.603+0800: 222589.826: [GC 222589.826: [ParNew: 1679029K->1093K(1887488K), 0.0069600 secs] 1791036K->113100K(3984640K), 0.0071380 secs] [Times: user=0.02 sys=0.00, real=0.01 secs] 
2013-01-19T18:49:06.714+0800: 222613.937: [GC 222613.937: [ParNew: 1678917K->1085K(1887488K), 0.0065700 secs] 1790924K->113094K(3984640K), 0.0067530 secs] [Times: user=0.01 sys=0.00, real=0.01 secs] 
2013-01-19T18:49:30.746+0800: 222637.969: [GC 222637.969: [ParNew: 1678909K->1096K(1887488K), 0.0065900 secs] 1790918K->113104K(3984640K), 0.0067540 secs] [Times: user=0.01 sys=0.00, real=0.00 secs] 
2013-01-19T18:50:01.611+0800: 222668.834: [GC 222668.834: [ParNew: 1678920K->1191K(1887488K), 0.0071740 secs] 1790928K->113200K(3984640K), 0.0073560 secs] [Times: user=0.01 sys=0.00, real=0.01 secs] 
2013-01-19T18:50:25.907+0800: 222693.131: [GC 222693.131: [ParNew: 1679015K->1220K(1887488K), 0.0095380 secs] 1791024K->113228K(3984640K), 0.0097170 secs] [Times: user=0.01 sys=0.00, real=0.01 secs] 
2013-01-19T18:50:50.212+0800: 222717.435: [GC 222717.435: [ParNew: 1679044K->1314K(1887488K), 0.0069730 secs] 1791052K->113323K(3984640K), 0.0071430 secs] [Times: user=0.01 sys=0.00, real=0.00 secs] 
2013-01-19T18:51:14.628+0800: 222741.852: [GC 222741.852: [ParNew: 1679138K->1116K(1887488K), 0.0068840 secs] 1791147K->113125K(3984640K), 0.0070630 secs] [Times: user=0.01 sys=0.00, real=0.01 secs] 
2013-01-19T18:51:38.829+0800: 222766.053: [GC 222766.053: [ParNew: 1678940K->1200K(1887488K), 0.0064940 secs] 1790949K->113234K(3984640K), 0.0067110 secs] [Times: user=0.00 sys=0.00, real=0.00 secs] 
2013-01-19T18:52:10.178+0800: 222797.401: [GC 222797.401: [ParNew: 1679024K->1193K(1887488K), 0.0067260 secs] 1791058K->113236K(3984640K), 0.0069010 secs] [Times: user=0.00 sys=0.00, real=0.00 secs] 
2013-01-19T18:52:34.614+0800: 222821.837: [GC 222821.838: [ParNew: 1679017K->1001K(1887488K), 0.0062670 secs] 1791060K->113044K(3984640K), 0.0064400 secs] [Times: user=0.00 sys=0.00, real=0.01 secs] 
2013-01-19T18:52:58.743+0800: 222845.966: [GC 222845.966: [ParNew: 1678825K->1051K(1887488K), 0.0070380 secs] 1790868K->113095K(3984640K), 0.0072060 secs] [Times: user=0.00 sys=0.00, real=0.01 secs] 
2013-01-19T18:53:30.348+0800: 222877.571: [GC 222877.571: [ParNew: 1678875K->1159K(1887488K), 0.0065840 secs] 1790919K->113203K(3984640K), 0.0067660 secs] [Times: user=0.00 sys=0.00, real=0.01 secs] 
2013-01-19T18:53:54.648+0800: 222901.871: [GC 222901.872: [ParNew: 1678983K->1047K(1887488K), 0.0056010 secs] 1791027K->113091K(3984640K), 0.0057630 secs] [Times: user=0.00 sys=0.00, real=0.00 secs] 
2013-01-19T18:54:18.937+0800: 222926.160: [GC 222926.160: [ParNew: 1678871K->1125K(1887488K), 0.0063740 secs] 1790915K->113169K(3984640K), 0.0065360 secs] [Times: user=0.00 sys=0.00, real=0.00 secs] 
2013-01-19T18:54:43.293+0800: 222950.516: [GC 222950.517: [ParNew: 1678949K->1169K(1887488K), 0.0065590 secs] 1790993K->113213K(3984640K), 0.0067410 secs] [Times: user=0.00 sys=0.01, real=0.00 secs] 
2013-01-19T18:55:07.781+0800: 222975.005: [GC 222975.005: [ParNew: 1678993K->1141K(1887488K), 0.0070330 secs] 1791037K->113185K(3984640K), 0.0072120 secs] [Times: user=0.00 sys=0.00, real=0.00 secs] 
2013-01-19T18:55:32.588+0800: 222999.811: [GC 222999.811: [ParNew: 1678965K->1223K(1887488K), 0.0077120 secs] 1791009K->113267K(3984640K), 0.0078850 secs] [Times: user=0.01 sys=0.00, real=0.01 secs] 
2013-01-19T18:56:02.257+0800: 223029.480: [GC 223029.480: [ParNew: 1679047K->1190K(1887488K), 0.0070530 secs] 1791091K->113235K(3984640K), 0.0072310 secs] [Times: user=0.01 sys=0.00, real=0.01 secs] 
2013-01-19T18:56:26.731+0800: 223053.955: [GC 223053.955: [ParNew: 1679014K->1098K(1887488K), 0.0074390 secs] 1791059K->113143K(3984640K), 0.0076430 secs] [Times: user=0.00 sys=0.00, real=0.01 secs] 
2013-01-19T18:56:51.313+0800: 223078.536: [GC 223078.537: [ParNew: 1678922K->1174K(1887488K), 0.0070760 secs] 1790967K->113237K(3984640K), 0.0072460 secs] [Times: user=0.01 sys=0.00, real=0.01 secs] 
2013-01-19T18:57:15.927+0800: 223103.151: [GC 223103.151: [ParNew: 1678998K->1142K(1887488K), 0.0072520 secs] 1791061K->113215K(3984640K), 0.0074240 secs] [Times: user=0.01 sys=0.00, real=0.01 secs] 
2013-01-19T18:57:40.333+0800: 223127.556: [GC 223127.556: [ParNew: 1678966K->1106K(1887488K), 0.0069840 secs] 1791039K->113180K(3984640K), 0.0071510 secs] [Times: user=0.00 sys=0.00, real=0.01 secs] 
2013-01-19T18:58:04.781+0800: 223152.005: [GC 223152.005: [ParNew: 1678930K->1156K(1887488K), 0.0065800 secs] 1791004K->113230K(3984640K), 0.0067620 secs] [Times: user=0.00 sys=0.00, real=0.01 secs] 
2013-01-19T18:58:28.986+0800: 223176.209: [GC 223176.209: [ParNew: 1678980K->1061K(1887488K), 0.0064950 secs] 1791054K->113135K(3984640K), 0.0066680 secs] [Times: user=0.00 sys=0.00, real=0.00 secs] 
2013-01-19T18:58:58.379+0800: 223205.602: [GC 223205.602: [ParNew: 1678885K->1097K(1887488K), 0.0069930 secs] 1790959K->113171K(3984640K), 0.0071560 secs] [Times: user=0.00 sys=0.01, real=0.01 secs] 
2013-01-19T18:59:22.743+0800: 223229.967: [GC 223229.967: [ParNew: 1678921K->1040K(1887488K), 0.0067880 secs] 1790995K->113114K(3984640K), 0.0069500 secs] [Times: user=0.01 sys=0.00, real=0.00 secs] 
2013-01-19T18:59:47.116+0800: 223254.339: [GC 223254.339: [ParNew: 1678864K->1640K(1887488K), 0.0075420 secs] 1790938K->113715K(3984640K), 0.0077120 secs] [Times: user=0.01 sys=0.00, real=0.01 secs] 
2013-01-19T18:59:49.952+0800: 223257.175: [Full GC (System) 223257.175: [CMS: 112074K->110722K(2097152K), 0.7752920 secs] 482984K->110722K(3984640K), [CMS Perm : 94668K->94661K(158240K)], 0.7754760 secs] [Times: user=0.77 sys=0.00, real=0.77 secs] 
2013-01-19T19:00:13.192+0800: 223280.416: [GC 223280.416: [ParNew: 1677824K->1133K(1887488K), 0.0065620 secs] 1788546K->111856K(3984640K), 0.0067320 secs] [Times: user=0.01 sys=0.00, real=0.00 secs] 
2013-01-19T19:00:42.736+0800: 223309.960: [GC 223309.960: [ParNew: 1678957K->1616K(1887488K), 0.0068180 secs] 1789680K->112339K(3984640K), 0.0070090 secs] [Times: user=0.00 sys=0.00, real=0.00 secs] 
2013-01-19T19:01:07.234+0800: 223334.457: [GC 223334.457: [ParNew: 1679440K->1621K(1887488K), 0.0073370 secs] 1790163K->112344K(3984640K), 0.0075050 secs] [Times: user=0.01 sys=0.00, real=0.01 secs] 
2013-01-19T19:01:31.405+0800: 223358.629: [GC 223358.629: [ParNew: 1679445K->1492K(1887488K), 0.0066000 secs] 1790168K->112214K(3984640K), 0.0067890 secs] [Times: user=0.00 sys=0.00, real=0.00 secs] 
2013-01-19T19:01:55.738+0800: 223382.961: [GC 223382.962: [ParNew: 1679316K->1655K(1887488K), 0.0073210 secs] 1790038K->112411K(3984640K), 0.0074920 secs] [Times: user=0.01 sys=0.00, real=0.01 secs] 
2013-01-19T19:02:20.040+0800: 223407.263: [GC 223407.263: [ParNew: 1679479K->1410K(1887488K), 0.0080340 secs] 1790235K->112373K(3984640K), 0.0082260 secs] [Times: user=0.01 sys=0.00, real=0.01 secs] 
2013-01-19T19:02:44.152+0800: 223431.375: [GC 223431.375: [ParNew: 1679234K->1254K(1887488K), 0.0070750 secs] 1790197K->112217K(3984640K), 0.0072420 secs] [Times: user=0.01 sys=0.00, real=0.00 secs] 
2013-01-19T19:03:08.308+0800: 223455.532: [GC 223455.532: [ParNew: 1679078K->1233K(1887488K), 0.0071240 secs] 1790041K->112196K(3984640K), 0.0072890 secs] [Times: user=0.01 sys=0.00, real=0.01 secs] 
2013-01-19T19:03:32.647+0800: 223479.871: [GC 223479.871: [ParNew: 1679057K->1240K(1887488K), 0.0071170 secs] 1790020K->112205K(3984640K), 0.0072760 secs] [Times: user=0.00 sys=0.01, real=0.01 secs] 
2013-01-19T19:03:56.795+0800: 223504.018: [GC 223504.018: [ParNew: 1679064K->1130K(1887488K), 0.0072580 secs] 1790029K->112096K(3984640K), 0.0074220 secs] [Times: user=0.01 sys=0.00, real=0.01 secs] 
2013-01-19T19:04:21.096+0800: 223528.319: [GC 223528.319: [ParNew: 1678954K->1208K(1887488K), 0.0071720 secs] 1789920K->112173K(3984640K), 0.0073430 secs] [Times: user=0.02 sys=0.00, real=0.01 secs] 
2013-01-19T19:04:45.139+0800: 223552.362: [GC 223552.362: [ParNew: 1679032K->1157K(1887488K), 0.0069890 secs] 1789997K->112123K(3984640K), 0.0071620 secs] [Times: user=0.00 sys=0.00, real=0.00 secs] 
2013-01-19T19:05:09.399+0800: 223576.622: [GC 223576.622: [ParNew: 1678981K->1125K(1887488K), 0.0066070 secs] 1789947K->112090K(3984640K), 0.0067980 secs] [Times: user=0.00 sys=0.00, real=0.00 secs] 
2013-01-19T19:05:33.759+0800: 223600.983: [GC 223600.983: [ParNew: 1678949K->991K(1887488K), 0.0068830 secs] 1789914K->111957K(3984640K), 0.0070520 secs] [Times: user=0.01 sys=0.00, real=0.01 secs] 
2013-01-19T19:05:57.568+0800: 223624.791: [GC 223624.792: [ParNew: 1678815K->1268K(1887488K), 0.0074850 secs] 1789781K->112234K(3984640K), 0.0076780 secs] [Times: user=0.01 sys=0.00, real=0.01 secs] 
2013-01-19T19:06:26.833+0800: 223654.056: [GC 223654.056: [ParNew: 1679092K->1152K(1887488K), 0.0067870 secs] 1790058K->112119K(3984640K), 0.0069770 secs] [Times: user=0.00 sys=0.00, real=0.00 secs] 
2013-01-19T19:06:51.155+0800: 223678.378: [GC 223678.379: [ParNew: 1678976K->1260K(1887488K), 0.0072720 secs] 1789943K->112254K(3984640K), 0.0074750 secs] [Times: user=0.01 sys=0.00, real=0.00 secs] 
2013-01-19T19:07:15.410+0800: 223702.633: [GC 223702.633: [ParNew: 1679084K->1312K(1887488K), 0.0072690 secs] 1790078K->112315K(3984640K), 0.0074480 secs] [Times: user=0.01 sys=0.00, real=0.01 secs] 
2013-01-19T19:07:39.668+0800: 223726.892: [GC 223726.892: [ParNew: 1679136K->1252K(1887488K), 0.0069990 secs] 1790139K->112255K(3984640K), 0.0071640 secs] [Times: user=0.01 sys=0.00, real=0.01 secs] 
2013-01-19T19:08:04.016+0800: 223751.239: [GC 223751.239: [ParNew: 1679076K->1217K(1887488K), 0.0069530 secs] 1790079K->112221K(3984640K), 0.0071290 secs] [Times: user=0.02 sys=0.00, real=0.01 secs] 
2013-01-19T19:08:28.131+0800: 223775.355: [GC 223775.355: [ParNew: 1679041K->1129K(1887488K), 0.0071150 secs] 1790045K->112133K(3984640K), 0.0072870 secs] [Times: user=0.00 sys=0.00, real=0.01 secs] 
2013-01-19T19:08:52.312+0800: 223799.536: [GC 223799.536: [ParNew: 1678953K->1104K(1887488K), 0.0068360 secs] 1789957K->112108K(3984640K), 0.0070390 secs] [Times: user=0.01 sys=0.00, real=0.01 secs] 
2013-01-19T19:09:16.613+0800: 223823.836: [GC 223823.836: [ParNew: 1678928K->1214K(1887488K), 0.0073840 secs] 1789932K->112218K(3984640K), 0.0075540 secs] [Times: user=0.01 sys=0.00, real=0.01 secs] 
2013-01-19T19:09:40.693+0800: 223847.917: [GC 223847.917: [ParNew: 1679038K->1126K(1887488K), 0.0062620 secs] 1790042K->112130K(3984640K), 0.0064380 secs] [Times: user=0.00 sys=0.00, real=0.01 secs] 
2013-01-19T19:10:04.699+0800: 223871.922: [GC 223871.923: [ParNew: 1678950K->1247K(1887488K), 0.0072700 secs] 1789954K->112251K(3984640K), 0.0074430 secs] [Times: user=0.01 sys=0.00, real=0.01 secs] 
2013-01-19T19:10:28.882+0800: 223896.105: [GC 223896.105: [ParNew: 1679071K->1293K(1887488K), 0.0071430 secs] 1790075K->112298K(3984640K), 0.0073300 secs] [Times: user=0.01 sys=0.00, real=0.01 secs] 
2013-01-19T19:10:53.103+0800: 223920.326: [GC 223920.326: [ParNew: 1679117K->1203K(1887488K), 0.0077830 secs] 1790122K->112208K(3984640K), 0.0079570 secs] [Times: user=0.00 sys=0.00, real=0.00 secs] 
2013-01-19T19:11:17.244+0800: 223944.467: [GC 223944.467: [ParNew: 1679027K->1290K(1887488K), 0.0072860 secs] 1790032K->112295K(3984640K), 0.0074590 secs] [Times: user=0.00 sys=0.00, real=0.01 secs] 
2013-01-19T19:11:41.446+0800: 223968.670: [GC 223968.670: [ParNew: 1679114K->1306K(1887488K), 0.0069590 secs] 1790119K->112335K(3984640K), 0.0071400 secs] [Times: user=0.01 sys=0.00, real=0.01 secs] 
2013-01-19T19:12:05.632+0800: 223992.856: [GC 223992.856: [ParNew: 1679130K->1236K(1887488K), 0.0069120 secs] 1790159K->112275K(3984640K), 0.0071000 secs] [Times: user=0.01 sys=0.00, real=0.01 secs] 
2013-01-19T19:12:29.866+0800: 224017.089: [GC 224017.089: [ParNew: 1679060K->1186K(1887488K), 0.0068450 secs] 1790099K->112226K(3984640K), 0.0070160 secs] [Times: user=0.01 sys=0.00, real=0.01 secs] 
2013-01-19T19:12:53.993+0800: 224041.216: [GC 224041.217: [ParNew: 1679010K->1147K(1887488K), 0.0071510 secs] 1790050K->112187K(3984640K), 0.0073180 secs] [Times: user=0.00 sys=0.00, real=0.01 secs] 
2013-01-19T19:13:18.039+0800: 224065.262: [GC 224065.262: [ParNew: 1678971K->1096K(1887488K), 0.0068470 secs] 1790011K->112136K(3984640K), 0.0070090 secs] [Times: user=0.01 sys=0.00, real=0.01 secs] 
2013-01-19T19:13:42.081+0800: 224089.305: [GC 224089.305: [ParNew: 1678920K->1140K(1887488K), 0.0072110 secs] 1789960K->112180K(3984640K), 0.0073750 secs] [Times: user=0.01 sys=0.00, real=0.01 secs] 
2013-01-19T19:14:06.127+0800: 224113.350: [GC 224113.350: [ParNew: 1678964K->1109K(1887488K), 0.0069670 secs] 1790004K->112150K(3984640K), 0.0071620 secs] [Times: user=0.01 sys=0.00, real=0.01 secs] 
2013-01-19T19:14:30.177+0800: 224137.400: [GC 224137.400: [ParNew: 1678933K->1138K(1887488K), 0.0062880 secs] 1789974K->112178K(3984640K), 0.0064700 secs] [Times: user=0.02 sys=0.00, real=0.01 secs] 
2013-01-19T19:14:54.488+0800: 224161.711: [GC 224161.711: [ParNew: 1678962K->1038K(1887488K), 0.0067660 secs] 1790002K->112079K(3984640K), 0.0069480 secs] [Times: user=0.01 sys=0.00, real=0.01 secs] 
2013-01-19T19:15:23.620+0800: 224190.844: [GC 224190.844: [ParNew: 1678862K->1174K(1887488K), 0.0069260 secs] 1789903K->112215K(3984640K), 0.0071040 secs] [Times: user=0.01 sys=0.00, real=0.01 secs] 
2013-01-19T19:15:47.673+0800: 224214.897: [GC 224214.897: [ParNew: 1678998K->1094K(1887488K), 0.0069500 secs] 1790039K->112135K(3984640K), 0.0071310 secs] [Times: user=0.00 sys=0.00, real=0.01 secs] 
2013-01-19T19:16:11.582+0800: 224238.805: [GC 224238.806: [ParNew: 1678918K->1157K(1887488K), 0.0070520 secs] 1789959K->112198K(3984640K), 0.0072210 secs] [Times: user=0.00 sys=0.00, real=0.01 secs] 
2013-01-19T19:16:35.710+0800: 224262.934: [GC 224262.934: [ParNew: 1678981K->1259K(1887488K), 0.0067320 secs] 1790022K->112318K(3984640K), 0.0069090 secs] [Times: user=0.00 sys=0.00, real=0.01 secs] 
2013-01-19T19:16:59.579+0800: 224286.802: [GC 224286.803: [ParNew: 1679083K->1077K(1887488K), 0.0067990 secs] 1790142K->112147K(3984640K), 0.0069710 secs] [Times: user=0.02 sys=0.00, real=0.00 secs] 
2013-01-19T19:17:18.475+0800: 224305.698: [GC 224305.699: [ParNew: 1678901K->1146K(1887488K), 0.0066760 secs] 1789971K->112216K(3984640K), 0.0068560 secs] [Times: user=0.01 sys=0.00, real=0.01 secs] 
2013-01-19T19:17:42.564+0800: 224329.787: [GC 224329.788: [ParNew: 1678970K->952K(1887488K), 0.0069070 secs] 1790040K->112022K(3984640K), 0.0070770 secs] [Times: user=0.00 sys=0.00, real=0.01 secs] 
2013-01-19T19:18:11.757+0800: 224358.981: [GC 224358.981: [ParNew: 1678776K->1230K(1887488K), 0.0073810 secs] 1789846K->112300K(3984640K), 0.0075680 secs] [Times: user=0.00 sys=0.00, real=0.01 secs] 
2013-01-19T19:18:35.937+0800: 224383.160: [GC 224383.160: [ParNew: 1679054K->1172K(1887488K), 0.0065620 secs] 1790124K->112243K(3984640K), 0.0067460 secs] [Times: user=0.00 sys=0.00, real=0.00 secs] 
2013-01-19T19:19:00.197+0800: 224407.421: [GC 224407.421: [ParNew: 1678996K->1172K(1887488K), 0.0073160 secs] 1790067K->112242K(3984640K), 0.0074950 secs] [Times: user=0.00 sys=0.00, real=0.01 secs] 
2013-01-19T19:19:24.397+0800: 224431.621: [GC 224431.621: [ParNew: 1678996K->1160K(1887488K), 0.0075990 secs] 1790066K->112231K(3984640K), 0.0077770 secs] [Times: user=0.00 sys=0.00, real=0.01 secs] 
2013-01-19T19:19:48.306+0800: 224455.530: [GC 224455.530: [ParNew: 1678984K->1163K(1887488K), 0.0109750 secs] 1790055K->112234K(3984640K), 0.0111190 secs] [Times: user=0.00 sys=0.00, real=0.01 secs] 
2013-01-19T19:20:12.207+0800: 224479.430: [GC 224479.430: [ParNew: 1678987K->1181K(1887488K), 0.0085530 secs] 1790058K->112252K(3984640K), 0.0087040 secs] [Times: user=0.01 sys=0.00, real=0.01 secs] 
2013-01-19T19:20:36.480+0800: 224503.703: [GC 224503.703: [ParNew: 1679005K->1233K(1887488K), 0.0086480 secs] 1790076K->112304K(3984640K), 0.0088370 secs] [Times: user=0.01 sys=0.00, real=0.00 secs] 
2013-01-19T19:21:00.820+0800: 224528.044: [GC 224528.044: [ParNew: 1679057K->1212K(1887488K), 0.0077200 secs] 1790128K->112284K(3984640K), 0.0078730 secs] [Times: user=0.01 sys=0.00, real=0.01 secs] 
2013-01-19T19:21:25.213+0800: 224552.436: [GC 224552.436: [ParNew: 1679036K->1254K(1887488K), 0.0072460 secs] 1790108K->112326K(3984640K), 0.0074150 secs] [Times: user=0.02 sys=0.00, real=0.01 secs] 
2013-01-19T19:21:49.414+0800: 224576.637: [GC 224576.637: [ParNew: 1679078K->1145K(1887488K), 0.0071820 secs] 1790150K->112242K(3984640K), 0.0073540 secs] [Times: user=0.01 sys=0.00, real=0.01 secs] 
2013-01-19T19:22:13.804+0800: 224601.027: [GC 224601.028: [ParNew: 1678969K->1229K(1887488K), 0.0074810 secs] 1790066K->112335K(3984640K), 0.0076440 secs] [Times: user=0.01 sys=0.00, real=0.01 secs] 
2013-01-19T19:22:37.955+0800: 224625.178: [GC 224625.178: [ParNew: 1679053K->1135K(1887488K), 0.0067620 secs] 1790159K->112241K(3984640K), 0.0069290 secs] [Times: user=0.01 sys=0.00, real=0.00 secs] 
2013-01-19T19:23:02.399+0800: 224649.623: [GC 224649.623: [ParNew: 1678959K->1235K(1887488K), 0.0073790 secs] 1790065K->112341K(3984640K), 0.0075470 secs] [Times: user=0.01 sys=0.00, real=0.01 secs] 
2013-01-19T19:23:26.799+0800: 224674.023: [GC 224674.023: [ParNew: 1679059K->1172K(1887488K), 0.0066370 secs] 1790165K->112279K(3984640K), 0.0068160 secs] [Times: user=0.01 sys=0.00, real=0.01 secs] 
2013-01-19T19:23:56.161+0800: 224703.384: [GC 224703.385: [ParNew: 1678996K->1164K(1887488K), 0.0068160 secs] 1790103K->112271K(3984640K), 0.0069980 secs] [Times: user=0.01 sys=0.00, real=0.01 secs] 
2013-01-19T19:24:20.327+0800: 224727.551: [GC 224727.551: [ParNew: 1678988K->1140K(1887488K), 0.0066810 secs] 1790095K->112247K(3984640K), 0.0068560 secs] [Times: user=0.00 sys=0.00, real=0.01 secs] 
2013-01-19T19:24:44.630+0800: 224751.853: [GC 224751.853: [ParNew: 1678964K->1228K(1887488K), 0.0071870 secs] 1790071K->112335K(3984640K), 0.0073800 secs] [Times: user=0.02 sys=0.00, real=0.00 secs] 
2013-01-19T19:25:08.902+0800: 224776.125: [GC 224776.125: [ParNew: 1679052K->1189K(1887488K), 0.0069850 secs] 1790159K->112296K(3984640K), 0.0071730 secs] [Times: user=0.00 sys=0.00, real=0.01 secs] 
2013-01-19T19:25:33.230+0800: 224800.454: [GC 224800.454: [ParNew: 1679013K->1192K(1887488K), 0.0061810 secs] 1790120K->112300K(3984640K), 0.0063610 secs] [Times: user=0.01 sys=0.00, real=0.00 secs] 
2013-01-19T19:25:57.511+0800: 224824.735: [GC 224824.735: [ParNew: 1679016K->1305K(1887488K), 0.0072300 secs] 1790124K->112413K(3984640K), 0.0074170 secs] [Times: user=0.02 sys=0.00, real=0.01 secs] 
2013-01-19T19:26:21.590+0800: 224848.813: [GC 224848.813: [ParNew: 1679129K->1289K(1887488K), 0.0075090 secs] 1790237K->112397K(3984640K), 0.0076890 secs] [Times: user=0.01 sys=0.00, real=0.01 secs] 
2013-01-19T19:26:45.728+0800: 224872.952: [GC 224872.952: [ParNew: 1679113K->1191K(1887488K), 0.0071540 secs] 1790221K->112318K(3984640K), 0.0073380 secs] [Times: user=0.00 sys=0.00, real=0.00 secs] 
2013-01-19T19:27:09.892+0800: 224897.116: [GC 224897.116: [ParNew: 1679015K->1167K(1887488K), 0.0070140 secs] 1790142K->112304K(3984640K), 0.0071870 secs] [Times: user=0.01 sys=0.00, real=0.01 secs] 
2013-01-19T19:27:34.149+0800: 224921.372: [GC 224921.372: [ParNew: 1678991K->1149K(1887488K), 0.0076470 secs] 1790128K->112285K(3984640K), 0.0078200 secs] [Times: user=0.00 sys=0.00, real=0.01 secs] 
2013-01-19T19:27:58.410+0800: 224945.633: [GC 224945.633: [ParNew: 1678973K->1283K(1887488K), 0.0078830 secs] 1790109K->112421K(3984640K), 0.0080620 secs] [Times: user=0.02 sys=0.00, real=0.01 secs] 
2013-01-19T19:28:22.707+0800: 224969.930: [GC 224969.930: [ParNew: 1679107K->1285K(1887488K), 0.0078580 secs] 1790245K->112422K(3984640K), 0.0080220 secs] [Times: user=0.01 sys=0.00, real=0.01 secs] 
2013-01-19T19:28:46.994+0800: 224994.218: [GC 224994.218: [ParNew: 1679109K->1277K(1887488K), 0.0078920 secs] 1790246K->112414K(3984640K), 0.0080620 secs] [Times: user=0.01 sys=0.00, real=0.01 secs] 
2013-01-19T19:29:11.197+0800: 225018.421: [GC 225018.421: [ParNew: 1679101K->1275K(1887488K), 0.0075720 secs] 1790238K->112413K(3984640K), 0.0077480 secs] [Times: user=0.01 sys=0.00, real=0.01 secs] 
2013-01-19T19:29:35.159+0800: 225042.383: [GC 225042.383: [ParNew: 1679099K->1782K(1887488K), 0.0079130 secs] 1790237K->112920K(3984640K), 0.0081000 secs] [Times: user=0.00 sys=0.00, real=0.01 secs] 
2013-01-19T19:29:59.112+0800: 225066.335: [GC 225066.335: [ParNew: 1679606K->1977K(1887488K), 0.0071570 secs] 1790744K->113115K(3984640K), 0.0073490 secs] [Times: user=0.02 sys=0.00, real=0.01 secs] 
2013-01-19T19:30:23.235+0800: 225090.458: [GC 225090.458: [ParNew: 1679801K->2371K(1887488K), 0.0079190 secs] 1790939K->113509K(3984640K), 0.0081190 secs] [Times: user=0.01 sys=0.00, real=0.01 secs] 
2013-01-19T19:30:47.364+0800: 225114.587: [GC 225114.587: [ParNew: 1680195K->2114K(1887488K), 0.0079880 secs] 1791333K->113253K(3984640K), 0.0081680 secs] [Times: user=0.01 sys=0.00, real=0.01 secs] 
2013-01-19T19:31:11.490+0800: 225138.713: [GC 225138.713: [ParNew: 1679938K->1758K(1887488K), 0.0095400 secs] 1791077K->113508K(3984640K), 0.0096920 secs] [Times: user=0.02 sys=0.01, real=0.01 secs] 
2013-01-19T19:31:35.532+0800: 225162.756: [GC 225162.756: [ParNew: 1679582K->1424K(1887488K), 0.0072960 secs] 1791332K->113199K(3984640K), 0.0074720 secs] [Times: user=0.01 sys=0.00, real=0.01 secs] 
2013-01-19T19:31:59.671+0800: 225186.894: [GC 225186.894: [ParNew: 1679248K->1126K(1887488K), 0.0075160 secs] 1791023K->112910K(3984640K), 0.0076940 secs] [Times: user=0.00 sys=0.00, real=0.00 secs] 
2013-01-19T19:32:23.679+0800: 225210.902: [GC 225210.903: [ParNew: 1678950K->1039K(1887488K), 0.0072590 secs] 1790734K->112824K(3984640K), 0.0074480 secs] [Times: user=0.01 sys=0.00, real=0.01 secs] 
2013-01-19T19:32:52.922+0800: 225240.145: [GC 225240.146: [ParNew: 1678863K->1360K(1887488K), 0.0075520 secs] 1790648K->113145K(3984640K), 0.0077250 secs] [Times: user=0.01 sys=0.00, real=0.00 secs] 
2013-01-19T19:33:17.064+0800: 225264.288: [GC 225264.288: [ParNew: 1679184K->1209K(1887488K), 0.0085920 secs] 1790969K->112993K(3984640K), 0.0087680 secs] [Times: user=0.00 sys=0.00, real=0.01 secs] 
2013-01-19T19:33:41.267+0800: 225288.490: [GC 225288.490: [ParNew: 1679033K->1276K(1887488K), 0.0115870 secs] 1790817K->113061K(3984640K), 0.0117770 secs] [Times: user=0.01 sys=0.00, real=0.02 secs] 
2013-01-19T19:34:05.337+0800: 225312.560: [GC 225312.561: [ParNew: 1679100K->1282K(1887488K), 0.0083190 secs] 1790885K->113067K(3984640K), 0.0085030 secs] [Times: user=0.01 sys=0.00, real=0.00 secs] 
2013-01-19T19:34:29.366+0800: 225336.589: [GC 225336.589: [ParNew: 1679106K->1304K(1887488K), 0.0078020 secs] 1790891K->113090K(3984640K), 0.0079780 secs] [Times: user=0.00 sys=0.00, real=0.00 secs] 
2013-01-19T19:34:53.306+0800: 225360.530: [GC 225360.530: [ParNew: 1679128K->1320K(1887488K), 0.0073880 secs] 1790914K->113105K(3984640K), 0.0075630 secs] [Times: user=0.00 sys=0.00, real=0.01 secs] 
2013-01-19T19:35:17.409+0800: 225384.632: [GC 225384.633: [ParNew: 1679144K->1324K(1887488K), 0.0070000 secs] 1790929K->113110K(3984640K), 0.0071720 secs] [Times: user=0.00 sys=0.00, real=0.01 secs] 
2013-01-19T19:35:41.561+0800: 225408.784: [GC 225408.784: [ParNew: 1679148K->1159K(1887488K), 0.0070140 secs] 1790934K->112944K(3984640K), 0.0071850 secs] [Times: user=0.01 sys=0.00, real=0.01 secs] 
2013-01-19T19:36:05.565+0800: 225432.789: [GC 225432.789: [ParNew: 1678983K->1198K(1887488K), 0.0065000 secs] 1790768K->112984K(3984640K), 0.0066820 secs] [Times: user=0.01 sys=0.00, real=0.01 secs] 
2013-01-19T19:36:29.539+0800: 225456.762: [GC 225456.762: [ParNew: 1679022K->1134K(1887488K), 0.0073010 secs] 1790808K->112939K(3984640K), 0.0074820 secs] [Times: user=0.02 sys=0.00, real=0.01 secs] 
2013-01-19T19:36:53.673+0800: 225480.896: [GC 225480.896: [ParNew: 1678958K->1164K(1887488K), 0.0070790 secs] 1790763K->112969K(3984640K), 0.0072790 secs] [Times: user=0.00 sys=0.00, real=0.01 secs] 
2013-01-19T19:37:17.751+0800: 225504.974: [GC 225504.974: [ParNew: 1678988K->1176K(1887488K), 0.0077260 secs] 1790793K->112991K(3984640K), 0.0079020 secs] [Times: user=0.02 sys=0.00, real=0.00 secs] 
2013-01-19T19:37:41.746+0800: 225528.969: [GC 225528.969: [ParNew: 1679000K->1302K(1887488K), 0.0069030 secs] 1790815K->113117K(3984640K), 0.0070770 secs] [Times: user=0.01 sys=0.00, real=0.01 secs] 
2013-01-19T19:38:05.710+0800: 225552.934: [GC 225552.934: [ParNew: 1679126K->1127K(1887488K), 0.0068320 secs] 1790941K->112942K(3984640K), 0.0070080 secs] [Times: user=0.00 sys=0.00, real=0.00 secs] 
2013-01-19T19:38:29.639+0800: 225576.862: [GC 225576.862: [ParNew: 1678951K->1168K(1887488K), 0.0077980 secs] 1790766K->112984K(3984640K), 0.0079710 secs] [Times: user=0.01 sys=0.00, real=0.01 secs] 
2013-01-19T19:38:53.651+0800: 225600.875: [GC 225600.875: [ParNew: 1678992K->1167K(1887488K), 0.0074090 secs] 1790808K->112983K(3984640K), 0.0075950 secs] [Times: user=0.00 sys=0.00, real=0.01 secs] 
2013-01-19T19:39:17.476+0800: 225624.699: [GC 225624.699: [ParNew: 1678991K->1082K(1887488K), 0.0069390 secs] 1790807K->112897K(3984640K), 0.0071200 secs] [Times: user=0.00 sys=0.00, real=0.01 secs] 
2013-01-19T19:39:41.393+0800: 225648.616: [GC 225648.616: [ParNew: 1678906K->1139K(1887488K), 0.0073060 secs] 1790721K->112955K(3984640K), 0.0074820 secs] [Times: user=0.01 sys=0.00, real=0.00 secs] 
2013-01-19T19:40:00.194+0800: 225667.417: [GC 225667.417: [ParNew: 1678963K->1267K(1887488K), 0.0075620 secs] 1790779K->113083K(3984640K), 0.0077350 secs] [Times: user=0.01 sys=0.00, real=0.01 secs] 
2013-01-19T19:40:24.225+0800: 225691.448: [GC 225691.449: [ParNew: 1679091K->1190K(1887488K), 0.0070140 secs] 1790907K->113006K(3984640K), 0.0072060 secs] [Times: user=0.00 sys=0.00, real=0.01 secs] 
2013-01-19T19:40:48.310+0800: 225715.533: [GC 225715.533: [ParNew: 1679014K->1075K(1887488K), 0.0067560 secs] 1790830K->112892K(3984640K), 0.0069420 secs] [Times: user=0.01 sys=0.00, real=0.00 secs] 
2013-01-19T19:41:19.350+0800: 225746.574: [GC 225746.574: [ParNew: 1678899K->1163K(1887488K), 0.0068270 secs] 1790716K->112980K(3984640K), 0.0070180 secs] [Times: user=0.00 sys=0.00, real=0.01 secs] 
2013-01-19T19:41:43.253+0800: 225770.476: [GC 225770.476: [ParNew: 1678987K->1168K(1887488K), 0.0068620 secs] 1790804K->113009K(3984640K), 0.0070250 secs] [Times: user=0.00 sys=0.00, real=0.01 secs] 
2013-01-19T19:42:07.227+0800: 225794.450: [GC 225794.451: [ParNew: 1678992K->988K(1887488K), 0.0065700 secs] 1790833K->112838K(3984640K), 0.0067330 secs] [Times: user=0.00 sys=0.00, real=0.00 secs] 
2013-01-19T19:42:31.296+0800: 225818.519: [GC 225818.519: [ParNew: 1678812K->1208K(1887488K), 0.0071170 secs] 1790662K->113059K(3984640K), 0.0072720 secs] [Times: user=0.00 sys=0.00, real=0.00 secs] 
2013-01-19T19:42:55.532+0800: 225842.756: [GC 225842.756: [ParNew: 1679032K->1149K(1887488K), 0.0066060 secs] 1790883K->113001K(3984640K), 0.0067840 secs] [Times: user=0.01 sys=0.00, real=0.01 secs] 
2013-01-19T19:43:19.709+0800: 225866.932: [GC 225866.932: [ParNew: 1678973K->1155K(1887488K), 0.0071020 secs] 1790825K->113007K(3984640K), 0.0072710 secs] [Times: user=0.01 sys=0.00, real=0.01 secs] 
2013-01-19T19:43:44.215+0800: 225891.438: [GC 225891.439: [ParNew: 1678979K->1229K(1887488K), 0.0071560 secs] 1790831K->113082K(3984640K), 0.0073480 secs] [Times: user=0.00 sys=0.00, real=0.01 secs] 
2013-01-19T19:44:08.522+0800: 225915.745: [GC 225915.746: [ParNew: 1679053K->1285K(1887488K), 0.0070360 secs] 1790906K->113138K(3984640K), 0.0072100 secs] [Times: user=0.01 sys=0.00, real=0.00 secs] 
2013-01-19T19:44:32.691+0800: 225939.914: [GC 225939.914: [ParNew: 1679109K->1155K(1887488K), 0.0073380 secs] 1790962K->113008K(3984640K), 0.0075080 secs] [Times: user=0.01 sys=0.00, real=0.00 secs] 
2013-01-19T19:44:57.003+0800: 225964.226: [GC 225964.226: [ParNew: 1678979K->1225K(1887488K), 0.0070420 secs] 1790832K->113079K(3984640K), 0.0072260 secs] [Times: user=0.00 sys=0.00, real=0.01 secs] 
2013-01-19T19:45:21.161+0800: 225988.385: [GC 225988.385: [ParNew: 1679049K->1207K(1887488K), 0.0068640 secs] 1790903K->113060K(3984640K), 0.0070490 secs] [Times: user=0.02 sys=0.00, real=0.01 secs] 
2013-01-19T19:45:45.220+0800: 226012.444: [GC 226012.444: [ParNew: 1679031K->1164K(1887488K), 0.0075230 secs] 1790884K->113018K(3984640K), 0.0077260 secs] [Times: user=0.01 sys=0.00, real=0.01 secs] 
2013-01-19T19:46:09.304+0800: 226036.528: [GC 226036.528: [ParNew: 1678988K->1126K(1887488K), 0.0067000 secs] 1790842K->112980K(3984640K), 0.0068940 secs] [Times: user=0.00 sys=0.00, real=0.01 secs] 
2013-01-19T19:46:33.401+0800: 226060.624: [GC 226060.625: [ParNew: 1678950K->1163K(1887488K), 0.0073850 secs] 1790804K->113035K(3984640K), 0.0075440 secs] [Times: user=0.01 sys=0.00, real=0.01 secs] 
2013-01-19T19:46:57.342+0800: 226084.566: [GC 226084.566: [ParNew: 1678987K->1082K(1887488K), 0.0064740 secs] 1790859K->112964K(3984640K), 0.0066640 secs] [Times: user=0.00 sys=0.00, real=0.01 secs] 
2013-01-19T19:47:21.472+0800: 226108.695: [GC 226108.696: [ParNew: 1678906K->1143K(1887488K), 0.0070930 secs] 1790788K->113026K(3984640K), 0.0072740 secs] [Times: user=0.00 sys=0.00, real=0.01 secs] 
2013-01-19T19:47:45.667+0800: 226132.890: [GC 226132.890: [ParNew: 1678967K->1311K(1887488K), 0.0070710 secs] 1790850K->113194K(3984640K), 0.0072360 secs] [Times: user=0.02 sys=0.00, real=0.01 secs] 
2013-01-19T19:48:09.883+0800: 226157.107: [GC 226157.107: [ParNew: 1679135K->1221K(1887488K), 0.0068360 secs] 1791018K->113104K(3984640K), 0.0070180 secs] [Times: user=0.00 sys=0.00, real=0.01 secs] 
2013-01-19T19:48:34.048+0800: 226181.271: [GC 226181.271: [ParNew: 1679045K->1191K(1887488K), 0.0071000 secs] 1790928K->113074K(3984640K), 0.0072940 secs] [Times: user=0.01 sys=0.00, real=0.01 secs] 
2013-01-19T19:48:58.148+0800: 226205.371: [GC 226205.371: [ParNew: 1679015K->1096K(1887488K), 0.0068010 secs] 1790898K->112979K(3984640K), 0.0069840 secs] [Times: user=0.00 sys=0.00, real=0.01 secs] 
2013-01-19T19:49:22.237+0800: 226229.460: [GC 226229.460: [ParNew: 1678920K->1140K(1887488K), 0.0075360 secs] 1790803K->113023K(3984640K), 0.0077300 secs] [Times: user=0.01 sys=0.00, real=0.01 secs] 
2013-01-19T19:49:46.287+0800: 226253.510: [GC 226253.510: [ParNew: 1678964K->1068K(1887488K), 0.0064290 secs] 1790847K->112952K(3984640K), 0.0066200 secs] [Times: user=0.01 sys=0.00, real=0.01 secs] 
2013-01-19T19:50:10.233+0800: 226277.457: [GC 226277.457: [ParNew: 1678892K->1321K(1887488K), 0.0075920 secs] 1790776K->113204K(3984640K), 0.0077720 secs] [Times: user=0.00 sys=0.00, real=0.01 secs] 
2013-01-19T19:50:34.325+0800: 226301.549: [GC 226301.549: [ParNew: 1679145K->1154K(1887488K), 0.0069790 secs] 1791028K->113038K(3984640K), 0.0072210 secs] [Times: user=0.00 sys=0.00, real=0.00 secs] 
2013-01-19T19:51:05.495+0800: 226332.719: [GC 226332.719: [ParNew: 1678978K->1166K(1887488K), 0.0069610 secs] 1790862K->113050K(3984640K), 0.0071290 secs] [Times: user=0.01 sys=0.00, real=0.00 secs] 
2013-01-19T19:51:29.479+0800: 226356.703: [GC 226356.703: [ParNew: 1678990K->1105K(1887488K), 0.0067210 secs] 1790874K->112989K(3984640K), 0.0068980 secs] [Times: user=0.00 sys=0.00, real=0.01 secs] 
2013-01-19T19:51:53.731+0800: 226380.955: [GC 226380.955: [ParNew: 1678929K->1131K(1887488K), 0.0071640 secs] 1790813K->113039K(3984640K), 0.0073400 secs] [Times: user=0.02 sys=0.00, real=0.00 secs] 
2013-01-19T19:52:17.968+0800: 226405.191: [GC 226405.191: [ParNew: 1678955K->1083K(1887488K), 0.0065600 secs] 1790863K->113001K(3984640K), 0.0067240 secs] [Times: user=0.00 sys=0.01, real=0.01 secs] 
2013-01-19T19:52:42.138+0800: 226429.362: [GC 226429.362: [ParNew: 1678907K->1112K(1887488K), 0.0069710 secs] 1790825K->113031K(3984640K), 0.0071300 secs] [Times: user=0.00 sys=0.00, real=0.01 secs] 
2013-01-19T19:53:06.273+0800: 226453.496: [GC 226453.496: [ParNew: 1678936K->1010K(1887488K), 0.0068650 secs] 1790855K->112929K(3984640K), 0.0070280 secs] [Times: user=0.00 sys=0.00, real=0.01 secs] 
2013-01-19T19:53:30.566+0800: 226477.790: [GC 226477.790: [ParNew: 1678834K->1078K(1887488K), 0.0071100 secs] 1790753K->112997K(3984640K), 0.0072770 secs] [Times: user=0.01 sys=0.00, real=0.01 secs] 
2013-01-19T19:53:54.693+0800: 226501.917: [GC 226501.917: [ParNew: 1678902K->1081K(1887488K), 0.0067810 secs] 1790821K->113001K(3984640K), 0.0069640 secs] [Times: user=0.00 sys=0.00, real=0.01 secs] 
2013-01-19T19:54:18.606+0800: 226525.830: [GC 226525.830: [ParNew: 1678905K->1040K(1887488K), 0.0071830 secs] 1790825K->112960K(3984640K), 0.0073460 secs] [Times: user=0.01 sys=0.00, real=0.00 secs] 
2013-01-19T19:54:42.695+0800: 226549.918: [GC 226549.919: [ParNew: 1678864K->1058K(1887488K), 0.0066470 secs] 1790784K->112978K(3984640K), 0.0068280 secs] [Times: user=0.02 sys=0.00, real=0.00 secs] 
2013-01-19T19:55:13.931+0800: 226581.154: [GC 226581.155: [ParNew: 1678882K->1092K(1887488K), 0.0068570 secs] 1790802K->113012K(3984640K), 0.0070230 secs] [Times: user=0.00 sys=0.00, real=0.01 secs] 
2013-01-19T19:55:38.296+0800: 226605.519: [GC 226605.519: [ParNew: 1678916K->1171K(1887488K), 0.0070450 secs] 1790836K->113091K(3984640K), 0.0072200 secs] [Times: user=0.00 sys=0.00, real=0.01 secs] 
2013-01-19T19:56:02.545+0800: 226629.769: [GC 226629.769: [ParNew: 1678995K->1112K(1887488K), 0.0068990 secs] 1790915K->113032K(3984640K), 0.0070690 secs] [Times: user=0.01 sys=0.00, real=0.01 secs] 
2013-01-19T19:56:27.061+0800: 226654.285: [GC 226654.285: [ParNew: 1678936K->1285K(1887488K), 0.0072800 secs] 1790856K->113206K(3984640K), 0.0074500 secs] [Times: user=0.01 sys=0.00, real=0.00 secs] 
2013-01-19T19:56:51.283+0800: 226678.506: [GC 226678.506: [ParNew: 1679109K->1076K(1887488K), 0.0065900 secs] 1791030K->113015K(3984640K), 0.0067690 secs] [Times: user=0.00 sys=0.00, real=0.01 secs] 
2013-01-19T19:57:15.762+0800: 226702.986: [GC 226702.986: [ParNew: 1678900K->1155K(1887488K), 0.0065970 secs] 1790839K->113103K(3984640K), 0.0067790 secs] [Times: user=0.01 sys=0.00, real=0.01 secs] 
2013-01-19T19:57:40.132+0800: 226727.355: [GC 226727.355: [ParNew: 1678979K->1147K(1887488K), 0.0070480 secs] 1790927K->113096K(3984640K), 0.0072170 secs] [Times: user=0.01 sys=0.00, real=0.01 secs] 
2013-01-19T19:58:04.475+0800: 226751.698: [GC 226751.699: [ParNew: 1678971K->1181K(1887488K), 0.0070330 secs] 1790920K->113131K(3984640K), 0.0072230 secs] [Times: user=0.01 sys=0.00, real=0.01 secs] 
2013-01-19T19:58:33.824+0800: 226781.047: [GC 226781.047: [ParNew: 1679005K->1111K(1887488K), 0.0070630 secs] 1790955K->113060K(3984640K), 0.0072300 secs] [Times: user=0.00 sys=0.00, real=0.01 secs] 
2013-01-19T19:58:58.082+0800: 226805.306: [GC 226805.306: [ParNew: 1678935K->1100K(1887488K), 0.0068370 secs] 1790884K->113050K(3984640K), 0.0070220 secs] [Times: user=0.01 sys=0.00, real=0.01 secs] 
2013-01-19T19:59:22.489+0800: 226829.712: [GC 226829.712: [ParNew: 1678924K->1132K(1887488K), 0.0064190 secs] 1790874K->113082K(3984640K), 0.0065930 secs] [Times: user=0.00 sys=0.00, real=0.01 secs] 
2013-01-19T19:59:46.642+0800: 226853.865: [GC 226853.865: [ParNew: 1678956K->2044K(1887488K), 0.0076590 secs] 1790906K->113994K(3984640K), 0.0078750 secs] [Times: user=0.01 sys=0.00, real=0.00 secs] 
2013-01-19T19:59:50.721+0800: 226857.944: [Full GC (System) 226857.945: [CMS: 111949K->110596K(2097152K), 0.7678190 secs] 516927K->110596K(3984640K), [CMS Perm : 94668K->94626K(158240K)], 0.7680250 secs] [Times: user=0.77 sys=0.00, real=0.76 secs] 
2013-01-19T20:00:12.954+0800: 226880.177: [GC 226880.177: [ParNew: 1677824K->1346K(1887488K), 0.0070220 secs] 1788420K->111943K(3984640K), 0.0072100 secs] [Times: user=0.00 sys=0.00, real=0.01 secs] 
2013-01-19T20:00:42.171+0800: 226909.394: [GC 226909.394: [ParNew: 1679170K->1590K(1887488K), 0.0069310 secs] 1789767K->112187K(3984640K), 0.0071060 secs] [Times: user=0.00 sys=0.00, real=0.00 secs] 
2013-01-19T20:01:06.347+0800: 226933.571: [GC 226933.571: [ParNew: 1679414K->1609K(1887488K), 0.0068890 secs] 1790011K->112206K(3984640K), 0.0070550 secs] [Times: user=0.01 sys=0.00, real=0.01 secs] 
2013-01-19T20:01:30.335+0800: 226957.558: [GC 226957.558: [ParNew: 1679433K->1450K(1887488K), 0.0065690 secs] 1790030K->112047K(3984640K), 0.0067460 secs] [Times: user=0.00 sys=0.00, real=0.01 secs] 
2013-01-19T20:01:54.428+0800: 226981.651: [GC 226981.652: [ParNew: 1679274K->1474K(1887488K), 0.0071590 secs] 1789871K->112103K(3984640K), 0.0073760 secs] [Times: user=0.02 sys=0.00, real=0.01 secs] 
2013-01-19T20:02:18.496+0800: 227005.719: [GC 227005.720: [ParNew: 1679298K->1317K(1887488K), 0.0086990 secs] 1789927K->112155K(3984640K), 0.0088750 secs] [Times: user=0.01 sys=0.00, real=0.00 secs] 
2013-01-19T20:02:42.505+0800: 227029.729: [GC 227029.729: [ParNew: 1679141K->1116K(1887488K), 0.0070440 secs] 1789979K->111953K(3984640K), 0.0072260 secs] [Times: user=0.02 sys=0.00, real=0.00 secs] 
2013-01-19T20:03:06.911+0800: 227054.135: [GC 227054.135: [ParNew: 1678940K->1259K(1887488K), 0.0066410 secs] 1789777K->112096K(3984640K), 0.0068200 secs] [Times: user=0.01 sys=0.00, real=0.01 secs] 
2013-01-19T20:03:31.262+0800: 227078.485: [GC 227078.485: [ParNew: 1679083K->1156K(1887488K), 0.0070030 secs] 1789920K->111994K(3984640K), 0.0071870 secs] [Times: user=0.00 sys=0.00, real=0.00 secs] 
2013-01-19T20:03:55.506+0800: 227102.730: [GC 227102.730: [ParNew: 1678980K->1093K(1887488K), 0.0066560 secs] 1789818K->111931K(3984640K), 0.0068320 secs] [Times: user=0.00 sys=0.00, real=0.00 secs] 
2013-01-19T20:04:19.408+0800: 227126.631: [GC 227126.631: [ParNew: 1678917K->1069K(1887488K), 0.0068310 secs] 1789755K->111907K(3984640K), 0.0069990 secs] [Times: user=0.02 sys=0.00, real=0.01 secs] 
2013-01-19T20:04:43.497+0800: 227150.720: [GC 227150.720: [ParNew: 1678893K->1027K(1887488K), 0.0066380 secs] 1789731K->111865K(3984640K), 0.0068040 secs] [Times: user=0.02 sys=0.00, real=0.01 secs] 
2013-01-19T20:05:07.674+0800: 227174.897: [GC 227174.898: [ParNew: 1678851K->1163K(1887488K), 0.0074470 secs] 1789689K->112001K(3984640K), 0.0076230 secs] [Times: user=0.01 sys=0.00, real=0.01 secs] 
2013-01-19T20:05:31.940+0800: 227199.163: [GC 227199.163: [ParNew: 1678987K->1190K(1887488K), 0.0074830 secs] 1789825K->112028K(3984640K), 0.0076630 secs] [Times: user=0.01 sys=0.00, real=0.01 secs] 
2013-01-19T20:05:56.267+0800: 227223.491: [GC 227223.491: [ParNew: 1679014K->1209K(1887488K), 0.0067840 secs] 1789852K->112047K(3984640K), 0.0069570 secs] [Times: user=0.01 sys=0.00, real=0.01 secs] 
2013-01-19T20:06:20.410+0800: 227247.633: [GC 227247.634: [ParNew: 1679033K->1180K(1887488K), 0.0066860 secs] 1789871K->112019K(3984640K), 0.0069020 secs] [Times: user=0.01 sys=0.00, real=0.01 secs] 
2013-01-19T20:06:44.456+0800: 227271.679: [GC 227271.680: [ParNew: 1679004K->1170K(1887488K), 0.0065340 secs] 1789843K->112036K(3984640K), 0.0067160 secs] [Times: user=0.00 sys=0.00, real=0.00 secs] 
2013-01-19T20:07:08.414+0800: 227295.637: [GC 227295.637: [ParNew: 1678994K->1062K(1887488K), 0.0073330 secs] 1789860K->111937K(3984640K), 0.0075050 secs] [Times: user=0.00 sys=0.00, real=0.00 secs] 
2013-01-19T20:07:32.670+0800: 227319.894: [GC 227319.894: [ParNew: 1678886K->1089K(1887488K), 0.0070390 secs] 1789761K->111965K(3984640K), 0.0072060 secs] [Times: user=0.01 sys=0.00, real=0.01 secs] 
2013-01-19T20:07:56.607+0800: 227343.830: [GC 227343.830: [ParNew: 1678913K->1048K(1887488K), 0.0064400 secs] 1789789K->111924K(3984640K), 0.0066210 secs] [Times: user=0.00 sys=0.00, real=0.01 secs] 
2013-01-19T20:08:20.674+0800: 227367.898: [GC 227367.898: [ParNew: 1678872K->1071K(1887488K), 0.0068150 secs] 1789748K->111947K(3984640K), 0.0069830 secs] [Times: user=0.01 sys=0.00, real=0.01 secs] 
2013-01-19T20:08:44.456+0800: 227391.679: [GC 227391.679: [ParNew: 1678895K->1080K(1887488K), 0.0070840 secs] 1789771K->111956K(3984640K), 0.0072490 secs] [Times: user=0.01 sys=0.00, real=0.01 secs] 
2013-01-19T20:09:08.275+0800: 227415.499: [GC 227415.499: [ParNew: 1678904K->1021K(1887488K), 0.0068800 secs] 1789780K->111898K(3984640K), 0.0070660 secs] [Times: user=0.00 sys=0.00, real=0.01 secs] 
2013-01-19T20:09:32.043+0800: 227439.266: [GC 227439.267: [ParNew: 1678845K->1091K(1887488K), 0.0063250 secs] 1789722K->111968K(3984640K), 0.0065070 secs] [Times: user=0.00 sys=0.00, real=0.01 secs] 
2013-01-19T20:09:55.745+0800: 227462.968: [GC 227462.969: [ParNew: 1678915K->1252K(1887488K), 0.0068330 secs] 1789792K->112129K(3984640K), 0.0069990 secs] [Times: user=0.00 sys=0.00, real=0.00 secs] 
2013-01-19T20:10:19.532+0800: 227486.755: [GC 227486.755: [ParNew: 1679076K->1160K(1887488K), 0.0069640 secs] 1789953K->112038K(3984640K), 0.0071400 secs] [Times: user=0.01 sys=0.00, real=0.01 secs] 
2013-01-19T20:10:43.306+0800: 227510.530: [GC 227510.530: [ParNew: 1678984K->1261K(1887488K), 0.0062530 secs] 1789862K->112138K(3984640K), 0.0064400 secs] [Times: user=0.01 sys=0.00, real=0.00 secs] 
2013-01-19T20:11:07.491+0800: 227534.715: [GC 227534.715: [ParNew: 1679085K->1300K(1887488K), 0.0074080 secs] 1789962K->112178K(3984640K), 0.0075830 secs] [Times: user=0.01 sys=0.00, real=0.01 secs] 
2013-01-19T20:11:31.541+0800: 227558.765: [GC 227558.765: [ParNew: 1679124K->1215K(1887488K), 0.0074560 secs] 1790002K->112117K(3984640K), 0.0076250 secs] [Times: user=0.01 sys=0.00, real=0.01 secs] 
2013-01-19T20:11:55.523+0800: 227582.747: [GC 227582.747: [ParNew: 1679039K->1138K(1887488K), 0.0075940 secs] 1789941K->112040K(3984640K), 0.0077690 secs] [Times: user=0.02 sys=0.00, real=0.01 secs] 
2013-01-19T20:12:19.464+0800: 227606.687: [GC 227606.687: [ParNew: 1678962K->1078K(1887488K), 0.0068540 secs] 1789864K->111991K(3984640K), 0.0070250 secs] [Times: user=0.01 sys=0.00, real=0.01 secs] 
2013-01-19T20:12:43.648+0800: 227630.871: [GC 227630.871: [ParNew: 1678902K->1226K(1887488K), 0.0073230 secs] 1789815K->112138K(3984640K), 0.0075020 secs] [Times: user=0.01 sys=0.00, real=0.00 secs] 
2013-01-19T20:13:07.788+0800: 227655.012: [GC 227655.012: [ParNew: 1679050K->1288K(1887488K), 0.0067550 secs] 1789962K->112200K(3984640K), 0.0069400 secs] [Times: user=0.00 sys=0.00, real=0.00 secs] 
2013-01-19T20:13:31.970+0800: 227679.193: [GC 227679.193: [ParNew: 1679112K->1183K(1887488K), 0.0072400 secs] 1790024K->112096K(3984640K), 0.0074240 secs] [Times: user=0.01 sys=0.00, real=0.00 secs] 
2013-01-19T20:13:56.002+0800: 227703.225: [GC 227703.225: [ParNew: 1679007K->1139K(1887488K), 0.0064960 secs] 1789920K->112052K(3984640K), 0.0066830 secs] [Times: user=0.00 sys=0.00, real=0.01 secs] 
2013-01-19T20:14:20.293+0800: 227727.516: [GC 227727.516: [ParNew: 1678963K->1249K(1887488K), 0.0075730 secs] 1789876K->112162K(3984640K), 0.0077490 secs] [Times: user=0.01 sys=0.00, real=0.01 secs] 
2013-01-19T20:14:44.322+0800: 227751.546: [GC 227751.546: [ParNew: 1679073K->1252K(1887488K), 0.0070500 secs] 1789986K->112165K(3984640K), 0.0072350 secs] [Times: user=0.00 sys=0.00, real=0.00 secs] 
2013-01-19T20:15:08.263+0800: 227775.487: [GC 227775.487: [ParNew: 1679076K->1103K(1887488K), 0.0068880 secs] 1789989K->112016K(3984640K), 0.0070700 secs] [Times: user=0.01 sys=0.00, real=0.00 secs] 
2013-01-19T20:15:32.044+0800: 227799.267: [GC 227799.267: [ParNew: 1678927K->1118K(1887488K), 0.0068220 secs] 1789840K->112031K(3984640K), 0.0070080 secs] [Times: user=0.01 sys=0.00, real=0.01 secs] 
2013-01-19T20:15:57.817+0800: 227825.040: [GC 227825.040: [ParNew: 1678942K->1113K(1887488K), 0.0065810 secs] 1789855K->112027K(3984640K), 0.0067490 secs] [Times: user=0.01 sys=0.00, real=0.01 secs] 
2013-01-19T20:16:21.772+0800: 227848.995: [GC 227848.995: [ParNew: 1678937K->1133K(1887488K), 0.0069140 secs] 1789851K->112047K(3984640K), 0.0070940 secs] [Times: user=0.00 sys=0.00, real=0.00 secs] 
2013-01-19T20:16:45.781+0800: 227873.004: [GC 227873.004: [ParNew: 1678957K->1136K(1887488K), 0.0068350 secs] 1789871K->112069K(3984640K), 0.0070030 secs] [Times: user=0.01 sys=0.00, real=0.00 secs] 
2013-01-19T20:17:09.710+0800: 227896.934: [GC 227896.934: [ParNew: 1678960K->1069K(1887488K), 0.0066060 secs] 1789893K->112011K(3984640K), 0.0067640 secs] [Times: user=0.00 sys=0.00, real=0.01 secs] 
2013-01-19T20:17:33.853+0800: 227921.077: [GC 227921.077: [ParNew: 1678893K->1173K(1887488K), 0.0072720 secs] 1789835K->112116K(3984640K), 0.0074450 secs] [Times: user=0.00 sys=0.00, real=0.01 secs] 
2013-01-19T20:17:58.031+0800: 227945.254: [GC 227945.254: [ParNew: 1678997K->1107K(1887488K), 0.0069220 secs] 1789940K->112051K(3984640K), 0.0071030 secs] [Times: user=0.01 sys=0.00, real=0.01 secs] 
2013-01-19T20:18:22.089+0800: 227969.312: [GC 227969.312: [ParNew: 1678931K->1176K(1887488K), 0.0062690 secs] 1789875K->112119K(3984640K), 0.0064500 secs] [Times: user=0.01 sys=0.00, real=0.01 secs] 
2013-01-19T20:18:45.848+0800: 227993.071: [GC 227993.071: [ParNew: 1679000K->1099K(1887488K), 0.0067070 secs] 1789943K->112042K(3984640K), 0.0068910 secs] [Times: user=0.01 sys=0.00, real=0.01 secs] 
2013-01-19T20:19:09.899+0800: 228017.123: [GC 228017.123: [ParNew: 1678923K->1150K(1887488K), 0.0070420 secs] 1789866K->112093K(3984640K), 0.0072160 secs] [Times: user=0.00 sys=0.00, real=0.01 secs] 
2013-01-19T20:19:34.081+0800: 228041.304: [GC 228041.304: [ParNew: 1678974K->1281K(1887488K), 0.0078190 secs] 1789917K->112224K(3984640K), 0.0079910 secs] [Times: user=0.01 sys=0.00, real=0.00 secs] 
2013-01-19T20:19:57.761+0800: 228064.985: [GC 228064.985: [ParNew: 1679105K->1252K(1887488K), 0.0075490 secs] 1790048K->112196K(3984640K), 0.0077210 secs] [Times: user=0.01 sys=0.00, real=0.00 secs] 
2013-01-19T20:20:21.804+0800: 228089.027: [GC 228089.027: [ParNew: 1679076K->1157K(1887488K), 0.0070740 secs] 1790020K->112101K(3984640K), 0.0072390 secs] [Times: user=0.01 sys=0.00, real=0.01 secs] 
2013-01-19T20:20:45.528+0800: 228112.751: [GC 228112.751: [ParNew: 1678981K->1074K(1887488K), 0.0064880 secs] 1789925K->112018K(3984640K), 0.0066620 secs] [Times: user=0.01 sys=0.00, real=0.01 secs] 
2013-01-19T20:21:09.196+0800: 228136.419: [GC 228136.419: [ParNew: 1678898K->1127K(1887488K), 0.0064070 secs] 1789842K->112071K(3984640K), 0.0065780 secs] [Times: user=0.01 sys=0.00, real=0.01 secs] 
2013-01-19T20:21:32.951+0800: 228160.175: [GC 228160.175: [ParNew: 1678951K->1107K(1887488K), 0.0064770 secs] 1789895K->112075K(3984640K), 0.0066500 secs] [Times: user=0.00 sys=0.00, real=0.00 secs] 
2013-01-19T20:21:56.940+0800: 228184.163: [GC 228184.163: [ParNew: 1678931K->1178K(1887488K), 0.0072410 secs] 1789899K->112157K(3984640K), 0.0074030 secs] [Times: user=0.01 sys=0.00, real=0.01 secs] 
2013-01-19T20:22:20.764+0800: 228207.988: [GC 228207.988: [ParNew: 1679002K->986K(1887488K), 0.0066060 secs] 1789981K->111965K(3984640K), 0.0067880 secs] [Times: user=0.00 sys=0.00, real=0.00 secs] 
2013-01-19T20:22:44.518+0800: 228231.742: [GC 228231.742: [ParNew: 1678810K->1047K(1887488K), 0.0069780 secs] 1789789K->112026K(3984640K), 0.0071820 secs] [Times: user=0.01 sys=0.00, real=0.01 secs] 
2013-01-19T20:23:08.305+0800: 228255.529: [GC 228255.529: [ParNew: 1678871K->1062K(1887488K), 0.0060860 secs] 1789850K->112042K(3984640K), 0.0062940 secs] [Times: user=0.00 sys=0.00, real=0.00 secs] 
2013-01-19T20:23:32.234+0800: 228279.457: [GC 228279.457: [ParNew: 1678886K->1210K(1887488K), 0.0071760 secs] 1789866K->112189K(3984640K), 0.0073340 secs] [Times: user=0.01 sys=0.00, real=0.01 secs] 
2013-01-19T20:23:56.342+0800: 228303.566: [GC 228303.566: [ParNew: 1679034K->1217K(1887488K), 0.0070470 secs] 1790013K->112197K(3984640K), 0.0072230 secs] [Times: user=0.01 sys=0.00, real=0.01 secs] 
2013-01-19T20:24:20.363+0800: 228327.586: [GC 228327.586: [ParNew: 1679041K->1147K(1887488K), 0.0071720 secs] 1790021K->112127K(3984640K), 0.0073540 secs] [Times: user=0.01 sys=0.00, real=0.01 secs] 
2013-01-19T20:24:44.535+0800: 228351.759: [GC 228351.759: [ParNew: 1678971K->1109K(1887488K), 0.0075240 secs] 1789951K->112089K(3984640K), 0.0076990 secs] [Times: user=0.01 sys=0.00, real=0.01 secs] 
2013-01-19T20:25:08.800+0800: 228376.023: [GC 228376.023: [ParNew: 1678933K->1233K(1887488K), 0.0073740 secs] 1789913K->112213K(3984640K), 0.0075660 secs] [Times: user=0.00 sys=0.00, real=0.01 secs] 
2013-01-19T20:25:32.932+0800: 228400.156: [GC 228400.156: [ParNew: 1679057K->1212K(1887488K), 0.0076630 secs] 1790037K->112192K(3984640K), 0.0078070 secs] [Times: user=0.01 sys=0.00, real=0.01 secs] 
2013-01-19T20:25:57.122+0800: 228424.346: [GC 228424.346: [ParNew: 1679036K->1200K(1887488K), 0.0083890 secs] 1790016K->112180K(3984640K), 0.0085850 secs] [Times: user=0.00 sys=0.00, real=0.01 secs] 
2013-01-19T20:26:21.473+0800: 228448.697: [GC 228448.697: [ParNew: 1679024K->1184K(1887488K), 0.0112740 secs] 1790004K->112164K(3984640K), 0.0114170 secs] [Times: user=0.01 sys=0.00, real=0.02 secs] 
2013-01-19T20:26:45.646+0800: 228472.869: [GC 228472.869: [ParNew: 1679008K->1153K(1887488K), 0.0082930 secs] 1789988K->112152K(3984640K), 0.0084560 secs] [Times: user=0.00 sys=0.00, real=0.01 secs] 
2013-01-19T20:27:09.811+0800: 228497.035: [GC 228497.035: [ParNew: 1678977K->1132K(1887488K), 0.0075490 secs] 1789976K->112141K(3984640K), 0.0077180 secs] [Times: user=0.00 sys=0.00, real=0.01 secs] 
2013-01-19T20:27:33.991+0800: 228521.214: [GC 228521.214: [ParNew: 1678956K->1148K(1887488K), 0.0077330 secs] 1789965K->112157K(3984640K), 0.0079010 secs] [Times: user=0.01 sys=0.00, real=0.00 secs] 
2013-01-19T20:27:58.094+0800: 228545.318: [GC 228545.318: [ParNew: 1678972K->1213K(1887488K), 0.0071110 secs] 1789981K->112222K(3984640K), 0.0072780 secs] [Times: user=0.00 sys=0.00, real=0.01 secs] 
2013-01-19T20:28:22.244+0800: 228569.467: [GC 228569.467: [ParNew: 1679037K->1126K(1887488K), 0.0085220 secs] 1790046K->112136K(3984640K), 0.0086680 secs] [Times: user=0.00 sys=0.00, real=0.01 secs] 
2013-01-19T20:28:46.348+0800: 228593.572: [GC 228593.572: [ParNew: 1678950K->1074K(1887488K), 0.0078470 secs] 1789960K->112084K(3984640K), 0.0079970 secs] [Times: user=0.00 sys=0.00, real=0.00 secs] 
2013-01-19T20:29:10.469+0800: 228617.692: [GC 228617.692: [ParNew: 1678898K->1067K(1887488K), 0.0069100 secs] 1789908K->112077K(3984640K), 0.0070700 secs] [Times: user=0.01 sys=0.00, real=0.01 secs] 
2013-01-19T20:29:34.585+0800: 228641.808: [GC 228641.808: [ParNew: 1678891K->1644K(1887488K), 0.0075780 secs] 1789901K->112654K(3984640K), 0.0077670 secs] [Times: user=0.02 sys=0.00, real=0.00 secs] 
2013-01-19T20:29:58.504+0800: 228665.727: [GC 228665.728: [ParNew: 1679468K->1746K(1887488K), 0.0069260 secs] 1790478K->112756K(3984640K), 0.0071170 secs] [Times: user=0.00 sys=0.00, real=0.01 secs] 
2013-01-19T20:30:22.691+0800: 228689.914: [GC 228689.914: [ParNew: 1679570K->1797K(1887488K), 0.0068500 secs] 1790580K->112807K(3984640K), 0.0070120 secs] [Times: user=0.00 sys=0.00, real=0.01 secs] 
2013-01-19T20:30:46.670+0800: 228713.894: [GC 228713.894: [ParNew: 1679621K->1948K(1887488K), 0.0069040 secs] 1790631K->112959K(3984640K), 0.0070890 secs] [Times: user=0.01 sys=0.00, real=0.01 secs] 
2013-01-19T20:31:10.862+0800: 228738.085: [GC 228738.086: [ParNew: 1679772K->1516K(1887488K), 0.0093200 secs] 1790783K->113077K(3984640K), 0.0095320 secs] [Times: user=0.02 sys=0.00, real=0.01 secs] 
2013-01-19T20:31:34.767+0800: 228761.991: [GC 228761.991: [ParNew: 1679340K->1223K(1887488K), 0.0064760 secs] 1790901K->112808K(3984640K), 0.0066530 secs] [Times: user=0.01 sys=0.00, real=0.01 secs] 
2013-01-19T20:31:58.764+0800: 228785.987: [GC 228785.987: [ParNew: 1679047K->1103K(1887488K), 0.0068870 secs] 1790632K->112697K(3984640K), 0.0070830 secs] [Times: user=0.02 sys=0.00, real=0.01 secs] 
2013-01-19T20:32:23.149+0800: 228810.372: [GC 228810.372: [ParNew: 1678927K->1150K(1887488K), 0.0069070 secs] 1790521K->112745K(3984640K), 0.0070780 secs] [Times: user=0.01 sys=0.00, real=0.00 secs] 
2013-01-19T20:32:47.392+0800: 228834.616: [GC 228834.616: [ParNew: 1678974K->1127K(1887488K), 0.0071010 secs] 1790569K->112723K(3984640K), 0.0072750 secs] [Times: user=0.00 sys=0.00, real=0.01 secs] 
2013-01-19T20:33:11.401+0800: 228858.624: [GC 228858.624: [ParNew: 1678951K->1120K(1887488K), 0.0063060 secs] 1790547K->112716K(3984640K), 0.0064890 secs] [Times: user=0.00 sys=0.00, real=0.00 secs] 
2013-01-19T20:33:35.543+0800: 228882.766: [GC 228882.767: [ParNew: 1678944K->1089K(1887488K), 0.0071970 secs] 1790540K->112685K(3984640K), 0.0073670 secs] [Times: user=0.01 sys=0.00, real=0.01 secs] 
2013-01-19T20:33:59.786+0800: 228907.009: [GC 228907.009: [ParNew: 1678913K->1113K(1887488K), 0.0068590 secs] 1790509K->112709K(3984640K), 0.0070450 secs] [Times: user=0.01 sys=0.00, real=0.01 secs] 
2013-01-19T20:34:29.063+0800: 228936.286: [GC 228936.286: [ParNew: 1678937K->1112K(1887488K), 0.0067700 secs] 1790533K->112708K(3984640K), 0.0069510 secs] [Times: user=0.01 sys=0.00, real=0.00 secs] 
2013-01-19T20:34:53.287+0800: 228960.510: [GC 228960.510: [ParNew: 1678936K->1179K(1887488K), 0.0070200 secs] 1790532K->112776K(3984640K), 0.0072070 secs] [Times: user=0.01 sys=0.00, real=0.01 secs] 
2013-01-19T20:35:17.386+0800: 228984.610: [GC 228984.610: [ParNew: 1679003K->1166K(1887488K), 0.0060000 secs] 1790600K->112763K(3984640K), 0.0062300 secs] [Times: user=0.00 sys=0.00, real=0.01 secs] 
2013-01-19T20:35:41.704+0800: 229008.927: [GC 229008.927: [ParNew: 1678990K->1113K(1887488K), 0.0066580 secs] 1790587K->112710K(3984640K), 0.0068690 secs] [Times: user=0.01 sys=0.00, real=0.01 secs] 
2013-01-19T20:36:05.875+0800: 229033.098: [GC 229033.098: [ParNew: 1678937K->1218K(1887488K), 0.0068070 secs] 1790534K->112815K(3984640K), 0.0069760 secs] [Times: user=0.00 sys=0.00, real=0.01 secs] 
2013-01-19T20:40:09.851+0800: 229277.075: [GC 229277.075: [ParNew: 1679042K->888K(1887488K), 0.0060680 secs] 1790639K->112488K(3984640K), 0.0062320 secs] [Times: user=0.00 sys=0.00, real=0.00 secs] 
2013-01-19T20:59:51.484+0800: 230458.708: [Full GC (System) 230458.708: [CMS: 111599K->110177K(2097152K), 0.8455450 secs] 861201K->110177K(3984640K), [CMS Perm : 94633K->94626K(158240K)], 0.8457390 secs] [Times: user=0.84 sys=0.00, real=0.84 secs] 
2013-01-19T21:40:54.691+0800: 232921.915: [GC 232921.915: [ParNew: 1677824K->1621K(1887488K), 0.0038400 secs] 1788001K->111799K(3984640K), 0.0039950 secs] [Times: user=0.00 sys=0.00, real=0.00 secs] 
2013-01-19T21:59:52.324+0800: 234059.547: [Full GC (System) 234059.547: [CMS: 110177K->110525K(2097152K), 0.8578580 secs] 854815K->110525K(3984640K), [CMS Perm : 94675K->94674K(158240K)], 0.8580760 secs] [Times: user=0.86 sys=0.00, real=0.85 secs] 
2013-01-19T22:40:44.926+0800: 236512.150: [GC 236512.150: [ParNew: 1677824K->1116K(1887488K), 0.0032520 secs] 1788349K->111642K(3984640K), 0.0033880 secs] [Times: user=0.00 sys=0.00, real=0.00 secs] 
2013-01-19T22:59:53.175+0800: 237660.399: [Full GC (System) 237660.399: [CMS: 110525K->110384K(2097152K), 0.8405910 secs] 842627K->110384K(3984640K), [CMS Perm : 94676K->94627K(158240K)], 0.8407840 secs] [Times: user=0.84 sys=0.00, real=0.84 secs] 
2013-01-19T23:40:19.251+0800: 240086.474: [GC 240086.474: [ParNew: 1677824K->1288K(1887488K), 0.0032390 secs] 1788208K->111672K(3984640K), 0.0034020 secs] [Times: user=0.01 sys=0.00, real=0.00 secs] 
2013-01-19T23:59:54.010+0800: 241261.233: [Full GC (System) 241261.233: [CMS: 110384K->110176K(2097152K), 0.8511400 secs] 861911K->110176K(3984640K), [CMS Perm : 94628K->94627K(158240K)], 0.8513420 secs] [Times: user=0.84 sys=0.02, real=0.84 secs] 
2013-01-20T00:40:42.399+0800: 243709.622: [GC 243709.622: [ParNew: 1677824K->1810K(1887488K), 0.0039930 secs] 1788000K->111987K(3984640K), 0.0041280 secs] [Times: user=0.00 sys=0.00, real=0.01 secs] 
2013-01-20T00:59:54.857+0800: 244862.080: [Full GC (System) 244862.081: [CMS: 110176K->110610K(2097152K), 0.8374690 secs] 865953K->110610K(3984640K), [CMS Perm : 94710K->94708K(158240K)], 0.8376560 secs] [Times: user=0.83 sys=0.00, real=0.84 secs] 
2013-01-20T01:40:47.681+0800: 247314.904: [GC 247314.904: [ParNew: 1677824K->1346K(1887488K), 0.0030530 secs] 1788434K->111957K(3984640K), 0.0031930 secs] [Times: user=0.00 sys=0.00, real=0.01 secs] 
2013-01-20T01:59:55.690+0800: 248462.913: [Full GC (System) 248462.913: [CMS: 110610K->110527K(2097152K), 0.8328440 secs] 848122K->110527K(3984640K), [CMS Perm : 94710K->94684K(158240K)], 0.8330920 secs] [Times: user=0.83 sys=0.00, real=0.83 secs] 
2013-01-20T02:40:36.633+0800: 250903.857: [GC 250903.857: [ParNew: 1677824K->2671K(1887488K), 0.0054860 secs] 1788351K->113198K(3984640K), 0.0056690 secs] [Times: user=0.01 sys=0.00, real=0.01 secs] 
2013-01-20T02:59:56.516+0800: 252063.739: [Full GC (System) 252063.739: [CMS: 110527K->110222K(2097152K), 0.9584980 secs] 862757K->110222K(3984640K), [CMS Perm : 94734K->94689K(158240K)], 0.9586950 secs] [Times: user=0.95 sys=0.00, real=0.96 secs] 
2013-01-20T03:40:35.563+0800: 254502.786: [GC 254502.786: [ParNew: 1677824K->2325K(1887488K), 0.0034040 secs] 1788046K->112548K(3984640K), 0.0035520 secs] [Times: user=0.01 sys=0.00, real=0.00 secs] 
2013-01-20T03:59:57.469+0800: 255664.692: [Full GC (System) 255664.693: [CMS: 110222K->110384K(2097152K), 0.8820620 secs] 854386K->110384K(3984640K), [CMS Perm : 94690K->94634K(158240K)], 0.8822720 secs] [Times: user=0.87 sys=0.00, real=0.87 secs] 
2013-01-20T04:40:51.677+0800: 258118.900: [GC 258118.901: [ParNew: 1677824K->1197K(1887488K), 0.0029110 secs] 1788208K->111581K(3984640K), 0.0030530 secs] [Times: user=0.00 sys=0.00, real=0.01 secs] 
2013-01-20T04:59:58.347+0800: 259265.571: [Full GC (System) 259265.571: [CMS: 110384K->110384K(2097152K), 0.8320400 secs] 859113K->110384K(3984640K), [CMS Perm : 94635K->94634K(158240K)], 0.8322280 secs] [Times: user=0.83 sys=0.00, real=0.83 secs] 
2013-01-20T05:40:34.536+0800: 261701.760: [GC 261701.760: [ParNew: 1677824K->1236K(1887488K), 0.0028650 secs] 1788208K->111621K(3984640K), 0.0030110 secs] [Times: user=0.00 sys=0.00, real=0.01 secs] 
2013-01-20T05:59:59.172+0800: 262866.396: [Full GC (System) 262866.396: [CMS: 110384K->110166K(2097152K), 0.8592740 secs] 870397K->110166K(3984640K), [CMS Perm : 94635K->94634K(158240K)], 0.8594640 secs] [Times: user=0.86 sys=0.00, real=0.86 secs] 
2013-01-20T06:41:01.489+0800: 265328.712: [GC 265328.712: [ParNew: 1677824K->1651K(1887488K), 0.0034430 secs] 1787990K->111817K(3984640K), 0.0035890 secs] [Times: user=0.00 sys=0.00, real=0.01 secs] 
2013-01-20T07:00:00.027+0800: 266467.250: [Full GC (System) 266467.250: [CMS: 110166K->110383K(2097152K), 0.8553730 secs] 839814K->110383K(3984640K), [CMS Perm : 94635K->94634K(158240K)], 0.8555600 secs] [Times: user=0.85 sys=0.00, real=0.85 secs] 
2013-01-20T07:40:52.897+0800: 268920.121: [GC 268920.121: [ParNew: 1677824K->1483K(1887488K), 0.0031120 secs] 1788207K->111866K(3984640K), 0.0032370 secs] [Times: user=0.01 sys=0.00, real=0.00 secs] 
2013-01-20T08:00:00.879+0800: 270068.102: [Full GC (System) 270068.103: [CMS: 110383K->110384K(2097152K), 0.8867760 secs] 842344K->110384K(3984640K), [CMS Perm : 94635K->94634K(158240K)], 0.8870080 secs] [Times: user=0.88 sys=0.00, real=0.89 secs] 
2013-01-20T08:40:53.396+0800: 272520.620: [GC 272520.620: [ParNew: 1677824K->1067K(1887488K), 0.0031220 secs] 1788208K->111451K(3984640K), 0.0032450 secs] [Times: user=0.00 sys=0.00, real=0.00 secs] 
2013-01-20T09:00:01.763+0800: 273668.986: [Full GC (System) 273668.986: [CMS: 110384K->110147K(2097152K), 0.8252970 secs] 840801K->110147K(3984640K), [CMS Perm : 94635K->94634K(158240K)], 0.8254870 secs] [Times: user=0.82 sys=0.00, real=0.82 secs] 
2013-01-20T09:40:53.401+0800: 276120.624: [GC 276120.625: [ParNew: 1677824K->1587K(1887488K), 0.0035590 secs] 1787971K->111735K(3984640K), 0.0036940 secs] [Times: user=0.01 sys=0.01, real=0.00 secs] 
2013-01-20T10:00:02.585+0800: 277269.809: [Full GC (System) 277269.809: [CMS: 110147K->110384K(2097152K), 0.8883550 secs] 841838K->110384K(3984640K), [CMS Perm : 94637K->94636K(158240K)], 0.8885400 secs] [Times: user=0.88 sys=0.00, real=0.89 secs] 
2013-01-20T10:40:52.700+0800: 279719.923: [GC 279719.923: [ParNew: 1677824K->1448K(1887488K), 0.0031640 secs] 1788208K->111832K(3984640K), 0.0033090 secs] [Times: user=0.01 sys=0.00, real=0.01 secs] 
2013-01-20T11:00:03.468+0800: 280870.691: [Full GC (System) 280870.691: [CMS: 110384K->110386K(2097152K), 0.8587570 secs] 865400K->110386K(3984640K), [CMS Perm : 94637K->94636K(158240K)], 0.8589430 secs] [Times: user=0.86 sys=0.00, real=0.85 secs] 
2013-01-20T11:40:57.525+0800: 283324.749: [GC 283324.749: [ParNew: 1677824K->1486K(1887488K), 0.0036420 secs] 1788210K->111873K(3984640K), 0.0037900 secs] [Times: user=0.00 sys=0.00, real=0.00 secs] 
2013-01-20T12:00:04.322+0800: 284471.545: [Full GC (System) 284471.545: [CMS: 110386K->110404K(2097152K), 0.8814020 secs] 841281K->110404K(3984640K), [CMS Perm : 94704K->94703K(158240K)], 0.8816580 secs] [Times: user=0.88 sys=0.00, real=0.88 secs] 
2013-01-20T12:40:57.483+0800: 286924.706: [GC 286924.706: [ParNew: 1677824K->1901K(1887488K), 0.0036850 secs] 1788228K->112305K(3984640K), 0.0038400 secs] [Times: user=0.02 sys=0.00, real=0.00 secs] 
2013-01-20T13:00:05.200+0800: 288072.424: [Full GC (System) 288072.424: [CMS: 110404K->110415K(2097152K), 0.8395520 secs] 841967K->110415K(3984640K), [CMS Perm : 94704K->94637K(158240K)], 0.8397390 secs] [Times: user=0.84 sys=0.00, real=0.84 secs] 
2013-01-20T13:40:58.060+0800: 290525.284: [GC 290525.284: [ParNew: 1677824K->1272K(1887488K), 0.0034220 secs] 1788239K->111688K(3984640K), 0.0035650 secs] [Times: user=0.01 sys=0.00, real=0.00 secs] 
2013-01-20T14:00:06.034+0800: 291673.258: [Full GC (System) 291673.258: [CMS: 110415K->110387K(2097152K), 0.9017250 secs] 843211K->110387K(3984640K), [CMS Perm : 94638K->94637K(158240K)], 0.9019310 secs] [Times: user=0.90 sys=0.00, real=0.90 secs] 
2013-01-20T14:40:56.990+0800: 294124.213: [GC 294124.213: [ParNew: 1677824K->884K(1887488K), 0.0028740 secs] 1788211K->111271K(3984640K), 0.0030160 secs] [Times: user=0.02 sys=0.00, real=0.00 secs] 
2013-01-20T15:00:06.930+0800: 295274.154: [Full GC (System) 295274.154: [CMS: 110387K->110120K(2097152K), 0.8737090 secs] 840843K->110120K(3984640K), [CMS Perm : 94638K->94637K(158240K)], 0.8738940 secs] [Times: user=0.87 sys=0.00, real=0.87 secs] 
2013-01-20T15:40:08.218+0800: 297675.441: [GC 297675.441: [ParNew: 1677824K->24924K(1887488K), 0.0345670 secs] 1787944K->135044K(3984640K), 0.0347810 secs] [Times: user=0.13 sys=0.00, real=0.04 secs] 
2013-01-20T16:00:07.798+0800: 298875.021: [Full GC (System) 298875.021: [CMS: 110120K->110769K(2097152K), 0.9539870 secs] 916545K->110769K(3984640K), [CMS Perm : 94759K->94756K(158240K)], 0.9541740 secs] [Times: user=0.95 sys=0.00, real=0.95 secs] 
2013-01-20T16:40:51.585+0800: 301318.808: [GC 301318.808: [ParNew: 1677824K->18387K(1887488K), 0.0076170 secs] 1788593K->129157K(3984640K), 0.0077390 secs] [Times: user=0.00 sys=0.00, real=0.00 secs] 
2013-01-20T17:00:08.746+0800: 302475.970: [Full GC (System) 302475.970: [CMS: 110769K->110419K(2097152K), 0.8999440 secs] 886181K->110419K(3984640K), [CMS Perm : 94757K->94639K(158240K)], 0.9001350 secs] [Times: user=0.90 sys=0.00, real=0.90 secs] 
2013-01-20T17:40:45.761+0800: 304912.984: [GC 304912.984: [ParNew: 1677824K->4729K(1887488K), 0.0031190 secs] 1788243K->115149K(3984640K), 0.0032930 secs] [Times: user=0.00 sys=0.00, real=0.00 secs] 
2013-01-20T18:00:09.643+0800: 306076.866: [Full GC (System) 306076.866: [CMS: 110419K->110124K(2097152K), 0.8347350 secs] 862246K->110124K(3984640K), [CMS Perm : 94640K->94639K(158240K)], 0.8349230 secs] [Times: user=0.83 sys=0.00, real=0.84 secs] 
2013-01-20T18:40:48.547+0800: 308515.771: [GC 308515.771: [ParNew: 1677824K->2331K(1887488K), 0.0034570 secs] 1787948K->112456K(3984640K), 0.0035900 secs] [Times: user=0.01 sys=0.00, real=0.00 secs] 
2013-01-20T19:00:10.475+0800: 309677.699: [Full GC (System) 309677.699: [CMS: 110124K->110477K(2097152K), 0.8756960 secs] 859823K->110477K(3984640K), [CMS Perm : 94650K->94649K(158240K)], 0.8759130 secs] [Times: user=0.87 sys=0.00, real=0.87 secs] 
2013-01-20T19:40:49.681+0800: 312116.904: [GC 312116.905: [ParNew: 1677824K->1416K(1887488K), 0.0028840 secs] 1788301K->111893K(3984640K), 0.0030220 secs] [Times: user=0.00 sys=0.00, real=0.00 secs] 
2013-01-20T20:00:11.346+0800: 313278.569: [Full GC (System) 313278.569: [CMS: 110477K->110423K(2097152K), 0.8499830 secs] 862084K->110423K(3984640K), [CMS Perm : 94650K->94649K(158240K)], 0.8502110 secs] [Times: user=0.85 sys=0.00, real=0.84 secs] 
2013-01-20T20:40:51.486+0800: 315718.709: [GC 315718.709: [ParNew: 1677824K->900K(1887488K), 0.0030940 secs] 1788247K->111323K(3984640K), 0.0032280 secs] [Times: user=0.01 sys=0.00, real=0.01 secs] 
2013-01-20T21:00:12.192+0800: 316879.415: [Full GC (System) 316879.416: [CMS: 110423K->110124K(2097152K), 0.8338180 secs] 858277K->110124K(3984640K), [CMS Perm : 94660K->94659K(158240K)], 0.8340090 secs] [Times: user=0.82 sys=0.00, real=0.83 secs] 
2013-01-20T21:40:50.611+0800: 319317.835: [GC 319317.835: [ParNew: 1677824K->1828K(1887488K), 0.0034940 secs] 1787948K->111953K(3984640K), 0.0036440 secs] [Times: user=0.00 sys=0.00, real=0.00 secs] 
2013-01-20T22:00:13.021+0800: 320480.244: [Full GC (System) 320480.244: [CMS: 110124K->110477K(2097152K), 0.8278670 secs] 859086K->110477K(3984640K), [CMS Perm : 94661K->94660K(158240K)], 0.8280610 secs] [Times: user=0.83 sys=0.00, real=0.83 secs] 
2013-01-20T22:40:51.479+0800: 322918.702: [GC 322918.702: [ParNew: 1677824K->1264K(1887488K), 0.0030520 secs] 1788301K->111741K(3984640K), 0.0031830 secs] [Times: user=0.00 sys=0.00, real=0.00 secs] 
2013-01-20T23:00:13.845+0800: 324081.068: [Full GC (System) 324081.068: [CMS: 110477K->110418K(2097152K), 0.8290760 secs] 861269K->110418K(3984640K), [CMS Perm : 94662K->94661K(158240K)], 0.8292670 secs] [Times: user=0.83 sys=0.00, real=0.83 secs] 
2013-01-20T23:40:55.616+0800: 326522.839: [GC 326522.839: [ParNew: 1677824K->873K(1887488K), 0.0030110 secs] 1788242K->111292K(3984640K), 0.0031640 secs] [Times: user=0.00 sys=0.00, real=0.00 secs] 
2013-01-21T00:00:14.670+0800: 327681.894: [Full GC (System) 327681.894: [CMS: 110418K->110122K(2097152K), 0.8828900 secs] 858594K->110122K(3984640K), [CMS Perm : 94662K->94661K(158240K)], 0.8830890 secs] [Times: user=0.87 sys=0.00, real=0.89 secs] 
2013-01-21T00:40:53.650+0800: 330120.874: [GC 330120.874: [ParNew: 1677824K->1750K(1887488K), 0.0036440 secs] 1787946K->111872K(3984640K), 0.0037820 secs] [Times: user=0.00 sys=0.00, real=0.00 secs] 
2013-01-21T01:00:15.548+0800: 331282.772: [Full GC (System) 331282.772: [CMS: 110122K->110479K(2097152K), 0.8412000 secs] 859737K->110479K(3984640K), [CMS Perm : 94662K->94661K(158240K)], 0.8413870 secs] [Times: user=0.84 sys=0.00, real=0.83 secs] 
2013-01-21T01:40:56.785+0800: 333724.009: [GC 333724.009: [ParNew: 1677824K->1287K(1887488K), 0.0029580 secs] 1788303K->111766K(3984640K), 0.0030860 secs] [Times: user=0.00 sys=0.00, real=0.00 secs] 
2013-01-21T02:00:16.384+0800: 334883.608: [Full GC (System) 334883.608: [CMS: 110479K->110418K(2097152K), 0.8427060 secs] 861622K->110418K(3984640K), [CMS Perm : 94662K->94661K(158240K)], 0.8429130 secs] [Times: user=0.85 sys=0.00, real=0.85 secs] 
2013-01-21T02:40:56.445+0800: 337323.669: [GC 337323.669: [ParNew: 1677824K->2524K(1887488K), 0.0054320 secs] 1788242K->112942K(3984640K), 0.0056130 secs] [Times: user=0.02 sys=0.00, real=0.00 secs] 
2013-01-21T03:00:17.222+0800: 338484.445: [Full GC (System) 338484.445: [CMS: 110418K->110443K(2097152K), 0.8706450 secs] 862058K->110443K(3984640K), [CMS Perm : 94718K->94717K(158240K)], 0.8708630 secs] [Times: user=0.86 sys=0.00, real=0.87 secs] 
2013-01-21T03:40:57.759+0800: 340924.982: [GC 340924.983: [ParNew: 1677824K->1975K(1887488K), 0.0035420 secs] 1788267K->112419K(3984640K), 0.0036720 secs] [Times: user=0.01 sys=0.00, real=0.00 secs] 
2013-01-21T04:00:18.089+0800: 342085.313: [Full GC (System) 342085.313: [CMS: 110443K->110241K(2097152K), 0.8288840 secs] 858789K->110241K(3984640K), [CMS Perm : 94718K->94662K(158240K)], 0.8291080 secs] [Times: user=0.83 sys=0.00, real=0.83 secs] 
2013-01-21T04:40:58.503+0800: 344525.727: [GC 344525.727: [ParNew: 1677824K->1574K(1887488K), 0.0033270 secs] 1788065K->111816K(3984640K), 0.0034730 secs] [Times: user=0.01 sys=0.00, real=0.00 secs] 
2013-01-21T05:00:18.913+0800: 345686.137: [Full GC (System) 345686.137: [CMS: 110241K->110656K(2097152K), 0.8652490 secs] 869547K->110656K(3984640K), [CMS Perm : 94663K->94662K(158240K)], 0.8654460 secs] [Times: user=0.86 sys=0.00, real=0.87 secs] 
2013-01-21T05:40:55.013+0800: 348122.237: [GC 348122.237: [ParNew: 1677824K->1276K(1887488K), 0.0026240 secs] 1788480K->111932K(3984640K), 0.0027490 secs] [Times: user=0.00 sys=0.00, real=0.00 secs] 
2013-01-21T06:00:19.772+0800: 349286.996: [Full GC (System) 349286.996: [CMS: 110656K->110141K(2097152K), 0.8543390 secs] 860651K->110141K(3984640K), [CMS Perm : 94663K->94662K(158240K)], 0.8545350 secs] [Times: user=0.85 sys=0.00, real=0.86 secs] 
2013-01-21T06:40:56.109+0800: 351723.332: [GC 351723.332: [ParNew: 1677824K->1645K(1887488K), 0.0036320 secs] 1787965K->111786K(3984640K), 0.0037690 secs] [Times: user=0.00 sys=0.00, real=0.00 secs] 
2013-01-21T07:00:20.623+0800: 352887.846: [Full GC (System) 352887.846: [CMS: 110141K->110240K(2097152K), 0.8594800 secs] 857624K->110240K(3984640K), [CMS Perm : 94663K->94662K(158240K)], 0.8597160 secs] [Times: user=0.85 sys=0.00, real=0.86 secs] 
2013-01-21T07:40:57.848+0800: 355325.071: [GC 355325.071: [ParNew: 1677824K->1832K(1887488K), 0.0034370 secs] 1788064K->112073K(3984640K), 0.0035640 secs] [Times: user=0.00 sys=0.00, real=0.00 secs] 
2013-01-21T08:00:21.478+0800: 356488.701: [Full GC (System) 356488.701: [CMS: 110240K->110654K(2097152K), 0.9033850 secs] 861653K->110654K(3984640K), [CMS Perm : 94663K->94662K(158240K)], 0.9035810 secs] [Times: user=0.90 sys=0.00, real=0.91 secs] 
2013-01-21T08:40:59.453+0800: 358926.676: [GC 358926.676: [ParNew: 1677824K->1142K(1887488K), 0.0023120 secs] 1788478K->111797K(3984640K), 0.0024440 secs] [Times: user=0.00 sys=0.00, real=0.00 secs] 
2013-01-21T09:00:22.374+0800: 360089.598: [Full GC (System) 360089.598: [CMS: 110654K->110122K(2097152K), 0.8972530 secs] 860361K->110122K(3984640K), [CMS Perm : 94663K->94662K(158240K)], 0.8974430 secs] [Times: user=0.89 sys=0.00, real=0.90 secs] 
2013-01-21T09:41:01.394+0800: 362528.618: [GC 362528.618: [ParNew: 1677824K->2060K(1887488K), 0.0043470 secs] 1787946K->112183K(3984640K), 0.0044820 secs] [Times: user=0.00 sys=0.00, real=0.00 secs] 
2013-01-21T10:00:23.266+0800: 363690.489: [Full GC (System) 363690.489: [CMS: 110122K->110641K(2097152K), 0.8538500 secs] 873814K->110641K(3984640K), [CMS Perm : 94898K->94894K(158240K)], 0.8541010 secs] [Times: user=0.85 sys=0.00, real=0.85 secs] 
2013-01-21T10:40:24.378+0800: 366091.602: [GC 366091.602: [ParNew: 1677824K->18965K(1887488K), 0.0249960 secs] 1788465K->129606K(3984640K), 0.0252190 secs] [Times: user=0.08 sys=0.00, real=0.03 secs] 
2013-01-21T11:00:24.118+0800: 367291.341: [Full GC (System) 367291.341: [CMS: 110641K->111249K(2097152K), 0.8937660 secs] 934285K->111249K(3984640K), [CMS Perm : 95007K->94971K(158240K)], 0.8940050 secs] [Times: user=0.88 sys=0.01, real=0.89 secs] 
2013-01-21T11:40:34.937+0800: 369702.161: [GC 369702.161: [ParNew: 1677824K->13895K(1887488K), 0.0124860 secs] 1789073K->125144K(3984640K), 0.0126710 secs] [Times: user=0.01 sys=0.00, real=0.01 secs] 
2013-01-21T12:00:25.007+0800: 370892.231: [Full GC (System) 370892.231: [CMS: 111249K->111736K(2097152K), 0.9793800 secs] 918224K->111736K(3984640K), [CMS Perm : 95167K->95149K(158432K)], 0.9796700 secs] [Times: user=0.98 sys=0.00, real=0.98 secs] 
2013-01-21T12:40:38.751+0800: 373305.974: [GC 373305.975: [ParNew: 1677824K->3784K(1887488K), 0.0037360 secs] 1789560K->115520K(3984640K), 0.0038770 secs] [Times: user=0.01 sys=0.00, real=0.01 secs] 
2013-01-21T13:00:25.981+0800: 374493.205: [Full GC (System) 374493.205: [CMS: 111736K->111662K(2097152K), 0.8538210 secs] 896402K->111662K(3984640K), [CMS Perm : 95159K->94903K(158624K)], 0.8540370 secs] [Times: user=0.84 sys=0.00, real=0.85 secs] 
2013-01-21T13:40:27.051+0800: 376894.274: [GC 376894.275: [ParNew: 1677824K->17431K(1887488K), 0.0239050 secs] 1789486K->129093K(3984640K), 0.0241240 secs] [Times: user=0.08 sys=0.00, real=0.02 secs] 
2013-01-21T14:00:26.829+0800: 378094.053: [Full GC (System) 378094.053: [CMS: 111662K->111592K(2097152K), 0.8899810 secs] 968267K->111592K(3984640K), [CMS Perm : 95074K->95069K(158624K)], 0.8902210 secs] [Times: user=0.88 sys=0.00, real=0.88 secs] 
2013-01-21T14:40:29.974+0800: 380497.198: [GC 380497.198: [ParNew: 1677824K->12836K(1887488K), 0.0040340 secs] 1789416K->124428K(3984640K), 0.0041950 secs] [Times: user=0.01 sys=0.00, real=0.00 secs] 
2013-01-21T15:00:27.713+0800: 381694.936: [Full GC (System) 381694.936: [CMS: 111592K->111184K(2097152K), 0.8866890 secs] 906890K->111184K(3984640K), [CMS Perm : 95129K->95089K(158624K)], 0.8869510 secs] [Times: user=0.88 sys=0.00, real=0.89 secs] 
2013-01-21T15:40:29.741+0800: 384096.965: [GC 384096.965: [ParNew: 1677824K->3419K(1887488K), 0.0038940 secs] 1789008K->114603K(3984640K), 0.0040540 secs] [Times: user=0.01 sys=0.00, real=0.00 secs] 
2013-01-21T16:00:28.595+0800: 385295.819: [Full GC (System) 385295.819: [CMS: 111184K->111597K(2097152K), 0.9774660 secs] 915286K->111597K(3984640K), [CMS Perm : 95162K->95113K(158624K)], 0.9776810 secs] [Times: user=0.97 sys=0.00, real=0.98 secs] 
2013-01-21T16:40:29.761+0800: 387696.984: [GC 387696.984: [ParNew: 1677824K->16571K(1887488K), 0.0212590 secs] 1789421K->128168K(3984640K), 0.0214790 secs] [Times: user=0.05 sys=0.00, real=0.03 secs] 
2013-01-21T17:00:29.566+0800: 388896.789: [Full GC (System) 388896.790: [CMS: 111597K->112222K(2097152K), 0.8744570 secs] 959617K->112222K(3984640K), [CMS Perm : 95229K->95220K(158624K)], 0.8747000 secs] [Times: user=0.87 sys=0.00, real=0.87 secs] 
2013-01-21T17:40:30.569+0800: 391297.793: [GC 391297.793: [ParNew: 1677824K->18184K(1887488K), 0.0176610 secs] 1790046K->130407K(3984640K), 0.0178870 secs] [Times: user=0.06 sys=0.00, real=0.02 secs] 
2013-01-21T18:00:30.435+0800: 392497.658: [Full GC (System) 392497.659: [CMS: 112222K->111900K(2097152K), 0.9885600 secs] 949629K->111900K(3984640K), [CMS Perm : 95297K->95248K(158816K)], 0.9887580 secs] [Times: user=0.98 sys=0.00, real=0.99 secs] 
2013-01-21T18:40:33.528+0800: 394900.752: [GC 394900.752: [ParNew: 1677824K->12216K(1887488K), 0.0034930 secs] 1789724K->124117K(3984640K), 0.0036420 secs] [Times: user=0.00 sys=0.00, real=0.00 secs] 
2013-01-21T19:00:31.418+0800: 396098.641: [Full GC (System) 396098.641: [CMS: 111900K->111540K(2097152K), 0.8867060 secs] 939958K->111540K(3984640K), [CMS Perm : 95258K->95165K(158816K)], 0.8869090 secs] [Times: user=0.89 sys=0.00, real=0.89 secs] 
2013-01-21T19:40:38.431+0800: 398505.654: [GC 398505.654: [ParNew: 1677824K->3285K(1887488K), 0.0035140 secs] 1789364K->114825K(3984640K), 0.0036650 secs] [Times: user=0.00 sys=0.00, real=0.00 secs] 
2013-01-21T20:00:32.301+0800: 399699.524: [Full GC (System) 399699.524: [CMS: 111540K->111211K(2097152K), 0.9243210 secs] 893977K->111211K(3984640K), [CMS Perm : 95169K->95030K(158816K)], 0.9245450 secs] [Times: user=0.91 sys=0.00, real=0.93 secs] 
2013-01-21T20:41:17.695+0800: 402144.918: [GC 402144.918: [ParNew: 1677824K->1614K(1887488K), 0.0034460 secs] 1789035K->112825K(3984640K), 0.0035970 secs] [Times: user=0.01 sys=0.00, real=0.01 secs] 
2013-01-21T21:00:33.219+0800: 403300.443: [Full GC (System) 403300.443: [CMS: 111211K->110600K(2097152K), 0.8819490 secs] 856749K->110600K(3984640K), [CMS Perm : 95069K->94835K(158816K)], 0.8821440 secs] [Times: user=0.89 sys=0.00, real=0.88 secs] 
2013-01-21T21:41:24.727+0800: 405751.951: [GC 405751.951: [ParNew: 1677824K->1749K(1887488K), 0.0034660 secs] 1788424K->112349K(3984640K), 0.0035990 secs] [Times: user=0.00 sys=0.00, real=0.01 secs] 
2013-01-21T22:00:34.096+0800: 406901.319: [Full GC (System) 406901.319: [CMS: 110600K->110917K(2097152K), 0.8662050 secs] 868099K->110917K(3984640K), [CMS Perm : 94870K->94863K(158816K)], 0.8664120 secs] [Times: user=0.86 sys=0.00, real=0.87 secs] 
2013-01-21T22:40:50.950+0800: 409318.173: [GC 409318.174: [ParNew: 1677824K->1098K(1887488K), 0.0031830 secs] 1788741K->112016K(3984640K), 0.0033160 secs] [Times: user=0.00 sys=0.00, real=0.01 secs] 
2013-01-21T23:00:34.958+0800: 410502.181: [Full GC (System) 410502.181: [CMS: 110917K->110817K(2097152K), 0.8538380 secs] 868721K->110817K(3984640K), [CMS Perm : 94864K->94863K(158816K)], 0.8540330 secs] [Times: user=0.85 sys=0.00, real=0.85 secs] 
2013-01-21T23:40:52.008+0800: 412919.231: [GC 412919.231: [ParNew: 1677824K->1328K(1887488K), 0.0033680 secs] 1788641K->112145K(3984640K), 0.0035000 secs] [Times: user=0.02 sys=0.00, real=0.00 secs] 
2013-01-22T00:00:35.806+0800: 414103.029: [Full GC (System) 414103.029: [CMS: 110817K->110395K(2097152K), 0.8956660 secs] 865483K->110395K(3984640K), [CMS Perm : 94864K->94753K(158816K)], 0.8958670 secs] [Times: user=0.89 sys=0.00, real=0.89 secs] 
2013-01-22T00:40:55.797+0800: 416523.020: [GC 416523.020: [ParNew: 1677824K->1726K(1887488K), 0.0037060 secs] 1788219K->112122K(3984640K), 0.0038560 secs] [Times: user=0.00 sys=0.01, real=0.00 secs] 
2013-01-22T01:00:36.697+0800: 417703.921: [Full GC (System) 417703.921: [CMS: 110395K->110660K(2097152K), 0.9055730 secs] 863466K->110660K(3984640K), [CMS Perm : 94785K->94784K(158816K)], 0.9057670 secs] [Times: user=0.90 sys=0.00, real=0.91 secs] 
2013-01-22T01:41:06.881+0800: 420134.104: [GC 420134.104: [ParNew: 1677824K->1271K(1887488K), 0.0031780 secs] 1788484K->111932K(3984640K), 0.0033170 secs] [Times: user=0.01 sys=0.00, real=0.00 secs] 
2013-01-22T02:00:37.599+0800: 421304.823: [Full GC (System) 421304.823: [CMS: 110660K->110457K(2097152K), 0.8928970 secs] 860470K->110457K(3984640K), [CMS Perm : 94785K->94715K(158816K)], 0.8931350 secs] [Times: user=0.89 sys=0.00, real=0.90 secs] 
2013-01-22T02:40:54.902+0800: 423722.125: [GC 423722.126: [ParNew: 1677824K->2697K(1887488K), 0.0052810 secs] 1788281K->113155K(3984640K), 0.0054250 secs] [Times: user=0.00 sys=0.00, real=0.01 secs] 
2013-01-22T03:00:38.488+0800: 424905.712: [Full GC (System) 424905.712: [CMS: 110457K->110321K(2097152K), 0.8427910 secs] 864557K->110321K(3984640K), [CMS Perm : 94743K->94741K(158816K)], 0.8429790 secs] [Times: user=0.84 sys=0.00, real=0.84 secs] 
2013-01-22T03:41:00.822+0800: 427328.045: [GC 427328.045: [ParNew: 1677824K->2059K(1887488K), 0.0031370 secs] 1788145K->112381K(3984640K), 0.0032820 secs] [Times: user=0.01 sys=0.00, real=0.00 secs] 
2013-01-22T04:00:39.327+0800: 428506.551: [Full GC (System) 428506.551: [CMS: 110321K->110487K(2097152K), 0.8495450 secs] 861525K->110487K(3984640K), [CMS Perm : 94748K->94721K(158816K)], 0.8497390 secs] [Times: user=0.85 sys=0.00, real=0.85 secs] 
2013-01-22T04:41:30.750+0800: 430957.974: [GC 430957.974: [ParNew: 1677824K->1456K(1887488K), 0.0028710 secs] 1788311K->111944K(3984640K), 0.0030190 secs] [Times: user=0.00 sys=0.00, real=0.00 secs] 
2013-01-22T05:00:40.174+0800: 432107.397: [Full GC (System) 432107.397: [CMS: 110487K->110458K(2097152K), 0.8899820 secs] 867437K->110458K(3984640K), [CMS Perm : 94723K->94722K(158816K)], 0.8901730 secs] [Times: user=0.88 sys=0.00, real=0.88 secs] 
2013-01-22T05:40:57.989+0800: 434525.212: [GC 434525.212: [ParNew: 1677824K->1150K(1887488K), 0.0031370 secs] 1788282K->111608K(3984640K), 0.0032740 secs] [Times: user=0.00 sys=0.00, real=0.00 secs] 
2013-01-22T06:00:41.060+0800: 435708.283: [Full GC (System) 435708.283: [CMS: 110458K->110299K(2097152K), 0.8400220 secs] 861729K->110299K(3984640K), [CMS Perm : 94723K->94722K(158816K)], 0.8402080 secs] [Times: user=0.84 sys=0.00, real=0.84 secs] 
2013-01-22T06:40:56.373+0800: 438123.596: [GC 438123.596: [ParNew: 1677824K->1678K(1887488K), 0.0034850 secs] 1788123K->111977K(3984640K), 0.0036250 secs] [Times: user=0.01 sys=0.00, real=0.00 secs] 
2013-01-22T07:00:41.894+0800: 439309.118: [Full GC (System) 439309.118: [CMS: 110299K->110487K(2097152K), 0.8371580 secs] 863658K->110487K(3984640K), [CMS Perm : 94724K->94723K(158816K)], 0.8373500 secs] [Times: user=0.83 sys=0.00, real=0.83 secs] 
2013-01-22T07:41:28.728+0800: 441755.951: [GC 441755.951: [ParNew: 1677824K->1172K(1887488K), 0.0032060 secs] 1788311K->111659K(3984640K), 0.0033340 secs] [Times: user=0.00 sys=0.00, real=0.00 secs] 
2013-01-22T08:00:42.727+0800: 442909.950: [Full GC (System) 442909.950: [CMS: 110487K->110457K(2097152K), 0.8341280 secs] 858834K->110457K(3984640K), [CMS Perm : 94724K->94723K(158816K)], 0.8343670 secs] [Times: user=0.84 sys=0.00, real=0.84 secs] 
2013-01-22T08:41:10.634+0800: 445337.858: [GC 445337.858: [ParNew: 1677824K->1316K(1887488K), 0.0031540 secs] 1788281K->111774K(3984640K), 0.0032800 secs] [Times: user=0.00 sys=0.00, real=0.00 secs] 
2013-01-22T09:00:43.557+0800: 446510.780: [Full GC (System) 446510.780: [CMS: 110457K->110279K(2097152K), 0.8413340 secs] 858626K->110279K(3984640K), [CMS Perm : 94724K->94723K(158816K)], 0.8415580 secs] [Times: user=0.84 sys=0.00, real=0.84 secs] 
2013-01-22T09:40:24.443+0800: 448891.666: [GC 448891.667: [ParNew: 1677824K->2334K(1887488K), 0.0043740 secs] 1788103K->112614K(3984640K), 0.0045220 secs] [Times: user=0.00 sys=0.00, real=0.00 secs] 
2013-01-22T10:00:44.392+0800: 450111.615: [Full GC (System) 450111.615: [CMS: 110279K->111142K(2097152K), 0.9194850 secs] 956275K->111142K(3984640K), [CMS Perm : 94921K->94917K(158816K)], 0.9196820 secs] [Times: user=0.91 sys=0.00, real=0.92 secs] 
2013-01-22T10:40:16.049+0800: 452483.272: [GC 452483.272: [ParNew: 1677824K->1677K(1887488K), 0.0039040 secs] 1788966K->112820K(3984640K), 0.0040470 secs] [Times: user=0.00 sys=0.00, real=0.00 secs] 
2013-01-22T11:00:45.305+0800: 453712.528: [Full GC (System) 453712.528: [CMS: 111142K->111123K(2097152K), 0.8749480 secs] 996092K->111123K(3984640K), [CMS Perm : 95146K->95124K(158816K)], 0.8751570 secs] [Times: user=0.87 sys=0.00, real=0.87 secs] 
2013-01-22T11:40:46.328+0800: 456113.552: [GC 456113.552: [ParNew: 1677824K->15928K(1887488K), 0.0197970 secs] 1788947K->127051K(3984640K), 0.0200150 secs] [Times: user=0.05 sys=0.00, real=0.02 secs] 
2013-01-22T12:00:46.174+0800: 457313.397: [Full GC (System) 457313.397: [CMS: 111123K->111316K(2097152K), 0.9044550 secs] 937694K->111316K(3984640K), [CMS Perm : 95253K->95231K(158816K)], 0.9046640 secs] [Times: user=0.90 sys=0.00, real=0.90 secs] 
2013-01-22T12:41:44.047+0800: 459771.271: [GC 459771.271: [ParNew: 1677824K->11609K(1887488K), 0.0088660 secs] 1789140K->122926K(3984640K), 0.0089930 secs] [Times: user=0.00 sys=0.00, real=0.01 secs] 
2013-01-22T13:00:47.072+0800: 460914.295: [Full GC (System) 460914.295: [CMS: 111316K->111095K(2097152K), 0.8727080 secs] 887865K->111095K(3984640K), [CMS Perm : 95239K->95102K(158816K)], 0.8729100 secs] [Times: user=0.87 sys=0.00, real=0.87 secs] 
2013-01-22T13:40:48.336+0800: 463315.560: [GC 463315.560: [ParNew: 1677824K->23949K(1887488K), 0.0363560 secs] 1788919K->135045K(3984640K), 0.0365730 secs] [Times: user=0.11 sys=0.00, real=0.04 secs] 
2013-01-22T14:00:47.943+0800: 464515.167: [Full GC (System) 464515.167: [CMS: 111095K->111417K(2097152K), 0.8765450 secs] 921342K->111417K(3984640K), [CMS Perm : 95260K->95252K(158816K)], 0.8767530 secs] [Times: user=0.87 sys=0.00, real=0.88 secs] 
2013-01-22T14:40:48.996+0800: 466916.219: [GC 466916.219: [ParNew: 1677824K->26591K(1887488K), 0.0256460 secs] 1789241K->138008K(3984640K), 0.0258730 secs] [Times: user=0.06 sys=0.00, real=0.03 secs] 
2013-01-22T15:00:48.813+0800: 468116.036: [Full GC (System) 468116.036: [CMS: 111417K->111460K(2097152K), 0.9480450 secs] 954254K->111460K(3984640K), [CMS Perm : 95262K->95248K(158816K)], 0.9482420 secs] [Times: user=0.94 sys=0.00, real=0.95 secs] 
2013-01-22T15:40:50.058+0800: 470517.281: [GC 470517.282: [ParNew: 1677824K->25352K(1887488K), 0.0402900 secs] 1789284K->136813K(3984640K), 0.0405030 secs] [Times: user=0.07 sys=0.00, real=0.04 secs] 
2013-01-22T16:00:49.755+0800: 471716.978: [Full GC (System) 471716.978: [CMS: 111460K->111854K(2097152K), 1.0681910 secs] 927586K->111854K(3984640K), [CMS Perm : 95535K->95497K(158816K)], 1.0684340 secs] [Times: user=1.06 sys=0.00, real=1.07 secs] 
2013-01-22T16:40:51.252+0800: 474118.475: [GC 474118.476: [ParNew: 1677824K->30770K(1887488K), 0.0492990 secs] 1789678K->142625K(3984640K), 0.0494590 secs] [Times: user=0.13 sys=0.00, real=0.05 secs] 
2013-01-22T17:00:50.814+0800: 475318.038: [Full GC (System) 475318.038: [CMS: 111854K->111818K(2097152K), 0.9657650 secs] 935652K->111818K(3984640K), [CMS Perm : 95560K->95314K(159164K)], 0.9659780 secs] [Times: user=0.96 sys=0.00, real=0.96 secs] 
2013-01-22T17:41:21.705+0800: 477748.928: [GC 477748.928: [ParNew: 1677824K->5678K(1887488K), 0.0089710 secs] 1789642K->117496K(3984640K), 0.0091560 secs] [Times: user=0.00 sys=0.00, real=0.01 secs] 
2013-01-22T18:00:51.776+0800: 478918.999: [Full GC (System) 478918.999: [CMS: 111818K->111595K(2097152K), 0.8470110 secs] 876388K->111595K(3984640K), [CMS Perm : 95319K->95283K(159164K)], 0.8472290 secs] [Times: user=0.84 sys=0.00, real=0.85 secs] 
2013-01-22T18:41:42.953+0800: 481370.176: [GC 481370.176: [ParNew: 1677824K->5832K(1887488K), 0.0053220 secs] 1789419K->117428K(3984640K), 0.0054510 secs] [Times: user=0.00 sys=0.00, real=0.00 secs] 
2013-01-22T19:00:52.616+0800: 482519.839: [Full GC (System) 482519.839: [CMS: 111595K->110909K(2097152K), 0.8368500 secs] 867473K->110909K(3984640K), [CMS Perm : 95285K->95136K(159164K)], 0.8370610 secs] [Times: user=0.83 sys=0.00, real=0.83 secs] 
2013-01-22T19:41:15.746+0800: 484942.970: [GC 484942.970: [ParNew: 1677824K->2485K(1887488K), 0.0057600 secs] 1788733K->113394K(3984640K), 0.0059170 secs] [Times: user=0.00 sys=0.00, real=0.00 secs] 
2013-01-22T20:00:53.448+0800: 486120.671: [Full GC (System) 486120.671: [CMS: 110909K->111093K(2097152K), 0.9874900 secs] 864628K->111093K(3984640K), [CMS Perm : 95231K->95182K(159164K)], 0.9877020 secs] [Times: user=0.98 sys=0.00, real=0.98 secs] 
2013-01-22T20:41:19.603+0800: 488546.826: [GC 488546.826: [ParNew: 1677824K->1120K(1887488K), 0.0092830 secs] 1788917K->112213K(3984640K), 0.0094060 secs] [Times: user=0.01 sys=0.00, real=0.01 secs] 
2013-01-22T21:00:54.432+0800: 489721.656: [Full GC (System) 489721.656: [CMS: 111093K->110776K(2097152K), 0.9303530 secs] 858934K->110776K(3984640K), [CMS Perm : 95183K->94996K(159164K)], 0.9305400 secs] [Times: user=0.92 sys=0.00, real=0.93 secs] 
2013-01-22T21:42:01.514+0800: 492188.738: [GC 492188.738: [ParNew: 1677801K->1456K(1887488K), 0.0061170 secs] 1788578K->112233K(3984640K), 0.0062830 secs] [Times: user=0.01 sys=0.00, real=0.01 secs] 
2013-01-22T22:00:55.357+0800: 493322.580: [Full GC (System) 493322.580: [CMS: 110776K->110786K(2097152K), 0.8608340 secs] 831850K->110786K(3984640K), [CMS Perm : 94997K->94996K(159164K)], 0.8610350 secs] [Times: user=0.85 sys=0.00, real=0.86 secs] 
2013-01-22T22:42:02.918+0800: 495790.141: [GC 495790.141: [ParNew: 1677824K->1637K(1887488K), 0.0041130 secs] 1788610K->112423K(3984640K), 0.0042680 secs] [Times: user=0.00 sys=0.00, real=0.00 secs] 
2013-01-22T23:00:56.211+0800: 496923.435: [Full GC (System) 496923.435: [CMS: 110786K->110595K(2097152K), 0.8422360 secs] 833825K->110595K(3984640K), [CMS Perm : 94998K->94912K(159164K)], 0.8424320 secs] [Times: user=0.85 sys=0.00, real=0.84 secs] 
2013-01-22T23:41:33.696+0800: 499360.919: [GC 499360.919: [ParNew: 1677824K->1869K(1887488K), 0.0044030 secs] 1788419K->112464K(3984640K), 0.0045830 secs] [Times: user=0.00 sys=0.00, real=0.01 secs] 
2013-01-23T00:00:57.050+0800: 500524.273: [Full GC (System) 500524.273: [CMS: 110595K->110917K(2097152K), 0.9107000 secs] 861833K->110917K(3984640K), [CMS Perm : 95000K->94997K(159164K)], 0.9109000 secs] [Times: user=0.91 sys=0.00, real=0.91 secs] 
2013-01-23T00:41:38.527+0800: 502965.750: [GC 502965.750: [ParNew: 1677824K->1968K(1887488K), 0.0093080 secs] 1788741K->112885K(3984640K), 0.0094710 secs] [Times: user=0.01 sys=0.00, real=0.01 secs] 
2013-01-23T01:00:57.956+0800: 504125.179: [Full GC (System) 504125.179: [CMS: 110917K->110825K(2097152K), 0.9012820 secs] 860116K->110825K(3984640K), [CMS Perm : 95022K->94983K(159164K)], 0.9015240 secs] [Times: user=0.90 sys=0.00, real=0.90 secs] 
2013-01-23T01:41:36.232+0800: 506563.456: [GC 506563.456: [ParNew: 1677824K->1523K(1887488K), 0.0039570 secs] 1788649K->112349K(3984640K), 0.0040930 secs] [Times: user=0.00 sys=0.00, real=0.00 secs] 
2013-01-23T02:00:58.852+0800: 507726.076: [Full GC (System) 507726.076: [CMS: 110825K->110635K(2097152K), 0.9170850 secs] 860765K->110635K(3984640K), [CMS Perm : 94985K->94913K(159164K)], 0.9172900 secs] [Times: user=0.90 sys=0.00, real=0.91 secs] 
2013-01-23T02:41:36.953+0800: 510164.176: [GC 510164.177: [ParNew: 1677824K->3585K(1887488K), 0.0109560 secs] 1788459K->114221K(3984640K), 0.0110810 secs] [Times: user=0.02 sys=0.00, real=0.01 secs] 
2013-01-23T03:00:59.763+0800: 511326.987: [Full GC (System) 511326.987: [CMS: 110635K->110926K(2097152K), 0.8815730 secs] 864308K->110926K(3984640K), [CMS Perm : 95013K->95012K(159164K)], 0.8817590 secs] [Times: user=0.88 sys=0.00, real=0.88 secs] 
2013-01-23T03:41:35.763+0800: 513762.987: [GC 513762.987: [ParNew: 1677824K->2391K(1887488K), 0.0040610 secs] 1788750K->113317K(3984640K), 0.0041890 secs] [Times: user=0.00 sys=0.00, real=0.01 secs] 
2013-01-23T04:01:00.639+0800: 514927.862: [Full GC (System) 514927.863: [CMS: 110926K->110635K(2097152K), 0.8961380 secs] 862548K->110635K(3984640K), [CMS Perm : 95014K->94914K(159164K)], 0.8963520 secs] [Times: user=0.89 sys=0.00, real=0.89 secs] 
2013-01-23T04:41:35.140+0800: 517362.364: [GC 517362.364: [ParNew: 1677824K->1019K(1887488K), 0.0098700 secs] 1788459K->111654K(3984640K), 0.0100010 secs] [Times: user=0.00 sys=0.00, real=0.01 secs] 
2013-01-23T05:01:01.529+0800: 518528.753: [Full GC (System) 518528.753: [CMS: 110635K->110606K(2097152K), 0.8731070 secs] 868354K->110606K(3984640K), [CMS Perm : 94915K->94914K(159164K)], 0.8733110 secs] [Times: user=0.88 sys=0.00, real=0.87 secs] 
2013-01-23T05:41:47.003+0800: 520974.227: [GC 520974.227: [ParNew: 1677824K->1865K(1887488K), 0.0053460 secs] 1788430K->112471K(3984640K), 0.0054760 secs] [Times: user=0.00 sys=0.00, real=0.00 secs] 
2013-01-23T06:01:02.396+0800: 522129.619: [Full GC (System) 522129.619: [CMS: 110606K->110712K(2097152K), 0.8659310 secs] 861339K->110712K(3984640K), [CMS Perm : 94916K->94915K(159164K)], 0.8661350 secs] [Times: user=0.86 sys=0.00, real=0.86 secs] 
2013-01-23T06:41:41.337+0800: 524568.560: [GC 524568.561: [ParNew: 1677824K->1459K(1887488K), 0.0085170 secs] 1788536K->112172K(3984640K), 0.0087250 secs] [Times: user=0.01 sys=0.00, real=0.01 secs] 
2013-01-23T07:01:03.256+0800: 525730.480: [Full GC (System) 525730.480: [CMS: 110712K->110634K(2097152K), 0.8861320 secs] 861390K->110634K(3984640K), [CMS Perm : 94916K->94915K(159164K)], 0.8863250 secs] [Times: user=0.88 sys=0.00, real=0.88 secs] 
2013-01-23T07:41:39.216+0800: 528166.440: [GC 528166.440: [ParNew: 1677824K->1060K(1887488K), 0.0088260 secs] 1788458K->111694K(3984640K), 0.0090470 secs] [Times: user=0.00 sys=0.00, real=0.01 secs] 
2013-01-23T08:01:04.138+0800: 529331.361: [Full GC (System) 529331.361: [CMS: 110634K->110605K(2097152K), 0.8382230 secs] 860154K->110605K(3984640K), [CMS Perm : 94916K->94915K(159164K)], 0.8384240 secs] [Times: user=0.83 sys=0.00, real=0.84 secs] 
2013-01-23T08:41:42.951+0800: 531770.175: [GC 531770.175: [ParNew: 1677824K->1924K(1887488K), 0.0050970 secs] 1788429K->112530K(3984640K), 0.0052290 secs] [Times: user=0.00 sys=0.00, real=0.01 secs] 
2013-01-23T09:01:04.973+0800: 532932.197: [Full GC (System) 532932.197: [CMS: 110605K->111089K(2097152K), 0.8777120 secs] 861114K->111089K(3984640K), [CMS Perm : 95030K->95026K(159164K)], 0.8779060 secs] [Times: user=0.88 sys=0.00, real=0.88 secs] 
2013-01-23T09:41:42.928+0800: 535370.151: [GC 535370.151: [ParNew: 1677824K->2061K(1887488K), 0.0039540 secs] 1788913K->113150K(3984640K), 0.0041170 secs] [Times: user=0.00 sys=0.00, real=0.01 secs] 
2013-01-23T10:01:05.845+0800: 536533.069: [Full GC (System) 536533.069: [CMS: 111089K->110851K(2097152K), 0.9110170 secs] 862882K->110851K(3984640K), [CMS Perm : 95051K->94972K(159164K)], 0.9154080 secs] [Times: user=0.91 sys=0.00, real=0.92 secs] 
2013-01-23T10:41:39.899+0800: 538967.123: [GC 538967.123: [ParNew: 1677824K->1489K(1887488K), 0.0046750 secs] 1788675K->112340K(3984640K), 0.0048040 secs] [Times: user=0.00 sys=0.00, real=0.00 secs] 
2013-01-23T11:01:06.750+0800: 540133.974: [Full GC (System) 540133.974: [CMS: 110851K->111053K(2097152K), 0.8773420 secs] 868637K->111053K(3984640K), [CMS Perm : 95092K->95067K(159164K)], 0.8775300 secs] [Times: user=0.87 sys=0.00, real=0.87 secs] 
2013-01-23T11:41:48.754+0800: 542575.977: [GC 542575.977: [ParNew: 1677824K->1582K(1887488K), 0.0042360 secs] 1788877K->112636K(3984640K), 0.0044280 secs] [Times: user=0.00 sys=0.00, real=0.00 secs] 
2013-01-23T11:50:57.240+0800: 543124.464: [GC [1 CMS-initial-mark: 111053K(2097152K)] 880263K(3984640K), 0.3919180 secs] [Times: user=0.39 sys=0.00, real=0.40 secs] 
2013-01-23T11:50:57.633+0800: 543124.856: [CMS-concurrent-mark-start]
2013-01-23T11:50:59.651+0800: 543126.874: [CMS-concurrent-mark: 1.684/2.018 secs] [Times: user=1.79 sys=1.10, real=2.02 secs] 
2013-01-23T11:50:59.651+0800: 543126.874: [CMS-concurrent-preclean-start]
2013-01-23T11:50:59.964+0800: 543127.188: [CMS-concurrent-preclean: 0.246/0.314 secs] [Times: user=0.37 sys=0.12, real=0.31 secs] 
2013-01-23T11:50:59.965+0800: 543127.188: [CMS-concurrent-abortable-preclean-start]
 CMS: abort preclean due to time 2013-01-23T11:51:04.986+0800: 543132.209: [CMS-concurrent-abortable-preclean: 3.343/5.021 secs] [Times: user=5.42 sys=1.33, real=5.02 secs] 
2013-01-23T11:51:04.987+0800: 543132.210: [GC[YG occupancy: 909834 K (1887488 K)]543132.210: [Rescan (parallel) , 0.4909590 secs]543132.701: [weak refs processing, 0.0009560 secs]543132.702: [class unloading, 0.0122800 secs]543132.715: [scrub symbol & string tables, 0.0119030 secs] [1 CMS-remark: 111053K(2097152K)] 1020888K(3984640K), 0.5169950 secs] [Times: user=0.68 sys=0.00, real=0.52 secs] 
2013-01-23T11:51:05.504+0800: 543132.728: [CMS-concurrent-sweep-start]
2013-01-23T11:51:06.093+0800: 543133.316: [CMS-concurrent-sweep: 0.450/0.588 secs] [Times: user=0.28 sys=0.48, real=0.58 secs] 
2013-01-23T11:51:06.093+0800: 543133.317: [CMS-concurrent-reset-start]
2013-01-23T11:51:06.108+0800: 543133.331: [CMS-concurrent-reset: 0.015/0.015 secs] [Times: user=0.04 sys=0.00, real=0.02 secs] 
2013-01-23T12:02:24.321+0800: 543811.545: [GC [1 CMS-initial-mark: 109742K(2097152K)] 1547697K(3984640K), 0.8388840 secs] [Times: user=0.83 sys=0.00, real=0.84 secs] 
2013-01-23T12:02:25.161+0800: 543812.384: [CMS-concurrent-mark-start]
2013-01-23T12:02:27.635+0800: 543814.858: [CMS-concurrent-mark: 2.037/2.474 secs] [Times: user=2.31 sys=1.14, real=2.47 secs] 
2013-01-23T12:02:27.635+0800: 543814.858: [CMS-concurrent-preclean-start]
2013-01-23T12:02:28.358+0800: 543815.582: [CMS-concurrent-preclean: 0.505/0.724 secs] [Times: user=0.70 sys=0.28, real=0.73 secs] 
2013-01-23T12:02:28.359+0800: 543815.582: [CMS-concurrent-abortable-preclean-start]
 CMS: abort preclean due to time 2013-01-23T12:10:21.866+0800: 544289.089: [CMS-concurrent-abortable-preclean: 2.120/473.507 secs] [Times: user=473.36 sys=1.24, real=473.53 secs] 
2013-01-23T12:10:21.868+0800: 544289.091: [GC[YG occupancy: 1451056 K (1887488 K)]544289.091: [Rescan (parallel) , 0.8150610 secs]544289.906: [weak refs processing, 0.0069980 secs]544289.914: [class unloading, 0.0268450 secs]544289.940: [scrub symbol & string tables, 0.0120770 secs] [1 CMS-remark: 109742K(2097152K)] 1560799K(3984640K), 0.8616790 secs] [Times: user=1.35 sys=0.00, real=0.86 secs] 
2013-01-23T12:10:22.730+0800: 544289.954: [CMS-concurrent-sweep-start]
2013-01-23T12:10:22.891+0800: 544290.114: [CMS-concurrent-sweep: 0.160/0.161 secs] [Times: user=0.22 sys=0.01, real=0.16 secs] 
2013-01-23T12:10:22.891+0800: 544290.115: [CMS-concurrent-reset-start]
2013-01-23T12:10:22.908+0800: 544290.131: [CMS-concurrent-reset: 0.017/0.017 secs] [Times: user=0.03 sys=0.00, real=0.02 secs] 
2013-01-23T12:16:21.511+0800: 544648.734: [GC 544648.734: [ParNew: 1679406K->4889K(1887488K), 0.0758930 secs] 1788262K->113745K(3984640K), 0.0761130 secs] [Times: user=0.27 sys=0.00, real=0.08 secs] 
2013-01-23T13:00:25.684+0800: 547292.908: [Full GC (System) 547292.908: [CMS: 108856K->105064K(2097152K), 1.3238210 secs] 1678344K->105064K(3984640K), [CMS Perm : 232118K->97055K(385864K)], 1.3240200 secs] [Times: user=1.32 sys=0.00, real=1.32 secs] 
2013-01-23T13:00:27.055+0800: 547294.278: [Full GC (System) 547294.279: [CMS: 105064K->101542K(2097152K), 0.8929880 secs] 121648K->101542K(3984640K), [CMS Perm : 97098K->96844K(385864K)], 0.8931460 secs]