2013-01-23T13:00:33.311+0800: 2.453: [Full GC (System) 2.453: [CMS: 0K->4353K(2097152K), 0.1467940 secs] 201339K->4353K(3984640K), [CMS Perm : 14449K->14438K(98304K)], 0.1469390 secs] [Times: user=0.12 sys=0.03, real=0.15 secs] 
2013-01-23T13:01:00.147+0800: 29.289: [GC 29.290: [ParNew: 1677824K->35900K(1887488K), 0.1020140 secs] 1682177K->40254K(3984640K), 0.1021440 secs] [Times: user=0.24 sys=0.02, real=0.10 secs] 
2013-01-23T13:01:08.337+0800: 37.480: [GC 37.480: [ParNew: 1713724K->57729K(1887488K), 0.0819840 secs] 1718078K->62082K(3984640K), 0.0821400 secs] [Times: user=0.16 sys=0.06, real=0.08 secs] 
2013-01-23T13:20:17.783+0800: 1186.926: [GC [1 CMS-initial-mark: 4353K(2097152K)] 1683861K(3984640K), 0.9611360 secs] [Times: user=0.96 sys=0.00, real=0.96 secs] 
2013-01-23T13:20:18.746+0800: 1187.888: [CMS-concurrent-mark-start]
2013-01-23T13:20:19.185+0800: 1188.328: [CMS-concurrent-mark: 0.349/0.439 secs] [Times: user=0.41 sys=0.13, real=0.44 secs] 
2013-01-23T13:20:19.185+0800: 1188.328: [CMS-concurrent-preclean-start]
2013-01-23T13:20:19.283+0800: 1188.425: [CMS-concurrent-preclean: 0.074/0.097 secs] [Times: user=0.06 sys=0.04, real=0.10 secs] 
2013-01-23T13:20:19.283+0800: 1188.425: [CMS-concurrent-abortable-preclean-start]
 CMS: abort preclean due to time 2013-01-23T13:20:24.469+0800: 1193.611: [CMS-concurrent-abortable-preclean: 4.178/5.186 secs] [Times: user=4.57 sys=0.01, real=5.18 secs] 
2013-01-23T13:20:24.470+0800: 1193.612: [GC[YG occupancy: 1685693 K (1887488 K)]1193.612: [Rescan (parallel) , 0.8911540 secs]1194.503: [weak refs processing, 0.0000390 secs]1194.504: [class unloading, 0.0096270 secs]1194.513: [scrub symbol & string tables, 0.0103980 secs] [1 CMS-remark: 4353K(2097152K)] 1690046K(3984640K), 0.9130540 secs] [Times: user=1.43 sys=0.02, real=0.92 secs] 
2013-01-23T13:20:25.383+0800: 1194.526: [CMS-concurrent-sweep-start]
2013-01-23T13:20:25.421+0800: 1194.563: [CMS-concurrent-sweep: 0.037/0.037 secs] [Times: user=0.06 sys=0.00, real=0.03 secs] 
2013-01-23T13:20:25.421+0800: 1194.564: [CMS-concurrent-reset-start]
2013-01-23T13:20:25.436+0800: 1194.579: [CMS-concurrent-reset: 0.015/0.015 secs] [Times: user=0.02 sys=0.00, real=0.02 secs] 
2013-01-23T13:21:11.196+0800: 1240.338: [GC 1240.338: [ParNew: 1735553K->120386K(1887488K), 0.1531750 secs] 1739798K->124631K(3984640K), 0.1533790 secs] [Times: user=0.46 sys=0.09, real=0.15 secs] 
2013-01-23T13:21:29.365+0800: 1258.507: [Full GC (System) 1258.507: [CMS: 4245K->89757K(2097152K), 0.8516080 secs] 213525K->89757K(3984640K), [CMS Perm : 91746K->91694K(152464K)], 0.8518520 secs] [Times: user=0.81 sys=0.08, real=0.85 secs] 
2013-01-23T13:26:48.962+0800: 1578.104: [Full GC (System) 1578.104: [CMS: 89757K->89926K(2097152K), 0.7962500 secs] 389999K->89926K(3984640K), [CMS Perm : 91831K->91748K(152828K)], 0.7964800 secs] [Times: user=0.79 sys=0.01, real=0.80 secs] 
2013-01-23T13:45:56.110+0800: 2725.252: [GC 2725.253: [ParNew: 1677824K->84203K(1887488K), 0.0381700 secs] 1767750K->174129K(3984640K), 0.0383890 secs] [Times: user=0.10 sys=0.00, real=0.04 secs] 
2013-01-23T14:26:49.752+0800: 5178.895: [Full GC (System) 5178.895: [CMS: 89926K->115153K(2097152K), 1.1660580 secs] 1851953K->115153K(3984640K), [CMS Perm : 96897K->96842K(153020K)], 1.1663550 secs]